 addon

 Timestamp is 57c01673 (Fri Aug 26 15:44:11 2016)

 Preferred load address is 0000000180000000

 Start         Length     Name                   Class
 0001:00000000 0000b13bH .text$mn                CODE
 0001:0000b140 0000023bH .text$x                 CODE
 0002:00000000 00000220H .idata$5                DATA
 0002:00000220 00000008H .CRT$XCA                DATA
 0002:00000228 00000008H .CRT$XCU                DATA
 0002:00000230 00000008H .CRT$XCZ                DATA
 0002:00000238 00000008H .CRT$XIA                DATA
 0002:00000240 00000020H .CRT$XIC                DATA
 0002:00000260 00000008H .CRT$XIZ                DATA
 0002:00000268 00000008H .CRT$XPA                DATA
 0002:00000270 00000010H .CRT$XPX                DATA
 0002:00000280 00000008H .CRT$XPXA               DATA
 0002:00000288 00000008H .CRT$XPZ                DATA
 0002:00000290 00000008H .CRT$XTA                DATA
 0002:00000298 00000008H .CRT$XTZ                DATA
 0002:000002a0 00005160H .rdata                  DATA
 0002:00005400 00000070H .rdata$debug            DATA
 0002:00005470 00000008H .rtc$IAA                DATA
 0002:00005478 00000008H .rtc$IZZ                DATA
 0002:00005480 00000008H .rtc$TAA                DATA
 0002:00005488 00000008H .rtc$TZZ                DATA
 0002:00005490 00000890H .xdata                  DATA
 0002:00005d20 00000020H .didat$2                DATA
 0002:00005d40 00000020H .didat$3                DATA
 0002:00005d60 00000078H .didat$4                DATA
 0002:00005dd8 00000368H .didat$6                DATA
 0002:00006140 00000078H .didat$7                DATA
 0002:000061c0 0000004eH .edata                  DATA
 0002:00006210 00000014H .idata$2                DATA
 0002:00006224 00000014H .idata$3                DATA
 0002:00006238 00000220H .idata$4                DATA
 0002:00006458 000004ecH .idata$6                DATA
 0003:00000000 000015e8H .data                   DATA
 0003:000015e8 00000078H .didat$5                DATA
 0003:00001660 000023d8H .bss                    DATA
 0004:00000000 00000924H .pdata                  DATA
 0005:00000000 00000058H .rsrc$01                DATA
 0005:00000060 00000180H .rsrc$02                DATA

  Address         Publics by Value              Rva+Base               Lib:Object

 0000:00000000       __guard_fids_count         0000000000000000     <absolute>
 0000:00000000       ___safe_se_handler_count   0000000000000000     <absolute>
 0000:00000000       __guard_flags              0000000000000000     <absolute>
 0000:00000000       __guard_fids_table         0000000000000000     <absolute>
 0000:00000000       ___safe_se_handler_table   0000000000000000     <absolute>
 0000:00000000       __ImageBase                0000000180000000     <linker-defined>
 0001:00000000       ?NODE_SET_METHOD@node@@YAXV?$Local@VObject@v8@@@v8@@PEBDP6AXAEBV?$FunctionCallbackInfo@VValue@v8@@@3@@Z@Z 0000000180001000 f i addon.obj
 0001:000000c0       ?Substract@@YAXAEBV?$FunctionCallbackInfo@VValue@v8@@@v8@@@Z 00000001800010c0 f   addon.obj
 0001:00000250       ?Init@@YAXV?$Local@VObject@v8@@@v8@@@Z 0000000180001250 f   addon.obj
 0001:000002bc       __imp_load_node_module_register 00000001800012bc f   node:node.exe
 0001:000002c8       __tailMerge_node_exe       00000001800012c8 f i node:node.exe
 0001:00000341       __imp_load_?NumberValue@Value@v8@@QEBANXZ 0000000180001341 f   node:node.exe
 0001:0000034d       __imp_load_?IsNumber@Value@v8@@QEBA_NXZ 000000018000134d f   node:node.exe
 0001:00000359       __imp_load_?GetFunction@FunctionTemplate@v8@@QEAA?AV?$Local@VFunction@v8@@@2@XZ 0000000180001359 f   node:node.exe
 0001:00000365       __imp_load_?New@FunctionTemplate@v8@@SA?AV?$Local@VFunctionTemplate@v8@@@2@PEAVIsolate@2@P6AXAEBV?$FunctionCallbackInfo@VValue@v8@@@2@@ZV?$Local@VValue@v8@@@2@V?$Local@VSignature@v8@@@2@H@Z 0000000180001365 f   node:node.exe
 0001:00000371       __imp_load_?TypeError@Exception@v8@@SA?AV?$Local@VValue@v8@@@2@V?$Local@VString@v8@@@2@@Z 0000000180001371 f   node:node.exe
 0001:0000037d       __imp_load_?NewFromUtf8@String@v8@@SA?AV?$Local@VString@v8@@@2@PEAVIsolate@2@PEBDW4NewStringType@12@H@Z 000000018000137d f   node:node.exe
 0001:00000389       __imp_load_??1HandleScope@v8@@QEAA@XZ 0000000180001389 f   node:node.exe
 0001:00000395       __imp_load_??0HandleScope@v8@@QEAA@PEAVIsolate@1@@Z 0000000180001395 f   node:node.exe
 0001:000003a1       __imp_load_?New@Number@v8@@SA?AV?$Local@VNumber@v8@@@2@PEAVIsolate@2@N@Z 00000001800013a1 f   node:node.exe
 0001:000003ad       __imp_load_?Set@Object@v8@@QEAA_NV?$Local@VValue@v8@@@2@0@Z 00000001800013ad f   node:node.exe
 0001:000003b9       __imp_load_?SetName@Function@v8@@QEAAXV?$Local@VString@v8@@@2@@Z 00000001800013b9 f   node:node.exe
 0001:000003c5       __imp_load_?ThrowException@Isolate@v8@@QEAA?AV?$Local@VValue@v8@@@2@V32@@Z 00000001800013c5 f   node:node.exe
 0001:000003d1       __imp_load_?GetCurrent@Isolate@v8@@SAPEAV12@XZ 00000001800013d1 f   node:node.exe
 0001:000003f0       __security_check_cookie    00000001800013f0 f   LIBCMT:amdsecgs.obj
 0001:00000410       ??0_LocaleUpdate@@QEAA@PEAUlocaleinfo_struct@@@Z 0000000180001410 f i LIBCMT:stricmp.obj
 0001:000004b8       __ascii_stricmp            00000001800014b8 f   LIBCMT:stricmp.obj
 0001:000004f4       _stricmp                   00000001800014f4 f   LIBCMT:stricmp.obj
 0001:0000053c       _stricmp_l                 000000018000153c f   LIBCMT:stricmp.obj
 0001:000005f0       _CRT_INIT                  00000001800015f0 f   LIBCMT:dllcrt0.obj
 0001:00000750       _DllMainCRTStartup         0000000180001750 f   LIBCMT:dllcrt0.obj
 0001:000008b0       __raise_securityfailure    00000001800018b0 f   LIBCMT:gs_report.obj
 0001:000008fc       __report_gsfailure         00000001800018fc f   LIBCMT:gs_report.obj
 0001:000009d0       _call_reportfault          00000001800019d0 f   LIBCMT:invarg.obj
 0001:00000ac4       _initp_misc_invarg         0000000180001ac4 f   LIBCMT:invarg.obj
 0001:00000acc       _invalid_parameter         0000000180001acc f   LIBCMT:invarg.obj
 0001:00000b34       _invalid_parameter_noinfo  0000000180001b34 f   LIBCMT:invarg.obj
 0001:00000b54       _invoke_watson             0000000180001b54 f   LIBCMT:invarg.obj
 0001:00000b90       __addlocaleref             0000000180001b90 f   LIBCMT:localref.obj
 0001:00000c1c       __freetlocinfo             0000000180001c1c f   LIBCMT:localref.obj
 0001:00000db4       __removelocaleref          0000000180001db4 f   LIBCMT:localref.obj
 0001:00000e58       __updatetlocinfo           0000000180001e58 f   LIBCMT:localref.obj
 0001:00000ed0       _updatetlocinfoEx_nolock   0000000180001ed0 f   LIBCMT:localref.obj
 0001:00000f34       __initmbctable             0000000180001f34 f   LIBCMT:mbctype.obj
 0001:00001250       __updatetmbcinfo           0000000180002250 f   LIBCMT:mbctype.obj
 0001:0000130c       _setmbcp                   000000018000230c f   LIBCMT:mbctype.obj
 0001:00001550       _setmbcp_nolock            0000000180002550 f   LIBCMT:mbctype.obj
 0001:00001800       _tolower_l                 0000000180002800 f   LIBCMT:tolower.obj
 0001:00001954       tolower                    0000000180002954 f   LIBCMT:tolower.obj
 0001:00001974       _freefls                   0000000180002974 f   LIBCMT:tidtable.obj
 0001:00001aa8       _freeptd                   0000000180002aa8 f   LIBCMT:tidtable.obj
 0001:00001ae4       _getptd                    0000000180002ae4 f   LIBCMT:tidtable.obj
 0001:00001b08       _getptd_noexit             0000000180002b08 f   LIBCMT:tidtable.obj
 0001:00001b8c       _initptd                   0000000180002b8c f   LIBCMT:tidtable.obj
 0001:00001c50       _mtinit                    0000000180002c50 f   LIBCMT:tidtable.obj
 0001:00001cd0       _mtterm                    0000000180002cd0 f   LIBCMT:tidtable.obj
 0001:00001cf4       __doserrno                 0000000180002cf4 f   LIBCMT:dosmap.obj
 0001:00001d14       _dosmaperr                 0000000180002d14 f   LIBCMT:dosmap.obj
 0001:00001d64       _errno                     0000000180002d64 f   LIBCMT:dosmap.obj
 0001:00001d84       _get_errno_from_oserr      0000000180002d84 f   LIBCMT:dosmap.obj
 0001:00001dd4       _locterm                   0000000180002dd4 f   LIBCMT:wsetloca.obj
 0001:00001e1c       _XcptFilter                0000000180002e1c f   LIBCMT:winxfltr.obj
 0001:00001fe8       __CppXcptFilter            0000000180002fe8 f   LIBCMT:winxfltr.obj
 0001:00001ffc       __crtCorExitProcess        0000000180002ffc f   LIBCMT:crt0dat.obj
 0001:00002040       __crtExitProcess           0000000180003040 f   LIBCMT:crt0dat.obj
 0001:00002058       __freeCrtMemory            0000000180003058 f   LIBCMT:crt0dat.obj
 0001:000021a0       _amsg_exit                 00000001800031a0 f   LIBCMT:crt0dat.obj
 0001:000021c8       _cexit                     00000001800031c8 f   LIBCMT:crt0dat.obj
 0001:000021d8       _cinit                     00000001800031d8 f   LIBCMT:crt0dat.obj
 0001:00002270       _exit                      0000000180003270 f   LIBCMT:crt0dat.obj
 0001:0000227c       _init_pointers             000000018000327c f   LIBCMT:crt0dat.obj
 0001:00002328       _initterm_e                0000000180003328 f   LIBCMT:crt0dat.obj
 0001:00002364       _lockexit                  0000000180003364 f   LIBCMT:crt0dat.obj
 0001:00002370       _unlockexit                0000000180003370 f   LIBCMT:crt0dat.obj
 0001:00002514       _heap_init                 0000000180003514 f   LIBCMT:heapinit.obj
 0001:00002534       _heap_term                 0000000180003534 f   LIBCMT:heapinit.obj
 0001:00002540       _ioinit                    0000000180003540 f   LIBCMT:ioinit.obj
 0001:00002870       _ioterm                    0000000180003870 f   LIBCMT:ioinit.obj
 0001:000028e4       _setargv                   00000001800038e4 f   LIBCMT:stdargv.obj
 0001:00002ba0       _setenvp                   0000000180003ba0 f   LIBCMT:stdenvp.obj
 0001:00002cd4       free                       0000000180003cd4 f   LIBCMT:free.obj
 0001:00002d14       __security_init_cookie     0000000180003d14 f   LIBCMT:gs_support.obj
 0001:00002dc0       DllMain                    0000000180003dc0 f   LIBCMT:dllmain.obj
 0001:00002dc8       __crtGetEnvironmentStringsA 0000000180003dc8 f   LIBCMT:a_env.obj
 0001:00002ebc       __crtCaptureCurrentContext 0000000180003ebc f   LIBCMT:winapisupp.obj
 0001:00002f2c       __crtCapturePreviousContext 0000000180003f2c f   LIBCMT:winapisupp.obj
 0001:00002fa0       __crtFlsAlloc              0000000180003fa0 f   LIBCMT:winapisupp.obj
 0001:00002fbc       __crtFlsFree               0000000180003fbc f   LIBCMT:winapisupp.obj
 0001:00002fd8       __crtFlsGetValue           0000000180003fd8 f   LIBCMT:winapisupp.obj
 0001:00002ff4       __crtFlsSetValue           0000000180003ff4 f   LIBCMT:winapisupp.obj
 0001:00003010       __crtInitializeCriticalSectionEx 0000000180004010 f   LIBCMT:winapisupp.obj
 0001:0000303c       __crtIsPackagedApp         000000018000403c f   LIBCMT:winapisupp.obj
 0001:00003088       __crtLoadWinApiPointers    0000000180004088 f   LIBCMT:winapisupp.obj
 0001:00003484       __crtSleep                 0000000180004484 f   LIBCMT:winapisupp.obj
 0001:0000348c       __crtTerminateProcess      000000018000448c f   LIBCMT:winapisupp.obj
 0001:000034ac       __crtUnhandledException    00000001800044ac f   LIBCMT:winapisupp.obj
 0001:000034cc       _calloc_crt                00000001800044cc f   LIBCMT:crtheap.obj
 0001:0000354c       _malloc_crt                000000018000454c f   LIBCMT:crtheap.obj
 0001:000035c8       _realloc_crt               00000001800045c8 f   LIBCMT:crtheap.obj
 0001:0000364c       _RTC_Initialize            000000018000464c f   LIBCMT:initsect.obj
 0001:00003684       _RTC_Terminate             0000000180004684 f   LIBCMT:initsect.obj
 0001:000036bc       __C_specific_handler       00000001800046bc f   LIBCMT:chandler.obj
 0001:000038a0       __crt_debugger_hook        00000001800048a0 f   LIBCMT:dbghook.obj
 0001:000038a8       __GSHandlerCheck           00000001800048a8 f   LIBCMT:gshandler.obj
 0001:000038c8       __GSHandlerCheckCommon     00000001800048c8 f   LIBCMT:gshandler.obj
 0001:00003940       memset                     0000000180004940 f   LIBCMT:memset.obj
 0001:00003b6c       _lock                      0000000180004b6c f   LIBCMT:mlock.obj
 0001:00003bb0       _mtdeletelocks             0000000180004bb0 f   LIBCMT:mlock.obj
 0001:00003c38       _mtinitlocknum             0000000180004c38 f   LIBCMT:mlock.obj
 0001:00003cf8       _mtinitlocks               0000000180004cf8 f   LIBCMT:mlock.obj
 0001:00003d5c       _unlock                    0000000180004d5c f   LIBCMT:mlock.obj
 0001:00003d74       __free_lconv_mon           0000000180004d74 f   LIBCMT:initmon.obj
 0001:00003e80       __free_lconv_num           0000000180004e80 f   LIBCMT:initnum.obj
 0001:00003eec       __free_lc_time             0000000180004eec f   LIBCMT:inittime.obj
 0001:000045d4       __crtLCMapStringA          00000001800055d4 f   LIBCMT:a_map.obj
 0001:000047e4       __crtGetStringTypeA        00000001800057e4 f   LIBCMT:a_str.obj
 0001:00004860       _isctype_l                 0000000180005860 f   LIBCMT:isctype.obj
 0001:0000493c       _isleadbyte_l              000000018000593c f i LIBCMT:_wctype.obj
 0001:00004980       isleadbyte                 0000000180005980 f i LIBCMT:_wctype.obj
 0001:000049e0       memcmp                     00000001800059e0 f   LIBCMT:memcmp.obj
 0001:00004ac0       memcpy                     0000000180005ac0 f   LIBCMT:memcpy.obj
 0001:00004ac0       memmove                    0000000180005ac0 f   LIBCMT:memcpy.obj
 0001:00005028       wcscat_s                   0000000180006028 f   LIBCMT:wcscat_s.obj
 0001:000050b0       wcscpy_s                   00000001800060b0 f   LIBCMT:wcscpy_s.obj
 0001:0000511c       wcslen                     000000018000611c f   LIBCMT:wcslen.obj
 0001:00005138       wcsncpy_s                  0000000180006138 f   LIBCMT:wcsncpy_s.obj
 0001:00005204       GetTableIndexFromLocaleName 0000000180006204 f   LIBCMT:winapinls.obj
 0001:00005290       __crtDownlevelLocaleNameToLCID 0000000180006290 f   LIBCMT:winapinls.obj
 0001:000052c4       __crtLCMapStringEx         00000001800062c4 f   LIBCMT:winapinls.obj
 0001:00005354       __wcsnicmp_ascii           0000000180006354 f   LIBCMT:winapinls.obj
 0001:000053ac       _FF_MSGBANNER              00000001800063ac f   LIBCMT:crt0msg.obj
 0001:000053f0       _GET_RTERRMSG              00000001800063f0 f   LIBCMT:crt0msg.obj
 0001:00005420       _NMSG_WRITE                0000000180006420 f   LIBCMT:crt0msg.obj
 0001:00005690       _FindPESection             0000000180006690 f   LIBCMT:pesect.obj
 0001:000056e0       _IsNonwritableInCurrentImage 00000001800066e0 f   LIBCMT:pesect.obj
 0001:00005730       _ValidateImageBase         0000000180006730 f   LIBCMT:pesect.obj
 0001:00005760       __onexitinit               0000000180006760 f   LIBCMT:onexit.obj
 0001:000057a4       _onexit                    00000001800067a4 f   LIBCMT:onexit.obj
 0001:000058b0       atexit                     00000001800068b0 f   LIBCMT:onexit.obj
 0001:000058c8       _initp_misc_cfltcvt_tab    00000001800068c8 f   LIBCMT:cmiscdat.obj
 0001:00005904       ?terminate@@YAXXZ          0000000180006904 f   LIBCMT:hooks.obj
 0001:00005924       _initp_eh_hooks            0000000180006924 f   LIBCMT:hooks.obj
 0001:00005944       _callnewh                  0000000180006944 f   LIBCMT:handler.obj
 0001:00005978       _initp_heap_handler        0000000180006978 f   LIBCMT:handler.obj
 0001:00005980       _initp_misc_purevirt       0000000180006980 f   LIBCMT:inithelp.obj
 0001:00005988       __get_sigabrt              0000000180006988 f   LIBCMT:winsig.obj
 0001:00005998       _initp_misc_winsig         0000000180006998 f   LIBCMT:winsig.obj
 0001:000059b8       raise                      00000001800069b8 f   LIBCMT:winsig.obj
 0001:00005bec       _initp_misc_rand_s         0000000180006bec f   LIBCMT:rand_s.obj
 0001:00005c10       _local_unwind              0000000180006c10 f   LIBCMT:jmpuwind.obj
 0001:00005c40       _NLG_Notify                0000000180006c40 f   LIBCMT:jmpuwind.obj
 0001:00005c60       __NLG_Dispatch2            0000000180006c60 f   LIBCMT:jmpuwind.obj
 0001:00005c70       __NLG_Return2              0000000180006c70 f   LIBCMT:jmpuwind.obj
 0001:00005c74       __initstdio                0000000180006c74 f   LIBCMT:_file.obj
 0001:00005d0c       __endstdio                 0000000180006d0c f   LIBCMT:_file.obj
 0001:00005d3c       _lock_file                 0000000180006d3c f   LIBCMT:_file.obj
 0001:00005da4       _lock_file2                0000000180006da4 f   LIBCMT:_file.obj
 0001:00005dd8       _unlock_file               0000000180006dd8 f   LIBCMT:_file.obj
 0001:00005e28       _unlock_file2              0000000180006e28 f   LIBCMT:_file.obj
 0001:00005ec4       _ismbblead                 0000000180006ec4 f   LIBCMT:ismbbyte.obj
 0001:00005ed8       strcpy_s                   0000000180006ed8 f   LIBCMT:strcpy_s.obj
 0001:00005f50       strlen                     0000000180006f50 f   LIBCMT:strlen.obj
 0001:00005ff8       malloc                     0000000180006ff8 f   LIBCMT:malloc.obj
 0001:000060b0       realloc                    00000001800070b0 f   LIBCMT:realloc.obj
 0001:00006184       _calloc_impl               0000000180007184 f   LIBCMT:calloc_impl.obj
 0001:00006220       __isa_available_init       0000000180007220 f   LIBCMT:cpu_disp.obj
 0001:000063e0       __chkstk                   00000001800073e0 f   LIBCMT:chkstk.obj
 0001:000063e0       _alloca_probe              00000001800073e0 f   LIBCMT:chkstk.obj
 0001:00006430       _set_error_mode            0000000180007430 f   LIBCMT:errmode.obj
 0001:00006470       __crtMessageBoxW           0000000180007470 f   LIBCMT:crtmboxw.obj
 0001:000066e4       _msize                     00000001800076e4 f   LIBCMT:msize.obj
 0001:00006720       _fptrap                    0000000180007720 f   LIBCMT:crt0fp.obj
 0001:0000672c       abort                      000000018000772c f   LIBCMT:abort.obj
 0001:00006784       _fileno                    0000000180007784 f   LIBCMT:fileno.obj
 0001:000067ac       _isatty                    00000001800077ac f   LIBCMT:isatty.obj
 0001:0000680c       _fflush_nolock             000000018000780c f   LIBCMT:fflush.obj
 0001:00006858       _flush                     0000000180007858 f   LIBCMT:fflush.obj
 0001:000068d4       _flushall                  00000001800078d4 f   LIBCMT:fflush.obj
 0001:000069c8       _fcloseall                 00000001800079c8 f   LIBCMT:closeall.obj
 0001:00006a70       _commit                    0000000180007a70 f   LIBCMT:commit.obj
 0001:00006b48       _write                     0000000180007b48 f   LIBCMT:write.obj
 0001:00006c2c       _write_nolock              0000000180007c2c f   LIBCMT:write.obj
 0001:00007420       _fclose_nolock             0000000180008420 f   LIBCMT:fclose.obj
 0001:0000749c       fclose                     000000018000849c f   LIBCMT:fclose.obj
 0001:00007504       __crt_atoflt_l             0000000180008504 f   LIBCMT:atodbl.obj
 0001:000075d4       _atodbl_l                  00000001800085d4 f   LIBCMT:atodbl.obj
 0001:0000769c       _atoflt_l                  000000018000869c f   LIBCMT:atodbl.obj
 0001:000076a4       _fpmath                    00000001800086a4 f   LIBCMT:fpinit.obj
 0001:000076ac       _cfltcvt_init              00000001800086ac f   LIBCMT:fpinit.obj
 0001:00007734       __lock_fhandle             0000000180008734 f   LIBCMT:osfinfo.obj
 0001:000077cc       _free_osfhnd               00000001800087cc f   LIBCMT:osfinfo.obj
 0001:00007878       _get_osfhandle             0000000180008878 f   LIBCMT:osfinfo.obj
 0001:000078ec       _unlock_fhandle            00000001800088ec f   LIBCMT:osfinfo.obj
 0001:00007918       _lseeki64_nolock           0000000180008918 f   LIBCMT:lseeki64.obj
 0001:000079ac       _mbtowc_l                  00000001800089ac f   LIBCMT:mbtowc.obj
 0001:00007b00       mbtowc                     0000000180008b00 f   LIBCMT:mbtowc.obj
 0001:00007b08       _putwch_nolock             0000000180008b08 f   LIBCMT:putwch.obj
 0001:00007b64       _close                     0000000180008b64 f   LIBCMT:close.obj
 0001:00007c28       _close_nolock              0000000180008c28 f   LIBCMT:close.obj
 0001:00007ce4       _freebuf                   0000000180008ce4 f   LIBCMT:_freebuf.obj
 0001:00007d20       _ld12tod                   0000000180008d20 f   LIBCMT:intrncvt.obj
 0001:000082d8       _ld12tof                   00000001800092d8 f   LIBCMT:intrncvt.obj
 0001:00008890       __strgtold12_l             0000000180009890 f   LIBCMT:strgtold.obj
 0001:000090f4       _cfltcvt                   000000018000a0f4 f   LIBCMT:cvt.obj
 0001:00009118       _cfltcvt_l                 000000018000a118 f   LIBCMT:cvt.obj
 0001:00009198       _cftoa_l                   000000018000a198 f   LIBCMT:cvt.obj
 0001:00009744       _cftoe_l                   000000018000a744 f   LIBCMT:cvt.obj
 0001:000099a0       _cftof_l                   000000018000a9a0 f   LIBCMT:cvt.obj
 0001:00009a74       _cftog_l                   000000018000aa74 f   LIBCMT:cvt.obj
 0001:00009ba8       _cropzeros                 000000018000aba8 f   LIBCMT:cvt.obj
 0001:00009bb0       _cropzeros_l               000000018000abb0 f   LIBCMT:cvt.obj
 0001:00009c48       _fassign                   000000018000ac48 f   LIBCMT:cvt.obj
 0001:00009c50       _fassign_l                 000000018000ac50 f   LIBCMT:cvt.obj
 0001:00009c90       _forcdecpt                 000000018000ac90 f   LIBCMT:cvt.obj
 0001:00009c98       _forcdecpt_l               000000018000ac98 f   LIBCMT:cvt.obj
 0001:00009d18       _positive                  000000018000ad18 f   LIBCMT:cvt.obj
 0001:00009d2c       __termconout               000000018000ad2c f   LIBCMT:initcon.obj
 0001:00009d4c       __initconout               000000018000ad4c f   LIBCMT:initcon.obj
 0001:00009d88       __mtold12                  000000018000ad88 f   LIBCMT:mantold.obj
 0001:00009fac       isdigit                    000000018000afac f i LIBCMT:_ctype.obj
 0001:0000a028       strrchr                    000000018000b028 f   LIBCMT:strrchr.obj
 0001:0000a16c       _fptostr                   000000018000b16c f   LIBCMT:_fptostr.obj
 0001:0000a238       __dtold                    000000018000b238 f   LIBCMT:cfout.obj
 0001:0000a308       _fltout2                   000000018000b308 f   LIBCMT:cfout.obj
 0001:0000a3c0       $I10_OUTPUT                000000018000b3c0 f   LIBCMT:x10fout.obj
 0001:0000ae98       IsProcessorFeaturePresent  000000018000be98 f   kernel32:KERNEL32.dll
 0001:0000ae9e       RtlUnwindEx                000000018000be9e f   kernel32:KERNEL32.dll
 0001:0000aea4       __delayLoadHelper2         000000018000bea4 f   DelayImp:delayhlp.obj
 0002:00000000       __imp_GetModuleHandleA     000000018000d000     kernel32:KERNEL32.dll
 0002:00000008       __imp_GetCommandLineA      000000018000d008     kernel32:KERNEL32.dll
 0002:00000010       __imp_GetCurrentThreadId   000000018000d010     kernel32:KERNEL32.dll
 0002:00000018       __imp_IsDebuggerPresent    000000018000d018     kernel32:KERNEL32.dll
 0002:00000020       __imp_IsProcessorFeaturePresent 000000018000d020     kernel32:KERNEL32.dll
 0002:00000028       __imp_EncodePointer        000000018000d028     kernel32:KERNEL32.dll
 0002:00000030       __imp_DecodePointer        000000018000d030     kernel32:KERNEL32.dll
 0002:00000038       __imp_IsValidCodePage      000000018000d038     kernel32:KERNEL32.dll
 0002:00000040       __imp_GetACP               000000018000d040     kernel32:KERNEL32.dll
 0002:00000048       __imp_GetOEMCP             000000018000d048     kernel32:KERNEL32.dll
 0002:00000050       __imp_GetCPInfo            000000018000d050     kernel32:KERNEL32.dll
 0002:00000058       __imp_GetLastError         000000018000d058     kernel32:KERNEL32.dll
 0002:00000060       __imp_SetLastError         000000018000d060     kernel32:KERNEL32.dll
 0002:00000068       __imp_MultiByteToWideChar  000000018000d068     kernel32:KERNEL32.dll
 0002:00000070       __imp_ExitProcess          000000018000d070     kernel32:KERNEL32.dll
 0002:00000078       __imp_GetModuleHandleExW   000000018000d078     kernel32:KERNEL32.dll
 0002:00000080       __imp_GetProcAddress       000000018000d080     kernel32:KERNEL32.dll
 0002:00000088       __imp_WideCharToMultiByte  000000018000d088     kernel32:KERNEL32.dll
 0002:00000090       __imp_GetProcessHeap       000000018000d090     kernel32:KERNEL32.dll
 0002:00000098       __imp_GetStdHandle         000000018000d098     kernel32:KERNEL32.dll
 0002:000000a0       __imp_GetFileType          000000018000d0a0     kernel32:KERNEL32.dll
 0002:000000a8       __imp_DeleteCriticalSection 000000018000d0a8     kernel32:KERNEL32.dll
 0002:000000b0       __imp_GetStartupInfoW      000000018000d0b0     kernel32:KERNEL32.dll
 0002:000000b8       __imp_GetModuleFileNameA   000000018000d0b8     kernel32:KERNEL32.dll
 0002:000000c0       __imp_HeapFree             000000018000d0c0     kernel32:KERNEL32.dll
 0002:000000c8       __imp_QueryPerformanceCounter 000000018000d0c8     kernel32:KERNEL32.dll
 0002:000000d0       __imp_GetCurrentProcessId  000000018000d0d0     kernel32:KERNEL32.dll
 0002:000000d8       __imp_GetSystemTimeAsFileTime 000000018000d0d8     kernel32:KERNEL32.dll
 0002:000000e0       __imp_GetEnvironmentStringsW 000000018000d0e0     kernel32:KERNEL32.dll
 0002:000000e8       __imp_FreeEnvironmentStringsW 000000018000d0e8     kernel32:KERNEL32.dll
 0002:000000f0       __imp_RtlCaptureContext    000000018000d0f0     kernel32:KERNEL32.dll
 0002:000000f8       __imp_RtlLookupFunctionEntry 000000018000d0f8     kernel32:KERNEL32.dll
 0002:00000100       __imp_RtlVirtualUnwind     000000018000d100     kernel32:KERNEL32.dll
 0002:00000108       __imp_UnhandledExceptionFilter 000000018000d108     kernel32:KERNEL32.dll
 0002:00000110       __imp_SetUnhandledExceptionFilter 000000018000d110     kernel32:KERNEL32.dll
 0002:00000118       __imp_InitializeCriticalSectionAndSpinCount 000000018000d118     kernel32:KERNEL32.dll
 0002:00000120       __imp_Sleep                000000018000d120     kernel32:KERNEL32.dll
 0002:00000128       __imp_GetCurrentProcess    000000018000d128     kernel32:KERNEL32.dll
 0002:00000130       __imp_TerminateProcess     000000018000d130     kernel32:KERNEL32.dll
 0002:00000138       __imp_TlsAlloc             000000018000d138     kernel32:KERNEL32.dll
 0002:00000140       __imp_TlsGetValue          000000018000d140     kernel32:KERNEL32.dll
 0002:00000148       __imp_TlsSetValue          000000018000d148     kernel32:KERNEL32.dll
 0002:00000150       __imp_TlsFree              000000018000d150     kernel32:KERNEL32.dll
 0002:00000158       __imp_GetModuleHandleW     000000018000d158     kernel32:KERNEL32.dll
 0002:00000160       __imp_RtlUnwindEx          000000018000d160     kernel32:KERNEL32.dll
 0002:00000168       __imp_EnterCriticalSection 000000018000d168     kernel32:KERNEL32.dll
 0002:00000170       __imp_LeaveCriticalSection 000000018000d170     kernel32:KERNEL32.dll
 0002:00000178       __imp_GetStringTypeW       000000018000d178     kernel32:KERNEL32.dll
 0002:00000180       __imp_LCMapStringW         000000018000d180     kernel32:KERNEL32.dll
 0002:00000188       __imp_WriteFile            000000018000d188     kernel32:KERNEL32.dll
 0002:00000190       __imp_GetModuleFileNameW   000000018000d190     kernel32:KERNEL32.dll
 0002:00000198       __imp_FreeLibrary          000000018000d198     kernel32:KERNEL32.dll
 0002:000001a0       __imp_LoadLibraryExW       000000018000d1a0     kernel32:KERNEL32.dll
 0002:000001a8       __imp_HeapAlloc            000000018000d1a8     kernel32:KERNEL32.dll
 0002:000001b0       __imp_HeapReAlloc          000000018000d1b0     kernel32:KERNEL32.dll
 0002:000001b8       __imp_OutputDebugStringW   000000018000d1b8     kernel32:KERNEL32.dll
 0002:000001c0       __imp_HeapSize             000000018000d1c0     kernel32:KERNEL32.dll
 0002:000001c8       __imp_FlushFileBuffers     000000018000d1c8     kernel32:KERNEL32.dll
 0002:000001d0       __imp_GetConsoleCP         000000018000d1d0     kernel32:KERNEL32.dll
 0002:000001d8       __imp_GetConsoleMode       000000018000d1d8     kernel32:KERNEL32.dll
 0002:000001e0       __imp_SetStdHandle         000000018000d1e0     kernel32:KERNEL32.dll
 0002:000001e8       __imp_SetFilePointerEx     000000018000d1e8     kernel32:KERNEL32.dll
 0002:000001f0       __imp_WriteConsoleW        000000018000d1f0     kernel32:KERNEL32.dll
 0002:000001f8       __imp_CloseHandle          000000018000d1f8     kernel32:KERNEL32.dll
 0002:00000200       __imp_CreateFileW          000000018000d200     kernel32:KERNEL32.dll
 0002:00000208       __imp_RaiseException       000000018000d208     kernel32:KERNEL32.dll
 0002:00000210       __imp_LoadLibraryExA       000000018000d210     kernel32:KERNEL32.dll
 0002:00000218       \177KERNEL32_NULL_THUNK_DATA 000000018000d218     kernel32:KERNEL32.dll
 0002:00000220       __xc_a                     000000018000d220     LIBCMT:crt0init.obj
 0002:00000228       _register_addon_           000000018000d228     addon.obj
 0002:00000230       __xc_z                     000000018000d230     LIBCMT:crt0init.obj
 0002:00000238       __xi_a                     000000018000d238     LIBCMT:crt0init.obj
 0002:00000260       __xi_z                     000000018000d260     LIBCMT:crt0init.obj
 0002:00000268       __xp_a                     000000018000d268     LIBCMT:crt0init.obj
 0002:00000288       __xp_z                     000000018000d288     LIBCMT:crt0init.obj
 0002:00000290       __xt_a                     000000018000d290     LIBCMT:crt0init.obj
 0002:00000298       __xt_z                     000000018000d298     LIBCMT:crt0init.obj
 0002:000002e0       __sz_node_exe              000000018000d2e0     node:node.exe
 0002:000002f0       _pRawDllMain               000000018000d2f0     LIBCMT:dllcrt0.obj
 0002:000002f0       _pDefaultRawDllMain        000000018000d2f0     LIBCMT:dllcrt0.obj
 0002:00000328       ??_C@_1M@HPNHIDJI@?$AAj?$AAa?$AA?9?$AAJ?$AAP?$AA?$AA@ 000000018000d328     LIBCMT:mbctype.obj
 0002:00000338       ??_C@_1M@BIBDDEMK@?$AAz?$AAh?$AA?9?$AAC?$AAN?$AA?$AA@ 000000018000d338     LIBCMT:mbctype.obj
 0002:00000348       ??_C@_1M@JLOOOEGK@?$AAk?$AAo?$AA?9?$AAK?$AAR?$AA?$AA@ 000000018000d348     LIBCMT:mbctype.obj
 0002:00000358       ??_C@_1M@CLNBBOPM@?$AAz?$AAh?$AA?9?$AAT?$AAW?$AA?$AA@ 000000018000d358     LIBCMT:mbctype.obj
 0002:00000364       ??_C@_03KOEHGMDN@Sun?$AA@  000000018000d364     LIBCMT:nlsdata.obj
 0002:00000368       ??_C@_03PDAGKDH@Mon?$AA@   000000018000d368     LIBCMT:nlsdata.obj
 0002:0000036c       ??_C@_03NAGEINEP@Tue?$AA@  000000018000d36c     LIBCMT:nlsdata.obj
 0002:00000370       ??_C@_03MHOMLAJA@Wed?$AA@  000000018000d370     LIBCMT:nlsdata.obj
 0002:00000374       ??_C@_03IOFIKPDN@Thu?$AA@  000000018000d374     LIBCMT:nlsdata.obj
 0002:00000378       ??_C@_03IDIOELNC@Fri?$AA@  000000018000d378     LIBCMT:nlsdata.obj
 0002:0000037c       ??_C@_03FEFJNEK@Sat?$AA@   000000018000d37c     LIBCMT:nlsdata.obj
 0002:00000380       ??_C@_06OOPIFAJ@Sunday?$AA@ 000000018000d380     LIBCMT:nlsdata.obj
 0002:00000388       ??_C@_06JLEDEDGH@Monday?$AA@ 000000018000d388     LIBCMT:nlsdata.obj
 0002:00000390       ??_C@_07BAAGCFCM@Tuesday?$AA@ 000000018000d390     LIBCMT:nlsdata.obj
 0002:00000398       ??_C@_09DLIGFAKA@Wednesday?$AA@ 000000018000d398     LIBCMT:nlsdata.obj
 0002:000003a8       ??_C@_08HACCIKIA@Thursday?$AA@ 000000018000d3a8     LIBCMT:nlsdata.obj
 0002:000003b4       ??_C@_06JECMNKMI@Friday?$AA@ 000000018000d3b4     LIBCMT:nlsdata.obj
 0002:000003c0       ??_C@_08INBOOONO@Saturday?$AA@ 000000018000d3c0     LIBCMT:nlsdata.obj
 0002:000003cc       ??_C@_03JIHJHPIE@Jan?$AA@  000000018000d3cc     LIBCMT:nlsdata.obj
 0002:000003d0       ??_C@_03HJBDCHOM@Feb?$AA@  000000018000d3d0     LIBCMT:nlsdata.obj
 0002:000003d4       ??_C@_03ODNJBKGA@Mar?$AA@  000000018000d3d4     LIBCMT:nlsdata.obj
 0002:000003d8       ??_C@_03LEOLGMJP@Apr?$AA@  000000018000d3d8     LIBCMT:nlsdata.obj
 0002:000003dc       ??_C@_03CNMDKL@May?$AA@    000000018000d3dc     LIBCMT:nlsdata.obj
 0002:000003e0       ??_C@_03IDFGHECI@Jun?$AA@  000000018000d3e0     LIBCMT:nlsdata.obj
 0002:000003e4       ??_C@_03LBGABGKK@Jul?$AA@  000000018000d3e4     LIBCMT:nlsdata.obj
 0002:000003e8       ??_C@_03IFJFEIGA@Aug?$AA@  000000018000d3e8     LIBCMT:nlsdata.obj
 0002:000003ec       ??_C@_03GGCAPAJC@Sep?$AA@  000000018000d3ec     LIBCMT:nlsdata.obj
 0002:000003f0       ??_C@_03BMAOKBAD@Oct?$AA@  000000018000d3f0     LIBCMT:nlsdata.obj
 0002:000003f4       ??_C@_03JPJOFNIA@Nov?$AA@  000000018000d3f4     LIBCMT:nlsdata.obj
 0002:000003f8       ??_C@_03MKABNOCG@Dec?$AA@  000000018000d3f8     LIBCMT:nlsdata.obj
 0002:00000400       ??_C@_07CGJPFGJA@January?$AA@ 000000018000d400     LIBCMT:nlsdata.obj
 0002:00000408       ??_C@_08GNJGEPFN@February?$AA@ 000000018000d408     LIBCMT:nlsdata.obj
 0002:00000414       ??_C@_05HPCKOFNC@March?$AA@ 000000018000d414     LIBCMT:nlsdata.obj
 0002:0000041c       ??_C@_05DMJDNLEJ@April?$AA@ 000000018000d41c     LIBCMT:nlsdata.obj
 0002:00000424       ??_C@_04CNLMGBGM@June?$AA@ 000000018000d424     LIBCMT:nlsdata.obj
 0002:0000042c       ??_C@_04MIEPOIFP@July?$AA@ 000000018000d42c     LIBCMT:nlsdata.obj
 0002:00000434       ??_C@_06LBBHFDDG@August?$AA@ 000000018000d434     LIBCMT:nlsdata.obj
 0002:00000440       ??_C@_09BHHEALKD@September?$AA@ 000000018000d440     LIBCMT:nlsdata.obj
 0002:00000450       ??_C@_07JJNFCEND@October?$AA@ 000000018000d450     LIBCMT:nlsdata.obj
 0002:00000458       ??_C@_08HCHEGEOA@November?$AA@ 000000018000d458     LIBCMT:nlsdata.obj
 0002:00000468       ??_C@_08EDHMEBNP@December?$AA@ 000000018000d468     LIBCMT:nlsdata.obj
 0002:00000474       ??_C@_02DEDBPAFC@AM?$AA@   000000018000d474     LIBCMT:nlsdata.obj
 0002:00000478       ??_C@_02CJNFDJBF@PM?$AA@   000000018000d478     LIBCMT:nlsdata.obj
 0002:00000480       ??_C@_08BPBNCDIB@MM?1dd?1yy?$AA@ 000000018000d480     LIBCMT:nlsdata.obj
 0002:00000490       ??_C@_0BE@CKGJFCPC@dddd?0?5MMMM?5dd?0?5yyyy?$AA@ 000000018000d490     LIBCMT:nlsdata.obj
 0002:000004a8       ??_C@_08JCCMCCIL@HH?3mm?3ss?$AA@ 000000018000d4a8     LIBCMT:nlsdata.obj
 0002:000004b8       ??_C@_17MBGCMIPB@?$AAS?$AAu?$AAn?$AA?$AA@ 000000018000d4b8     LIBCMT:nlsdata.obj
 0002:000004c0       ??_C@_17KBOMKBF@?$AAM?$AAo?$AAn?$AA?$AA@ 000000018000d4c0     LIBCMT:nlsdata.obj
 0002:000004c8       ??_C@_17BMKGEGOJ@?$AAT?$AAu?$AAe?$AA?$AA@ 000000018000d4c8     LIBCMT:nlsdata.obj
 0002:000004d0       ??_C@_17CJEDCEPE@?$AAW?$AAe?$AAd?$AA?$AA@ 000000018000d4d0     LIBCMT:nlsdata.obj
 0002:000004d8       ??_C@_17PDPHAADD@?$AAT?$AAh?$AAu?$AA?$AA@ 000000018000d4d8     LIBCMT:nlsdata.obj
 0002:000004e0       ??_C@_17HFOLPPLP@?$AAF?$AAr?$AAi?$AA?$AA@ 000000018000d4e0     LIBCMT:nlsdata.obj
 0002:000004e8       ??_C@_17GGIBDPIH@?$AAS?$AAa?$AAt?$AA?$AA@ 000000018000d4e8     LIBCMT:nlsdata.obj
 0002:000004f0       ??_C@_1O@IHNHDHPB@?$AAS?$AAu?$AAn?$AAd?$AAa?$AAy?$AA?$AA@ 000000018000d4f0     LIBCMT:nlsdata.obj
 0002:00000500       ??_C@_1O@MMNBFLIA@?$AAM?$AAo?$AAn?$AAd?$AAa?$AAy?$AA?$AA@ 000000018000d500     LIBCMT:nlsdata.obj
 0002:00000510       ??_C@_1BA@ENFBFFEK@?$AAT?$AAu?$AAe?$AAs?$AAd?$AAa?$AAy?$AA?$AA@ 000000018000d510     LIBCMT:nlsdata.obj
 0002:00000520       ??_C@_1BE@EBOGMDOH@?$AAW?$AAe?$AAd?$AAn?$AAe?$AAs?$AAd?$AAa?$AAy?$AA?$AA@ 000000018000d520     LIBCMT:nlsdata.obj
 0002:00000538       ??_C@_1BC@HHMNLIHE@?$AAT?$AAh?$AAu?$AAr?$AAs?$AAd?$AAa?$AAy?$AA?$AA@ 000000018000d538     LIBCMT:nlsdata.obj
 0002:00000550       ??_C@_1O@PDICJHAG@?$AAF?$AAr?$AAi?$AAd?$AAa?$AAy?$AA?$AA@ 000000018000d550     LIBCMT:nlsdata.obj
 0002:00000560       ??_C@_1BC@ENMNNPAJ@?$AAS?$AAa?$AAt?$AAu?$AAr?$AAd?$AAa?$AAy?$AA?$AA@ 000000018000d560     LIBCMT:nlsdata.obj
 0002:00000578       ??_C@_17DKNBKCHM@?$AAJ?$AAa?$AAn?$AA?$AA@ 000000018000d578     LIBCMT:nlsdata.obj
 0002:00000580       ??_C@_17LMDJEKJN@?$AAF?$AAe?$AAb?$AA?$AA@ 000000018000d580     LIBCMT:nlsdata.obj
 0002:00000588       ??_C@_17CKNLEDEC@?$AAM?$AAa?$AAr?$AA?$AA@ 000000018000d588     LIBCMT:nlsdata.obj
 0002:00000590       ??_C@_17LFPOIHDD@?$AAA?$AAp?$AAr?$AA?$AA@ 000000018000d590     LIBCMT:nlsdata.obj
 0002:00000598       ??_C@_17PNNKMEED@?$AAM?$AAa?$AAy?$AA?$AA@ 000000018000d598     LIBCMT:nlsdata.obj
 0002:000005a0       ??_C@_17KCJGOCPB@?$AAJ?$AAu?$AAn?$AA?$AA@ 000000018000d5a0     LIBCMT:nlsdata.obj
 0002:000005a8       ??_C@_17IJPCKHK@?$AAJ?$AAu?$AAl?$AA?$AA@ 000000018000d5a8     LIBCMT:nlsdata.obj
 0002:000005b0       ??_C@_17ICPELBCN@?$AAA?$AAu?$AAg?$AA?$AA@ 000000018000d5b0     LIBCMT:nlsdata.obj
 0002:000005b8       ??_C@_17HCHCOKMG@?$AAS?$AAe?$AAp?$AA?$AA@ 000000018000d5b8     LIBCMT:nlsdata.obj
 0002:000005c0       ??_C@_17FNLKOI@?$AAO?$AAc?$AAt?$AA?$AA@ 000000018000d5c0     LIBCMT:nlsdata.obj
 0002:000005c8       ??_C@_17BBDMLCIG@?$AAN?$AAo?$AAv?$AA?$AA@ 000000018000d5c8     LIBCMT:nlsdata.obj
 0002:000005d0       ??_C@_17EGKACKIF@?$AAD?$AAe?$AAc?$AA?$AA@ 000000018000d5d0     LIBCMT:nlsdata.obj
 0002:000005d8       ??_C@_1BA@EFMEIEBA@?$AAJ?$AAa?$AAn?$AAu?$AAa?$AAr?$AAy?$AA?$AA@ 000000018000d5d8     LIBCMT:nlsdata.obj
 0002:000005e8       ??_C@_1BC@JGDDFFAM@?$AAF?$AAe?$AAb?$AAr?$AAu?$AAa?$AAr?$AAy?$AA?$AA@ 000000018000d5e8     LIBCMT:nlsdata.obj
 0002:00000600       ??_C@_1M@IKEENEDF@?$AAM?$AAa?$AAr?$AAc?$AAh?$AA?$AA@ 000000018000d600     LIBCMT:nlsdata.obj
 0002:00000610       ??_C@_1M@GJNLMHFD@?$AAA?$AAp?$AAr?$AAi?$AAl?$AA?$AA@ 000000018000d610     LIBCMT:nlsdata.obj
 0002:00000620       ??_C@_19EPFLPGAP@?$AAJ?$AAu?$AAn?$AAe?$AA?$AA@ 000000018000d620     LIBCMT:nlsdata.obj
 0002:00000630       ??_C@_19BIFMLPCD@?$AAJ?$AAu?$AAl?$AAy?$AA?$AA@ 000000018000d630     LIBCMT:nlsdata.obj
 0002:00000640       ??_C@_1O@PAHLKOAC@?$AAA?$AAu?$AAg?$AAu?$AAs?$AAt?$AA?$AA@ 000000018000d640     LIBCMT:nlsdata.obj
 0002:00000650       ??_C@_1BE@DKAAMBJL@?$AAS?$AAe?$AAp?$AAt?$AAe?$AAm?$AAb?$AAe?$AAr?$AA?$AA@ 000000018000d650     LIBCMT:nlsdata.obj
 0002:00000668       ??_C@_1BA@EPANDLNG@?$AAO?$AAc?$AAt?$AAo?$AAb?$AAe?$AAr?$AA?$AA@ 000000018000d668     LIBCMT:nlsdata.obj
 0002:00000678       ??_C@_1BC@BGLIFPF@?$AAN?$AAo?$AAv?$AAe?$AAm?$AAb?$AAe?$AAr?$AA?$AA@ 000000018000d678     LIBCMT:nlsdata.obj
 0002:00000690       ??_C@_1BC@FEMKIFH@?$AAD?$AAe?$AAc?$AAe?$AAm?$AAb?$AAe?$AAr?$AA?$AA@ 000000018000d690     LIBCMT:nlsdata.obj
 0002:000006a4       ??_C@_15ODEHAHHF@?$AAA?$AAM?$AA?$AA@ 000000018000d6a4     LIBCMT:nlsdata.obj
 0002:000006ac       ??_C@_15CLMNNGEL@?$AAP?$AAM?$AA?$AA@ 000000018000d6ac     LIBCMT:nlsdata.obj
 0002:000006b8       ??_C@_1BC@IEBCMHCM@?$AAM?$AAM?$AA?1?$AAd?$AAd?$AA?1?$AAy?$AAy?$AA?$AA@ 000000018000d6b8     LIBCMT:nlsdata.obj
 0002:000006d0       ??_C@_1CI@KNAKOEBC@?$AAd?$AAd?$AAd?$AAd?$AA?0?$AA?5?$AAM?$AAM?$AAM?$AAM?$AA?5?$AAd?$AAd?$AA?0?$AA?5?$AAy?$AAy?$AAy?$AAy?$AA?$AA@ 000000018000d6d0     LIBCMT:nlsdata.obj
 0002:000006f8       ??_C@_1BC@GDGBMEMK@?$AAH?$AAH?$AA?3?$AAm?$AAm?$AA?3?$AAs?$AAs?$AA?$AA@ 000000018000d6f8     LIBCMT:nlsdata.obj
 0002:00000710       ??_C@_1M@BMHNFIME@?$AAe?$AAn?$AA?9?$AAU?$AAS?$AA?$AA@ 000000018000d710     LIBCMT:nlsdata.obj
 0002:000007a0       _XcptActTab                000000018000d7a0     LIBCMT:winxfltr.obj
 0002:00000860       _XcptActTabCount           000000018000d860     LIBCMT:winxfltr.obj
 0002:00000864       _XcptActTabSize            000000018000d864     LIBCMT:winxfltr.obj
 0002:00000868       _First_FPE_Indx            000000018000d868     LIBCMT:winxfltr.obj
 0002:0000086c       _Num_FPE                   000000018000d86c     LIBCMT:winxfltr.obj
 0002:00000870       ??_C@_1BI@BGOHAHKC@?$AAm?$AAs?$AAc?$AAo?$AAr?$AAe?$AAe?$AA?4?$AAd?$AAl?$AAl?$AA?$AA@ 000000018000d870     LIBCMT:crt0dat.obj
 0002:00000888       ??_C@_0P@MIGLKIOC@CorExitProcess?$AA@ 000000018000d888     LIBCMT:crt0dat.obj
 0002:00000898       ??_C@_1BK@MGMFAEKH@?$AAk?$AAe?$AAr?$AAn?$AAe?$AAl?$AA3?$AA2?$AA?4?$AAd?$AAl?$AAl?$AA?$AA@ 000000018000d898     LIBCMT:winapisupp.obj
 0002:000008b8       ??_C@_08KNHFBNJ@FlsAlloc?$AA@ 000000018000d8b8     LIBCMT:winapisupp.obj
 0002:000008c8       ??_C@_07PEJMOBNF@FlsFree?$AA@ 000000018000d8c8     LIBCMT:winapisupp.obj
 0002:000008d0       ??_C@_0M@GDNOONDI@FlsGetValue?$AA@ 000000018000d8d0     LIBCMT:winapisupp.obj
 0002:000008e0       ??_C@_0M@JCPCPOEF@FlsSetValue?$AA@ 000000018000d8e0     LIBCMT:winapisupp.obj
 0002:000008f0       ??_C@_0BM@HCFOFFN@InitializeCriticalSectionEx?$AA@ 000000018000d8f0     LIBCMT:winapisupp.obj
 0002:00000910       ??_C@_0P@DLHPPCNH@CreateEventExW?$AA@ 000000018000d910     LIBCMT:winapisupp.obj
 0002:00000920       ??_C@_0BD@KIEEOEEH@CreateSemaphoreExW?$AA@ 000000018000d920     LIBCMT:winapisupp.obj
 0002:00000938       ??_C@_0BI@BKLFFAPO@SetThreadStackGuarantee?$AA@ 000000018000d938     LIBCMT:winapisupp.obj
 0002:00000950       ??_C@_0BG@OGFAJCKC@CreateThreadpoolTimer?$AA@ 000000018000d950     LIBCMT:winapisupp.obj
 0002:00000968       ??_C@_0BD@LPLEMMDI@SetThreadpoolTimer?$AA@ 000000018000d968     LIBCMT:winapisupp.obj
 0002:00000980       ??_C@_0CA@FMNJENH@WaitForThreadpoolTimerCallbacks?$AA@ 000000018000d980     LIBCMT:winapisupp.obj
 0002:000009a0       ??_C@_0BF@DCFCCNOC@CloseThreadpoolTimer?$AA@ 000000018000d9a0     LIBCMT:winapisupp.obj
 0002:000009b8       ??_C@_0BF@FLABGKKM@CreateThreadpoolWait?$AA@ 000000018000d9b8     LIBCMT:winapisupp.obj
 0002:000009d0       ??_C@_0BC@MGCOHNA@SetThreadpoolWait?$AA@ 000000018000d9d0     LIBCMT:winapisupp.obj
 0002:000009e8       ??_C@_0BE@OCIOMIMP@CloseThreadpoolWait?$AA@ 000000018000d9e8     LIBCMT:winapisupp.obj
 0002:00000a00       ??_C@_0BJ@LKGHFHBO@FlushProcessWriteBuffers?$AA@ 000000018000da00     LIBCMT:winapisupp.obj
 0002:00000a20       ??_C@_0BP@KALKKPMO@FreeLibraryWhenCallbackReturns?$AA@ 000000018000da20     LIBCMT:winapisupp.obj
 0002:00000a40       ??_C@_0BK@DFNBACLA@GetCurrentProcessorNumber?$AA@ 000000018000da40     LIBCMT:winapisupp.obj
 0002:00000a60       ??_C@_0BP@KHGALBC@GetLogicalProcessorInformation?$AA@ 000000018000da60     LIBCMT:winapisupp.obj
 0002:00000a80       ??_C@_0BE@FKKLLFLM@CreateSymbolicLinkW?$AA@ 000000018000da80     LIBCMT:winapisupp.obj
 0002:00000a98       ??_C@_0BJ@OHNKDLIJ@SetDefaultDllDirectories?$AA@ 000000018000da98     LIBCMT:winapisupp.obj
 0002:00000ab8       ??_C@_0BE@LJANKFHF@EnumSystemLocalesEx?$AA@ 000000018000dab8     LIBCMT:winapisupp.obj
 0002:00000ad0       ??_C@_0BA@IHGNDAEB@CompareStringEx?$AA@ 000000018000dad0     LIBCMT:winapisupp.obj
 0002:00000ae0       ??_C@_0BA@EPCJIIPD@GetDateFormatEx?$AA@ 000000018000dae0     LIBCMT:winapisupp.obj
 0002:00000af0       ??_C@_0BA@ONOKGCMP@GetLocaleInfoEx?$AA@ 000000018000daf0     LIBCMT:winapisupp.obj
 0002:00000b00       ??_C@_0BA@CIJJKCJJ@GetTimeFormatEx?$AA@ 000000018000db00     LIBCMT:winapisupp.obj
 0002:00000b10       ??_C@_0BJ@PBCCBIPI@GetUserDefaultLocaleName?$AA@ 000000018000db10     LIBCMT:winapisupp.obj
 0002:00000b30       ??_C@_0BC@CELBKLLA@IsValidLocaleName?$AA@ 000000018000db30     LIBCMT:winapisupp.obj
 0002:00000b48       ??_C@_0O@KKBNKAPF@LCMapStringEx?$AA@ 000000018000db48     LIBCMT:winapisupp.obj
 0002:00000b58       ??_C@_0BE@JOGNEJCI@GetCurrentPackageId?$AA@ 000000018000db58     LIBCMT:winapisupp.obj
 0002:00000b70       ??_C@_0P@CDHHOHKP@GetTickCount64?$AA@ 000000018000db70     LIBCMT:winapisupp.obj
 0002:00000b80       ??_C@_0BO@KPCLFDJJ@GetFileInformationByHandleExW?$AA@ 000000018000db80     LIBCMT:winapisupp.obj
 0002:00000ba0       ??_C@_0BM@MHIDLABK@SetFileInformationByHandleW?$AA@ 000000018000dba0     LIBCMT:winapisupp.obj
 0002:00000bc0       __newctype                 000000018000dbc0     LIBCMT:ctype.obj
 0002:00000ec0       _wctype                    000000018000dec0     LIBCMT:ctype.obj
 0002:000010d0       __newclmap                 000000018000e0d0     LIBCMT:ctype.obj
 0002:00001250       __newcumap                 000000018000e250     LIBCMT:ctype.obj
 0002:000013d0       ??_C@_15PJPFLCCM@?$AAu?$AAk?$AA?$AA@ 000000018000e3d0     LIBCMT:getqloc.obj
 0002:000013d8       __rg_language_count        000000018000e3d8     LIBCMT:getqloc.obj
 0002:000013dc       __rg_country_count         000000018000e3dc     LIBCMT:getqloc.obj
 0002:000013e0       LcidToLocaleNameTable      000000018000e3e0     LIBCMT:winapinls.obj
 0002:00002220       LocaleNameToIndexTable     000000018000f220     LIBCMT:winapinls.obj
 0002:00003060       ??_C@_15EMKDOKLE@?$AAa?$AAr?$AA?$AA@ 0000000180010060     LIBCMT:winapinls.obj
 0002:00003068       ??_C@_15KNPADPLH@?$AAb?$AAg?$AA?$AA@ 0000000180010068     LIBCMT:winapinls.obj
 0002:00003070       ??_C@_15EDMHLDMO@?$AAc?$AAa?$AA?$AA@ 0000000180010070     LIBCMT:winapinls.obj
 0002:00003078       ??_C@_1O@BPEAJADD@?$AAz?$AAh?$AA?9?$AAC?$AAH?$AAS?$AA?$AA@ 0000000180010078     LIBCMT:winapinls.obj
 0002:00003088       ??_C@_15LJNHCMNK@?$AAc?$AAs?$AA?$AA@ 0000000180010088     LIBCMT:winapinls.obj
 0002:00003090       ??_C@_15FOMCIDHG@?$AAd?$AAa?$AA?$AA@ 0000000180010090     LIBCMT:winapinls.obj
 0002:00003098       ??_C@_15NBKABECB@?$AAd?$AAe?$AA?$AA@ 0000000180010098     LIBCMT:winapinls.obj
 0002:000030a0       ??_C@_15GHPEIIAO@?$AAe?$AAl?$AA?$AA@ 00000001800100a0     LIBCMT:winapinls.obj
 0002:000030a8       ??_C@_15MNPNEAIF@?$AAe?$AAn?$AA?$AA@ 00000001800100a8     LIBCMT:winapinls.obj
 0002:000030b0       ??_C@_15GPIOMPMH@?$AAe?$AAs?$AA?$AA@ 00000001800100b0     LIBCMT:winapinls.obj
 0002:000030b8       ??_C@_15NGLOAKJC@?$AAf?$AAi?$AA?$AA@ 00000001800100b8     LIBCMT:winapinls.obj
 0002:000030c0       ??_C@_15FBKGNKAM@?$AAf?$AAr?$AA?$AA@ 00000001800100c0     LIBCMT:winapinls.obj
 0002:000030c8       ??_C@_15KGGCNEFK@?$AAh?$AAe?$AA?$AA@ 00000001800100c8     LIBCMT:winapinls.obj
 0002:000030d0       ??_C@_15PGHLIDMF@?$AAh?$AAu?$AA?$AA@ 00000001800100d0     LIBCMT:winapinls.obj
 0002:000030d8       ??_C@_15BIEMAPLM@?$AAi?$AAs?$AA?$AA@ 00000001800100d8     LIBCMT:winapinls.obj
 0002:000030e0       ??_C@_15IFJLDHAF@?$AAi?$AAt?$AA?$AA@ 00000001800100e0     LIBCMT:winapinls.obj
 0002:000030e8       ??_C@_15GEMIOCAG@?$AAj?$AAa?$AA?$AA@ 00000001800100e8     LIBCMT:winapinls.obj
 0002:000030f0       ??_C@_15EPELEGJA@?$AAk?$AAo?$AA?$AA@ 00000001800100f0     LIBCMT:winapinls.obj
 0002:000030f8       ??_C@_15NDDHIMN@?$AAn?$AAl?$AA?$AA@ 00000001800100f8     LIBCMT:winapinls.obj
 0002:00003100       ??_C@_15BPIGNHCD@?$AAn?$AAo?$AA?$AA@ 0000000180010100     LIBCMT:winapinls.obj
 0002:00003108       ??_C@_15DEOPBLCG@?$AAp?$AAl?$AA?$AA@ 0000000180010108     LIBCMT:winapinls.obj
 0002:00003110       ??_C@_15KBECGEFG@?$AAp?$AAt?$AA?$AA@ 0000000180010110     LIBCMT:winapinls.obj
 0002:00003118       ??_C@_15GLJCBFMD@?$AAr?$AAo?$AA?$AA@ 0000000180010118     LIBCMT:winapinls.obj
 0002:00003120       ??_C@_15FEDGKCDI@?$AAr?$AAu?$AA?$AA@ 0000000180010120     LIBCMT:winapinls.obj
 0002:00003128       ??_C@_15GLKMLLHM@?$AAh?$AAr?$AA?$AA@ 0000000180010128     LIBCMT:winapinls.obj
 0002:00003130       ??_C@_15CPKMFBDB@?$AAs?$AAk?$AA?$AA@ 0000000180010130     LIBCMT:winapinls.obj
 0002:00003138       ??_C@_15BAAIOGMK@?$AAs?$AAq?$AA?$AA@ 0000000180010138     LIBCMT:winapinls.obj
 0002:00003140       ??_C@_15INNPNOHD@?$AAs?$AAv?$AA?$AA@ 0000000180010140     LIBCMT:winapinls.obj
 0002:00003148       ??_C@_15CABMMOGH@?$AAt?$AAh?$AA?$AA@ 0000000180010148     LIBCMT:winapinls.obj
 0002:00003150       ??_C@_15BPLIHJJM@?$AAt?$AAr?$AA?$AA@ 0000000180010150     LIBCMT:winapinls.obj
 0002:00003158       ??_C@_15NEOEKKDJ@?$AAu?$AAr?$AA?$AA@ 0000000180010158     LIBCMT:winapinls.obj
 0002:00003160       ??_C@_15NFICGAJK@?$AAi?$AAd?$AA?$AA@ 0000000180010160     LIBCMT:winapinls.obj
 0002:00003168       ??_C@_15HPJPHDM@?$AAb?$AAe?$AA?$AA@ 0000000180010168     LIBCMT:winapinls.obj
 0002:00003170       ??_C@_15LCHLGJII@?$AAs?$AAl?$AA?$AA@ 0000000180010170     LIBCMT:winapinls.obj
 0002:00003178       ??_C@_15PCFJPHHO@?$AAe?$AAt?$AA?$AA@ 0000000180010178     LIBCMT:winapinls.obj
 0002:00003180       ??_C@_15HPFPGODN@?$AAl?$AAv?$AA?$AA@ 0000000180010180     LIBCMT:winapinls.obj
 0002:00003188       ??_C@_15NFFGKGLG@?$AAl?$AAt?$AA?$AA@ 0000000180010188     LIBCMT:winapinls.obj
 0002:00003190       ??_C@_15BDAKCCHN@?$AAf?$AAa?$AA?$AA@ 0000000180010190     LIBCMT:winapinls.obj
 0002:00003198       ??_C@_15NFGIAIAJ@?$AAv?$AAi?$AA?$AA@ 0000000180010198     LIBCMT:winapinls.obj
 0002:000031a0       ??_C@_15LMKNDMHN@?$AAh?$AAy?$AA?$AA@ 00000001800101a0     LIBCMT:winapinls.obj
 0002:000031a8       ??_C@_15IJBHMCFL@?$AAa?$AAz?$AA?$AA@ 00000001800101a8     LIBCMT:winapinls.obj
 0002:000031b0       ??_C@_15EKOFJABL@?$AAe?$AAu?$AA?$AA@ 00000001800101b0     LIBCMT:winapinls.obj
 0002:000031b8       ??_C@_15BGHADCNK@?$AAm?$AAk?$AA?$AA@ 00000001800101b8     LIBCMT:winapinls.obj
 0002:000031c0       ??_C@_15JDNICKHM@?$AAa?$AAf?$AA?$AA@ 00000001800101c0     LIBCMT:winapinls.obj
 0002:000031c8       ??_C@_15KPJEDBKD@?$AAk?$AAa?$AA?$AA@ 00000001800101c8     LIBCMT:winapinls.obj
 0002:000031d0       ??_C@_15PDNFFFEO@?$AAf?$AAo?$AA?$AA@ 00000001800101d0     LIBCMT:winapinls.obj
 0002:000031d8       ??_C@_15OMLEGLOC@?$AAh?$AAi?$AA?$AA@ 00000001800101d8     LIBCMT:winapinls.obj
 0002:000031e0       ??_C@_15IDNNENKK@?$AAm?$AAs?$AA?$AA@ 00000001800101e0     LIBCMT:winapinls.obj
 0002:000031e8       ??_C@_15MACJNBMH@?$AAk?$AAk?$AA?$AA@ 00000001800101e8     LIBCMT:winapinls.obj
 0002:000031f0       ??_C@_15DKDJEOND@?$AAk?$AAy?$AA?$AA@ 00000001800101f0     LIBCMT:winapinls.obj
 0002:000031f8       ??_C@_15DFGDLJBG@?$AAs?$AAw?$AA?$AA@ 00000001800101f8     LIBCMT:winapinls.obj
 0002:00003200       ??_C@_15BBFAICNG@?$AAu?$AAz?$AA?$AA@ 0000000180010200     LIBCMT:winapinls.obj
 0002:00003208       ??_C@_15DKNDCGEA@?$AAt?$AAt?$AA?$AA@ 0000000180010208     LIBCMT:winapinls.obj
 0002:00003210       ??_C@_15MGIFMDPL@?$AAp?$AAa?$AA?$AA@ 0000000180010210     LIBCMT:winapinls.obj
 0002:00003218       ??_C@_15HCNDBBA@?$AAg?$AAu?$AA?$AA@ 0000000180010218     LIBCMT:winapinls.obj
 0002:00003220       ??_C@_15FNBEIBON@?$AAt?$AAa?$AA?$AA@ 0000000180010220     LIBCMT:winapinls.obj
 0002:00003228       ??_C@_15NCHGBGLK@?$AAt?$AAe?$AA?$AA@ 0000000180010228     LIBCMT:winapinls.obj
 0002:00003230       ??_C@_15PHPHCBPF@?$AAk?$AAn?$AA?$AA@ 0000000180010230     LIBCMT:winapinls.obj
 0002:00003238       ??_C@_15DLGBCKMP@?$AAm?$AAr?$AA?$AA@ 0000000180010238     LIBCMT:winapinls.obj
 0002:00003240       ??_C@_15EABBLBFF@?$AAs?$AAa?$AA?$AA@ 0000000180010240     LIBCMT:winapinls.obj
 0002:00003248       ??_C@_15CBKOMCOI@?$AAm?$AAn?$AA?$AA@ 0000000180010248     LIBCMT:winapinls.obj
 0002:00003250       ??_C@_15CKDMCJAF@?$AAg?$AAl?$AA?$AA@ 0000000180010250     LIBCMT:winapinls.obj
 0002:00003258       ??_C@_17CNJFBPG@?$AAk?$AAo?$AAk?$AA?$AA@ 0000000180010258     LIBCMT:winapinls.obj
 0002:00003260       ??_C@_17FFBJICPL@?$AAs?$AAy?$AAr?$AA?$AA@ 0000000180010260     LIBCMT:winapinls.obj
 0002:00003268       ??_C@_17KPNDCPAF@?$AAd?$AAi?$AAv?$AA?$AA@ 0000000180010268     LIBCMT:winapinls.obj
 0002:00003270       ??_C@_11LOCGONAA@?$AA?$AA@ 0000000180010270     LIBCMT:winapinls.obj
 0002:00003278       ??_C@_1M@OKAHONE@?$AAa?$AAr?$AA?9?$AAS?$AAA?$AA?$AA@ 0000000180010278     LIBCMT:winapinls.obj
 0002:00003288       ??_C@_1M@FFFIGIGK@?$AAb?$AAg?$AA?9?$AAB?$AAG?$AA?$AA@ 0000000180010288     LIBCMT:winapinls.obj
 0002:00003298       ??_C@_1M@BJNKEDC@?$AAc?$AAa?$AA?9?$AAE?$AAS?$AA?$AA@ 0000000180010298     LIBCMT:winapinls.obj
 0002:000032a8       ??_C@_1M@IJJHFJHA@?$AAc?$AAs?$AA?9?$AAC?$AAZ?$AA?$AA@ 00000001800102a8     LIBCMT:winapinls.obj
 0002:000032b8       ??_C@_1M@CLPEOBGI@?$AAd?$AAa?$AA?9?$AAD?$AAK?$AA?$AA@ 00000001800102b8     LIBCMT:winapinls.obj
 0002:000032c8       ??_C@_1M@MCMADGCB@?$AAd?$AAe?$AA?9?$AAD?$AAE?$AA?$AA@ 00000001800102c8     LIBCMT:winapinls.obj
 0002:000032d8       ??_C@_1M@OOCKEMAM@?$AAe?$AAl?$AA?9?$AAG?$AAR?$AA?$AA@ 00000001800102d8     LIBCMT:winapinls.obj
 0002:000032e8       ??_C@_1M@DDNJFGID@?$AAf?$AAi?$AA?9?$AAF?$AAI?$AA?$AA@ 00000001800102e8     LIBCMT:winapinls.obj
 0002:000032f8       ??_C@_1M@GLIPPMAC@?$AAf?$AAr?$AA?9?$AAF?$AAR?$AA?$AA@ 00000001800102f8     LIBCMT:winapinls.obj
 0002:00003308       ??_C@_1M@GFMCHPE@?$AAh?$AAe?$AA?9?$AAI?$AAL?$AA?$AA@ 0000000180010308     LIBCMT:winapinls.obj
 0002:00003318       ??_C@_1M@MHLPGNKM@?$AAh?$AAu?$AA?9?$AAH?$AAU?$AA?$AA@ 0000000180010318     LIBCMT:winapinls.obj
 0002:00003328       ??_C@_1M@LPDDNNPN@?$AAi?$AAs?$AA?9?$AAI?$AAS?$AA?$AA@ 0000000180010328     LIBCMT:winapinls.obj
 0002:00003338       ??_C@_1M@MADIPODN@?$AAi?$AAt?$AA?9?$AAI?$AAT?$AA?$AA@ 0000000180010338     LIBCMT:winapinls.obj
 0002:00003348       ??_C@_1M@IHBJJGG@?$AAn?$AAl?$AA?9?$AAN?$AAL?$AA?$AA@ 0000000180010348     LIBCMT:winapinls.obj
 0002:00003358       ??_C@_1M@EANAGDL@?$AAn?$AAb?$AA?9?$AAN?$AAO?$AA?$AA@ 0000000180010358     LIBCMT:winapinls.obj
 0002:00003368       ??_C@_1M@NEIEMEGP@?$AAp?$AAl?$AA?9?$AAP?$AAL?$AA?$AA@ 0000000180010368     LIBCMT:winapinls.obj
 0002:00003378       ??_C@_1M@BOCFIGEP@?$AAp?$AAt?$AA?9?$AAB?$AAR?$AA?$AA@ 0000000180010378     LIBCMT:winapinls.obj
 0002:00003388       ??_C@_1M@IMPFOPBG@?$AAr?$AAo?$AA?9?$AAR?$AAO?$AA?$AA@ 0000000180010388     LIBCMT:winapinls.obj
 0002:00003398       ??_C@_1M@IDNNEJMM@?$AAr?$AAu?$AA?9?$AAR?$AAU?$AA?$AA@ 0000000180010398     LIBCMT:winapinls.obj
 0002:000033a8       ??_C@_1M@LILEEOGM@?$AAh?$AAr?$AA?9?$AAH?$AAR?$AA?$AA@ 00000001800103a8     LIBCMT:winapinls.obj
 0002:000033b8       ??_C@_1M@FKIFEHPB@?$AAs?$AAk?$AA?9?$AAS?$AAK?$AA?$AA@ 00000001800103b8     LIBCMT:winapinls.obj
 0002:000033c8       ??_C@_1M@LJMAMNPJ@?$AAs?$AAq?$AA?9?$AAA?$AAL?$AA?$AA@ 00000001800103c8     LIBCMT:winapinls.obj
 0002:000033d8       ??_C@_1M@GIAKDKJK@?$AAs?$AAv?$AA?9?$AAS?$AAE?$AA?$AA@ 00000001800103d8     LIBCMT:winapinls.obj
 0002:000033e8       ??_C@_1M@MKJKIKCL@?$AAt?$AAh?$AA?9?$AAT?$AAH?$AA?$AA@ 00000001800103e8     LIBCMT:winapinls.obj
 0002:000033f8       ??_C@_1M@MFLCCMPB@?$AAt?$AAr?$AA?9?$AAT?$AAR?$AA?$AA@ 00000001800103f8     LIBCMT:winapinls.obj
 0002:00003408       ??_C@_1M@OIJHDKJN@?$AAu?$AAr?$AA?9?$AAP?$AAK?$AA?$AA@ 0000000180010408     LIBCMT:winapinls.obj
 0002:00003418       ??_C@_1M@LHIPCIEK@?$AAi?$AAd?$AA?9?$AAI?$AAD?$AA?$AA@ 0000000180010418     LIBCMT:winapinls.obj
 0002:00003428       ??_C@_1M@MFMOBGI@?$AAu?$AAk?$AA?9?$AAU?$AAA?$AA?$AA@ 0000000180010428     LIBCMT:winapinls.obj
 0002:00003438       ??_C@_1M@OBGLJIPL@?$AAb?$AAe?$AA?9?$AAB?$AAY?$AA?$AA@ 0000000180010438     LIBCMT:winapinls.obj
 0002:00003448       ??_C@_1M@BCFAJEAD@?$AAs?$AAl?$AA?9?$AAS?$AAI?$AA?$AA@ 0000000180010448     LIBCMT:winapinls.obj
 0002:00003458       ??_C@_1M@FKFFEDDN@?$AAe?$AAt?$AA?9?$AAE?$AAE?$AA?$AA@ 0000000180010458     LIBCMT:winapinls.obj
 0002:00003468       ??_C@_1M@KGKKAACI@?$AAl?$AAv?$AA?9?$AAL?$AAV?$AA?$AA@ 0000000180010468     LIBCMT:winapinls.obj
 0002:00003478       ??_C@_1M@IFGBIJO@?$AAl?$AAt?$AA?9?$AAL?$AAT?$AA?$AA@ 0000000180010478     LIBCMT:winapinls.obj
 0002:00003488       ??_C@_1M@FGEAHEDM@?$AAf?$AAa?$AA?9?$AAI?$AAR?$AA?$AA@ 0000000180010488     LIBCMT:winapinls.obj
 0002:00003498       ??_C@_1M@KBMAIBFN@?$AAv?$AAi?$AA?9?$AAV?$AAN?$AA?$AA@ 0000000180010498     LIBCMT:winapinls.obj
 0002:000034a8       ??_C@_1M@GPCBKDJK@?$AAh?$AAy?$AA?9?$AAA?$AAM?$AA?$AA@ 00000001800104a8     LIBCMT:winapinls.obj
 0002:000034b8       ??_C@_1BG@BECMDDJB@?$AAa?$AAz?$AA?9?$AAA?$AAZ?$AA?9?$AAL?$AAa?$AAt?$AAn?$AA?$AA@ 00000001800104b8     LIBCMT:winapinls.obj
 0002:000034d0       ??_C@_1M@MAOFCAEA@?$AAe?$AAu?$AA?9?$AAE?$AAS?$AA?$AA@ 00000001800104d0     LIBCMT:winapinls.obj
 0002:000034e0       ??_C@_1M@IGHABKPI@?$AAm?$AAk?$AA?9?$AAM?$AAK?$AA?$AA@ 00000001800104e0     LIBCMT:winapinls.obj
 0002:000034f0       ??_C@_1M@IAIGNEJG@?$AAt?$AAn?$AA?9?$AAZ?$AAA?$AA?$AA@ 00000001800104f0     LIBCMT:winapinls.obj
 0002:00003500       ??_C@_1M@IIJCOJFA@?$AAx?$AAh?$AA?9?$AAZ?$AAA?$AA?$AA@ 0000000180010500     LIBCMT:winapinls.obj
 0002:00003510       ??_C@_1M@LGPJHNJH@?$AAz?$AAu?$AA?9?$AAZ?$AAA?$AA?$AA@ 0000000180010510     LIBCMT:winapinls.obj
 0002:00003520       ??_C@_1M@HOKAOIO@?$AAa?$AAf?$AA?9?$AAZ?$AAA?$AA?$AA@ 0000000180010520     LIBCMT:winapinls.obj
 0002:00003530       ??_C@_1M@DPCLHLIE@?$AAk?$AAa?$AA?9?$AAG?$AAE?$AA?$AA@ 0000000180010530     LIBCMT:winapinls.obj
 0002:00003540       ??_C@_1M@BLKMHJBI@?$AAf?$AAo?$AA?9?$AAF?$AAO?$AA?$AA@ 0000000180010540     LIBCMT:winapinls.obj
 0002:00003550       ??_C@_1M@LGGJAPPB@?$AAh?$AAi?$AA?9?$AAI?$AAN?$AA?$AA@ 0000000180010550     LIBCMT:winapinls.obj
 0002:00003560       ??_C@_1M@FIKPIHFE@?$AAm?$AAt?$AA?9?$AAM?$AAT?$AA?$AA@ 0000000180010560     LIBCMT:winapinls.obj
 0002:00003570       ??_C@_1M@HEGGPBFA@?$AAs?$AAe?$AA?9?$AAN?$AAO?$AA?$AA@ 0000000180010570     LIBCMT:winapinls.obj
 0002:00003580       ??_C@_1M@EIBJEEPA@?$AAm?$AAs?$AA?9?$AAM?$AAY?$AA?$AA@ 0000000180010580     LIBCMT:winapinls.obj
 0002:00003590       ??_C@_1M@FHLBGMPP@?$AAk?$AAk?$AA?9?$AAK?$AAZ?$AA?$AA@ 0000000180010590     LIBCMT:winapinls.obj
 0002:000035a0       ??_C@_1M@NGJJLCGI@?$AAk?$AAy?$AA?9?$AAK?$AAG?$AA?$AA@ 00000001800105a0     LIBCMT:winapinls.obj
 0002:000035b0       ??_C@_1M@GIENNBFC@?$AAs?$AAw?$AA?9?$AAK?$AAE?$AA?$AA@ 00000001800105b0     LIBCMT:winapinls.obj
 0002:000035c0       ??_C@_1BG@NDGMJIMJ@?$AAu?$AAz?$AA?9?$AAU?$AAZ?$AA?9?$AAL?$AAa?$AAt?$AAn?$AA?$AA@ 00000001800105c0     LIBCMT:winapinls.obj
 0002:000035d8       ??_C@_1M@IDCCIHBC@?$AAt?$AAt?$AA?9?$AAR?$AAU?$AA?$AA@ 00000001800105d8     LIBCMT:winapinls.obj
 0002:000035e8       ??_C@_1M@LOICPMOJ@?$AAb?$AAn?$AA?9?$AAI?$AAN?$AA?$AA@ 00000001800105e8     LIBCMT:winapinls.obj
 0002:000035f8       ??_C@_1M@KPKKNEAH@?$AAp?$AAa?$AA?9?$AAI?$AAN?$AA?$AA@ 00000001800105f8     LIBCMT:winapinls.obj
 0002:00003608       ??_C@_1M@PJGPPBOG@?$AAg?$AAu?$AA?9?$AAI?$AAN?$AA?$AA@ 0000000180010608     LIBCMT:winapinls.obj
 0002:00003618       ??_C@_1M@KMKMOPHI@?$AAt?$AAa?$AA?9?$AAI?$AAN?$AA?$AA@ 0000000180010618     LIBCMT:winapinls.obj
 0002:00003628       ??_C@_1M@KFEHEPAC@?$AAt?$AAe?$AA?9?$AAI?$AAN?$AA?$AA@ 0000000180010628     LIBCMT:winapinls.obj
 0002:00003638       ??_C@_1M@CDCLMGHI@?$AAk?$AAn?$AA?9?$AAI?$AAN?$AA?$AA@ 0000000180010638     LIBCMT:winapinls.obj
 0002:00003648       ??_C@_1M@MIODLDKF@?$AAm?$AAl?$AA?9?$AAI?$AAN?$AA?$AA@ 0000000180010648     LIBCMT:winapinls.obj
 0002:00003658       ??_C@_1M@PBIEACPO@?$AAm?$AAr?$AA?9?$AAI?$AAN?$AA?$AA@ 0000000180010658     LIBCMT:winapinls.obj
 0002:00003668       ??_C@_1M@NIDEAGPH@?$AAs?$AAa?$AA?9?$AAI?$AAN?$AA?$AA@ 0000000180010668     LIBCMT:winapinls.obj
 0002:00003678       ??_C@_1M@FHIHCBIO@?$AAm?$AAn?$AA?9?$AAM?$AAN?$AA?$AA@ 0000000180010678     LIBCMT:winapinls.obj
 0002:00003688       ??_C@_1M@JAIJPENP@?$AAc?$AAy?$AA?9?$AAG?$AAB?$AA?$AA@ 0000000180010688     LIBCMT:winapinls.obj
 0002:00003698       ??_C@_1M@PHGFBEPN@?$AAg?$AAl?$AA?9?$AAE?$AAS?$AA?$AA@ 0000000180010698     LIBCMT:winapinls.obj
 0002:000036a8       ??_C@_1O@KPIPDNCP@?$AAk?$AAo?$AAk?$AA?9?$AAI?$AAN?$AA?$AA@ 00000001800106a8     LIBCMT:winapinls.obj
 0002:000036b8       ??_C@_1O@KNHJLDJA@?$AAs?$AAy?$AAr?$AA?9?$AAS?$AAY?$AA?$AA@ 00000001800106b8     LIBCMT:winapinls.obj
 0002:000036c8       ??_C@_1O@MKEKBLAH@?$AAd?$AAi?$AAv?$AA?9?$AAM?$AAV?$AA?$AA@ 00000001800106c8     LIBCMT:winapinls.obj
 0002:000036d8       ??_C@_1O@OHDCKDDF@?$AAq?$AAu?$AAz?$AA?9?$AAB?$AAO?$AA?$AA@ 00000001800106d8     LIBCMT:winapinls.obj
 0002:000036e8       ??_C@_1M@LEPJNLFD@?$AAn?$AAs?$AA?9?$AAZ?$AAA?$AA?$AA@ 00000001800106e8     LIBCMT:winapinls.obj
 0002:000036f8       ??_C@_1M@OMLEIIJB@?$AAm?$AAi?$AA?9?$AAN?$AAZ?$AA?$AA@ 00000001800106f8     LIBCMT:winapinls.obj
 0002:00003708       ??_C@_1M@PMPEAILG@?$AAa?$AAr?$AA?9?$AAI?$AAQ?$AA?$AA@ 0000000180010708     LIBCMT:winapinls.obj
 0002:00003718       ??_C@_1M@CNKPNOEE@?$AAd?$AAe?$AA?9?$AAC?$AAH?$AA?$AA@ 0000000180010718     LIBCMT:winapinls.obj
 0002:00003728       ??_C@_1M@LKMGMLKO@?$AAe?$AAn?$AA?9?$AAG?$AAB?$AA?$AA@ 0000000180010728     LIBCMT:winapinls.obj
 0002:00003738       ??_C@_1M@PGKJFFGL@?$AAe?$AAs?$AA?9?$AAM?$AAX?$AA?$AA@ 0000000180010738     LIBCMT:winapinls.obj
 0002:00003748       ??_C@_1M@DNNANBDC@?$AAf?$AAr?$AA?9?$AAB?$AAE?$AA?$AA@ 0000000180010748     LIBCMT:winapinls.obj
 0002:00003758       ??_C@_1M@HLGMDFHM@?$AAi?$AAt?$AA?9?$AAC?$AAH?$AA?$AA@ 0000000180010758     LIBCMT:winapinls.obj
 0002:00003768       ??_C@_1M@CLLBGJH@?$AAn?$AAl?$AA?9?$AAB?$AAE?$AA?$AA@ 0000000180010768     LIBCMT:winapinls.obj
 0002:00003778       ??_C@_1M@BODBOGLF@?$AAn?$AAn?$AA?9?$AAN?$AAO?$AA?$AA@ 0000000180010778     LIBCMT:winapinls.obj
 0002:00003788       ??_C@_1M@HFFAHKAD@?$AAp?$AAt?$AA?9?$AAP?$AAT?$AA?$AA@ 0000000180010788     LIBCMT:winapinls.obj
 0002:00003798       ??_C@_1BG@LNOAKHIE@?$AAs?$AAr?$AA?9?$AAS?$AAP?$AA?9?$AAL?$AAa?$AAt?$AAn?$AA?$AA@ 0000000180010798     LIBCMT:winapinls.obj
 0002:000037b0       ??_C@_1M@HBMHBGAK@?$AAs?$AAv?$AA?9?$AAF?$AAI?$AA?$AA@ 00000001800107b0     LIBCMT:winapinls.obj
 0002:000037c0       ??_C@_1BG@DGCJGJBE@?$AAa?$AAz?$AA?9?$AAA?$AAZ?$AA?9?$AAC?$AAy?$AAr?$AAl?$AA?$AA@ 00000001800107c0     LIBCMT:winapinls.obj
 0002:000037d8       ??_C@_1M@KEJDAAHB@?$AAs?$AAe?$AA?9?$AAS?$AAE?$AA?$AA@ 00000001800107d8     LIBCMT:winapinls.obj
 0002:000037e8       ??_C@_1M@HEIBJJAD@?$AAm?$AAs?$AA?9?$AAB?$AAN?$AA?$AA@ 00000001800107e8     LIBCMT:winapinls.obj
 0002:000037f8       ??_C@_1BG@PBGJMCEM@?$AAu?$AAz?$AA?9?$AAU?$AAZ?$AA?9?$AAC?$AAy?$AAr?$AAl?$AA?$AA@ 00000001800107f8     LIBCMT:winapinls.obj
 0002:00003810       ??_C@_1O@LAOBCMDF@?$AAq?$AAu?$AAz?$AA?9?$AAE?$AAC?$AA?$AA@ 0000000180010810     LIBCMT:winapinls.obj
 0002:00003820       ??_C@_1M@POEEMAIO@?$AAa?$AAr?$AA?9?$AAE?$AAG?$AA?$AA@ 0000000180010820     LIBCMT:winapinls.obj
 0002:00003830       ??_C@_1M@EFAKDEDL@?$AAz?$AAh?$AA?9?$AAH?$AAK?$AA?$AA@ 0000000180010830     LIBCMT:winapinls.obj
 0002:00003840       ??_C@_1M@HKKIJHGI@?$AAd?$AAe?$AA?9?$AAA?$AAT?$AA?$AA@ 0000000180010840     LIBCMT:winapinls.obj
 0002:00003850       ??_C@_1M@KBFBEHJF@?$AAe?$AAn?$AA?9?$AAA?$AAU?$AA?$AA@ 0000000180010850     LIBCMT:winapinls.obj
 0002:00003860       ??_C@_1M@MNPLFAAH@?$AAe?$AAs?$AA?9?$AAE?$AAS?$AA?$AA@ 0000000180010860     LIBCMT:winapinls.obj
 0002:00003870       ??_C@_1M@HJOOJFMA@?$AAf?$AAr?$AA?9?$AAC?$AAA?$AA?$AA@ 0000000180010870     LIBCMT:winapinls.obj
 0002:00003880       ??_C@_1BG@JPOFPNAB@?$AAs?$AAr?$AA?9?$AAS?$AAP?$AA?9?$AAC?$AAy?$AAr?$AAl?$AA?$AA@ 0000000180010880     LIBCMT:winapinls.obj
 0002:00003898       ??_C@_1M@LNFOCMOB@?$AAs?$AAe?$AA?9?$AAF?$AAI?$AA?$AA@ 0000000180010898     LIBCMT:winapinls.obj
 0002:000038a8       ??_C@_1O@MGJBOAMB@?$AAq?$AAu?$AAz?$AA?9?$AAP?$AAE?$AA?$AA@ 00000001800108a8     LIBCMT:winapinls.obj
 0002:000038b8       ??_C@_1M@GJINLBOK@?$AAa?$AAr?$AA?9?$AAL?$AAY?$AA?$AA@ 00000001800108b8     LIBCMT:winapinls.obj
 0002:000038c8       ??_C@_1M@GGMNHJNL@?$AAz?$AAh?$AA?9?$AAS?$AAG?$AA?$AA@ 00000001800108c8     LIBCMT:winapinls.obj
 0002:000038d8       ??_C@_1M@HOIKODND@?$AAd?$AAe?$AA?9?$AAL?$AAU?$AA?$AA@ 00000001800108d8     LIBCMT:winapinls.obj
 0002:000038e8       ??_C@_1M@DDOCCGFG@?$AAe?$AAn?$AA?9?$AAC?$AAA?$AA?$AA@ 00000001800108e8     LIBCMT:winapinls.obj
 0002:000038f8       ??_C@_1M@BNOEMJLF@?$AAe?$AAs?$AA?9?$AAG?$AAT?$AA?$AA@ 00000001800108f8     LIBCMT:winapinls.obj
 0002:00003908       ??_C@_1M@EOGNKEK@?$AAf?$AAr?$AA?9?$AAC?$AAH?$AA?$AA@ 0000000180010908     LIBCMT:winapinls.obj
 0002:00003918       ??_C@_1M@FLIDJFHL@?$AAh?$AAr?$AA?9?$AAB?$AAA?$AA?$AA@ 0000000180010918     LIBCMT:winapinls.obj
 0002:00003928       ??_C@_1O@FMCELNAJ@?$AAs?$AAm?$AAj?$AA?9?$AAN?$AAO?$AA?$AA@ 0000000180010928     LIBCMT:winapinls.obj
 0002:00003938       ??_C@_1M@JHGLJMGJ@?$AAa?$AAr?$AA?9?$AAD?$AAZ?$AA?$AA@ 0000000180010938     LIBCMT:winapinls.obj
 0002:00003948       ??_C@_1M@JKKFDCNP@?$AAz?$AAh?$AA?9?$AAM?$AAO?$AA?$AA@ 0000000180010948     LIBCMT:winapinls.obj
 0002:00003958       ??_C@_1M@GEEFALPE@?$AAd?$AAe?$AA?9?$AAL?$AAI?$AA?$AA@ 0000000180010958     LIBCMT:winapinls.obj
 0002:00003968       ??_C@_1M@IGEOFBG@?$AAe?$AAn?$AA?9?$AAN?$AAZ?$AA?$AA@ 0000000180010968     LIBCMT:winapinls.obj
 0002:00003978       ??_C@_1M@KDBONEHP@?$AAe?$AAs?$AA?9?$AAC?$AAR?$AA?$AA@ 0000000180010978     LIBCMT:winapinls.obj
 0002:00003988       ??_C@_1M@FHMDOHNN@?$AAf?$AAr?$AA?9?$AAL?$AAU?$AA?$AA@ 0000000180010988     LIBCMT:winapinls.obj
 0002:00003998       ??_C@_1BG@NFKKMAFG@?$AAb?$AAs?$AA?9?$AAB?$AAA?$AA?9?$AAL?$AAa?$AAt?$AAn?$AA?$AA@ 0000000180010998     LIBCMT:winapinls.obj
 0002:000039b0       ??_C@_1O@IMNBEMCI@?$AAs?$AAm?$AAj?$AA?9?$AAS?$AAE?$AA?$AA@ 00000001800109b0     LIBCMT:winapinls.obj
 0002:000039c0       ??_C@_1M@DHHMBNDP@?$AAa?$AAr?$AA?9?$AAM?$AAA?$AA?$AA@ 00000001800109c0     LIBCMT:winapinls.obj
 0002:000039d0       ??_C@_1M@BNBLJCGH@?$AAe?$AAn?$AA?9?$AAI?$AAE?$AA?$AA@ 00000001800109d0     LIBCMT:winapinls.obj
 0002:000039e0       ??_C@_1M@GEPAFMDL@?$AAe?$AAs?$AA?9?$AAP?$AAA?$AA?$AA@ 00000001800109e0     LIBCMT:winapinls.obj
 0002:000039f0       ??_C@_1M@OJONDMDL@?$AAf?$AAr?$AA?9?$AAM?$AAC?$AA?$AA@ 00000001800109f0     LIBCMT:winapinls.obj
 0002:00003a00       ??_C@_1BG@OBCNFJB@?$AAs?$AAr?$AA?9?$AAB?$AAA?$AA?9?$AAL?$AAa?$AAt?$AAn?$AA?$AA@ 0000000180010a00     LIBCMT:winapinls.obj
 0002:00003a18       ??_C@_1O@KEMEEGPO@?$AAs?$AAm?$AAa?$AA?9?$AAN?$AAO?$AA?$AA@ 0000000180010a18     LIBCMT:winapinls.obj
 0002:00003a28       ??_C@_1M@ELMGFODK@?$AAa?$AAr?$AA?9?$AAT?$AAN?$AA?$AA@ 0000000180010a28     LIBCMT:winapinls.obj
 0002:00003a38       ??_C@_1M@BHDLHFAF@?$AAe?$AAn?$AA?9?$AAZ?$AAA?$AA?$AA@ 0000000180010a38     LIBCMT:winapinls.obj
 0002:00003a48       ??_C@_1M@BMGIGLIF@?$AAe?$AAs?$AA?9?$AAD?$AAO?$AA?$AA@ 0000000180010a48     LIBCMT:winapinls.obj
 0002:00003a58       ??_C@_1BG@CMBHIPBE@?$AAs?$AAr?$AA?9?$AAB?$AAA?$AA?9?$AAC?$AAy?$AAr?$AAl?$AA?$AA@ 0000000180010a58     LIBCMT:winapinls.obj
 0002:00003a70       ??_C@_1O@HEDBLHNP@?$AAs?$AAm?$AAa?$AA?9?$AAS?$AAE?$AA?$AA@ 0000000180010a70     LIBCMT:winapinls.obj
 0002:00003a80       ??_C@_1M@DAGCADIM@?$AAa?$AAr?$AA?9?$AAO?$AAM?$AA?$AA@ 0000000180010a80     LIBCMT:winapinls.obj
 0002:00003a90       ??_C@_1M@FODLMICG@?$AAe?$AAn?$AA?9?$AAJ?$AAM?$AA?$AA@ 0000000180010a90     LIBCMT:winapinls.obj
 0002:00003aa0       ??_C@_1M@DNMLCIHB@?$AAe?$AAs?$AA?9?$AAV?$AAE?$AA?$AA@ 0000000180010aa0     LIBCMT:winapinls.obj
 0002:00003ab0       ??_C@_1O@EOKHMKJK@?$AAs?$AAm?$AAs?$AA?9?$AAF?$AAI?$AA?$AA@ 0000000180010ab0     LIBCMT:winapinls.obj
 0002:00003ac0       ??_C@_1M@CAFJMKOF@?$AAa?$AAr?$AA?9?$AAY?$AAE?$AA?$AA@ 0000000180010ac0     LIBCMT:winapinls.obj
 0002:00003ad0       ??_C@_1M@CBFHIJLI@?$AAe?$AAn?$AA?9?$AAC?$AAB?$AA?$AA@ 0000000180010ad0     LIBCMT:winapinls.obj
 0002:00003ae0       ??_C@_1M@BGNFLDN@?$AAe?$AAs?$AA?9?$AAC?$AAO?$AA?$AA@ 0000000180010ae0     LIBCMT:winapinls.obj
 0002:00003af0       ??_C@_1O@JMPHMAMC@?$AAs?$AAm?$AAn?$AA?9?$AAF?$AAI?$AA?$AA@ 0000000180010af0     LIBCMT:winapinls.obj
 0002:00003b00       ??_C@_1M@JLANABKE@?$AAa?$AAr?$AA?9?$AAS?$AAY?$AA?$AA@ 0000000180010b00     LIBCMT:winapinls.obj
 0002:00003b10       ??_C@_1M@HPKGCFGN@?$AAe?$AAn?$AA?9?$AAB?$AAZ?$AA?$AA@ 0000000180010b10     LIBCMT:winapinls.obj
 0002:00003b20       ??_C@_1M@OLJCMLGM@?$AAe?$AAs?$AA?9?$AAP?$AAE?$AA?$AA@ 0000000180010b20     LIBCMT:winapinls.obj
 0002:00003b30       ??_C@_1M@MKKGFKLE@?$AAa?$AAr?$AA?9?$AAJ?$AAO?$AA?$AA@ 0000000180010b30     LIBCMT:winapinls.obj
 0002:00003b40       ??_C@_1M@EKPGLDNI@?$AAe?$AAn?$AA?9?$AAT?$AAT?$AA?$AA@ 0000000180010b40     LIBCMT:winapinls.obj
 0002:00003b50       ??_C@_1M@OONGHFHE@?$AAe?$AAs?$AA?9?$AAA?$AAR?$AA?$AA@ 0000000180010b50     LIBCMT:winapinls.obj
 0002:00003b60       ??_C@_1M@OOJFGBHE@?$AAa?$AAr?$AA?9?$AAL?$AAB?$AA?$AA@ 0000000180010b60     LIBCMT:winapinls.obj
 0002:00003b70       ??_C@_1M@GCEJHNEG@?$AAe?$AAn?$AA?9?$AAZ?$AAW?$AA?$AA@ 0000000180010b70     LIBCMT:winapinls.obj
 0002:00003b80       ??_C@_1M@JNOCAHJI@?$AAe?$AAs?$AA?9?$AAE?$AAC?$AA?$AA@ 0000000180010b80     LIBCMT:winapinls.obj
 0002:00003b90       ??_C@_1M@JEFHPGGB@?$AAa?$AAr?$AA?9?$AAK?$AAW?$AA?$AA@ 0000000180010b90     LIBCMT:winapinls.obj
 0002:00003ba0       ??_C@_1M@MLKIBJOJ@?$AAe?$AAn?$AA?9?$AAP?$AAH?$AA?$AA@ 0000000180010ba0     LIBCMT:winapinls.obj
 0002:00003bb0       ??_C@_1M@BDNIPEND@?$AAe?$AAs?$AA?9?$AAC?$AAL?$AA?$AA@ 0000000180010bb0     LIBCMT:winapinls.obj
 0002:00003bc0       ??_C@_1M@MPNMEKBD@?$AAa?$AAr?$AA?9?$AAA?$AAE?$AA?$AA@ 0000000180010bc0     LIBCMT:winapinls.obj
 0002:00003bd0       ??_C@_1M@KBJALCPI@?$AAe?$AAs?$AA?9?$AAU?$AAY?$AA?$AA@ 0000000180010bd0     LIBCMT:winapinls.obj
 0002:00003be0       ??_C@_1M@LLCCOAGA@?$AAa?$AAr?$AA?9?$AAB?$AAH?$AA?$AA@ 0000000180010be0     LIBCMT:winapinls.obj
 0002:00003bf0       ??_C@_1M@PBFNCDEL@?$AAe?$AAs?$AA?9?$AAP?$AAY?$AA?$AA@ 0000000180010bf0     LIBCMT:winapinls.obj
 0002:00003c00       ??_C@_1M@EDGINPNP@?$AAa?$AAr?$AA?9?$AAQ?$AAA?$AA?$AA@ 0000000180010c00     LIBCMT:winapinls.obj
 0002:00003c10       ??_C@_1M@MKDBIIJI@?$AAe?$AAs?$AA?9?$AAB?$AAO?$AA?$AA@ 0000000180010c10     LIBCMT:winapinls.obj
 0002:00003c20       ??_C@_1M@CPKKEBLD@?$AAe?$AAs?$AA?9?$AAS?$AAV?$AA?$AA@ 0000000180010c20     LIBCMT:winapinls.obj
 0002:00003c30       ??_C@_1M@NDBGMMJL@?$AAe?$AAs?$AA?9?$AAH?$AAN?$AA?$AA@ 0000000180010c30     LIBCMT:winapinls.obj
 0002:00003c40       ??_C@_1M@JIJIBHDP@?$AAe?$AAs?$AA?9?$AAN?$AAI?$AA?$AA@ 0000000180010c40     LIBCMT:winapinls.obj
 0002:00003c50       ??_C@_1M@CGFMKEEK@?$AAe?$AAs?$AA?9?$AAP?$AAR?$AA?$AA@ 0000000180010c50     LIBCMT:winapinls.obj
 0002:00003c60       ??_C@_1O@ICJHKIIK@?$AAz?$AAh?$AA?9?$AAC?$AAH?$AAT?$AA?$AA@ 0000000180010c60     LIBCMT:winapinls.obj
 0002:00003c70       ??_C@_15CLNEJCE@?$AAs?$AAr?$AA?$AA@ 0000000180010c70     LIBCMT:winapinls.obj
 0002:00003c78       ??_C@_1M@KAHEKEIG@?$AAa?$AAf?$AA?9?$AAz?$AAa?$AA?$AA@ 0000000180010c78     LIBCMT:winapinls.obj
 0002:00003c88       ??_C@_1M@GIECOABL@?$AAa?$AAr?$AA?9?$AAa?$AAe?$AA?$AA@ 0000000180010c88     LIBCMT:winapinls.obj
 0002:00003c98       ??_C@_1M@BMLMEKGI@?$AAa?$AAr?$AA?9?$AAb?$AAh?$AA?$AA@ 0000000180010c98     LIBCMT:winapinls.obj
 0002:00003ca8       ??_C@_1M@DAPFDGGB@?$AAa?$AAr?$AA?9?$AAd?$AAz?$AA?$AA@ 0000000180010ca8     LIBCMT:winapinls.obj
 0002:00003cb8       ??_C@_1M@FJNKGKIG@?$AAa?$AAr?$AA?9?$AAe?$AAg?$AA?$AA@ 0000000180010cb8     LIBCMT:winapinls.obj
 0002:00003cc8       ??_C@_1M@FLGKKCLO@?$AAa?$AAr?$AA?9?$AAi?$AAq?$AA?$AA@ 0000000180010cc8     LIBCMT:winapinls.obj
 0002:00003cd8       ??_C@_1M@GNDIPALM@?$AAa?$AAr?$AA?9?$AAj?$AAo?$AA?$AA@ 0000000180010cd8     LIBCMT:winapinls.obj
 0002:00003ce8       ??_C@_1M@DDMJFMGJ@?$AAa?$AAr?$AA?9?$AAk?$AAw?$AA?$AA@ 0000000180010ce8     LIBCMT:winapinls.obj
 0002:00003cf8       ??_C@_1M@EJALMLHM@?$AAa?$AAr?$AA?9?$AAl?$AAb?$AA?$AA@ 0000000180010cf8     LIBCMT:winapinls.obj
 0002:00003d08       ??_C@_1M@MOBDBLOC@?$AAa?$AAr?$AA?9?$AAl?$AAy?$AA?$AA@ 0000000180010d08     LIBCMT:winapinls.obj
 0002:00003d18       ??_C@_1M@JAOCLHDH@?$AAa?$AAr?$AA?9?$AAm?$AAa?$AA?$AA@ 0000000180010d18     LIBCMT:winapinls.obj
 0002:00003d28       ??_C@_1M@JHPMKJIE@?$AAa?$AAr?$AA?9?$AAo?$AAm?$AA?$AA@ 0000000180010d28     LIBCMT:winapinls.obj
 0002:00003d38       ??_C@_1M@OEPGHFNH@?$AAa?$AAr?$AA?9?$AAq?$AAa?$AA?$AA@ 0000000180010d38     LIBCMT:winapinls.obj
 0002:00003d48       ??_C@_1M@KJDONENM@?$AAa?$AAr?$AA?9?$AAs?$AAa?$AA?$AA@ 0000000180010d48     LIBCMT:winapinls.obj
 0002:00003d58       ??_C@_1M@DMJDKLKM@?$AAa?$AAr?$AA?9?$AAs?$AAy?$AA?$AA@ 0000000180010d58     LIBCMT:winapinls.obj
 0002:00003d68       ??_C@_1M@OMFIPEDC@?$AAa?$AAr?$AA?9?$AAt?$AAn?$AA?$AA@ 0000000180010d68     LIBCMT:winapinls.obj
 0002:00003d78       ??_C@_1M@IHMHGAON@?$AAa?$AAr?$AA?9?$AAy?$AAe?$AA?$AA@ 0000000180010d78     LIBCMT:winapinls.obj
 0002:00003d88       ??_C@_1BG@KDCPGJGB@?$AAa?$AAz?$AA?9?$AAa?$AAz?$AA?9?$AAc?$AAy?$AAr?$AAl?$AA?$AA@ 0000000180010d88     LIBCMT:winapinls.obj
 0002:00003da0       ??_C@_1BG@IBCKDDOE@?$AAa?$AAz?$AA?9?$AAa?$AAz?$AA?9?$AAl?$AAa?$AAt?$AAn?$AA?$AA@ 0000000180010da0     LIBCMT:winapinls.obj
 0002:00003db8       ??_C@_1M@EGPFDCPD@?$AAb?$AAe?$AA?9?$AAb?$AAy?$AA?$AA@ 0000000180010db8     LIBCMT:winapinls.obj
 0002:00003dc8       ??_C@_1M@PCMGMCGC@?$AAb?$AAg?$AA?9?$AAb?$AAg?$AA?$AA@ 0000000180010dc8     LIBCMT:winapinls.obj
 0002:00003dd8       ??_C@_1M@BJBMFGOB@?$AAb?$AAn?$AA?9?$AAi?$AAn?$AA?$AA@ 0000000180010dd8     LIBCMT:winapinls.obj
 0002:00003de8       ??_C@_1BG@EAKMMACD@?$AAb?$AAs?$AA?9?$AAb?$AAa?$AA?9?$AAl?$AAa?$AAt?$AAn?$AA?$AA@ 0000000180010de8     LIBCMT:winapinls.obj
 0002:00003e00       ??_C@_1M@KGADAODK@?$AAc?$AAa?$AA?9?$AAe?$AAs?$AA?$AA@ 0000000180010e00     LIBCMT:winapinls.obj
 0002:00003e10       ??_C@_1M@COAJPDHI@?$AAc?$AAs?$AA?9?$AAc?$AAz?$AA?$AA@ 0000000180010e10     LIBCMT:winapinls.obj
 0002:00003e20       ??_C@_1M@DHBHFONH@?$AAc?$AAy?$AA?9?$AAg?$AAb?$AA?$AA@ 0000000180010e20     LIBCMT:winapinls.obj
 0002:00003e30       ??_C@_1M@IMGKELGA@?$AAd?$AAa?$AA?9?$AAd?$AAk?$AA?$AA@ 0000000180010e30     LIBCMT:winapinls.obj
 0002:00003e40       ??_C@_1M@NNDGDNGA@?$AAd?$AAe?$AA?9?$AAa?$AAt?$AA?$AA@ 0000000180010e40     LIBCMT:winapinls.obj
 0002:00003e50       ??_C@_1M@IKDBHEEM@?$AAd?$AAe?$AA?9?$AAc?$AAh?$AA?$AA@ 0000000180010e50     LIBCMT:winapinls.obj
 0002:00003e60       ??_C@_1M@GFFOJMCJ@?$AAd?$AAe?$AA?9?$AAd?$AAe?$AA?$AA@ 0000000180010e60     LIBCMT:winapinls.obj
 0002:00003e70       ??_C@_1M@MDNLKBPM@?$AAd?$AAe?$AA?9?$AAl?$AAi?$AA?$AA@ 0000000180010e70     LIBCMT:winapinls.obj
 0002:00003e80       ??_C@_1M@NJBEEJNL@?$AAd?$AAe?$AA?9?$AAl?$AAu?$AA?$AA@ 0000000180010e80     LIBCMT:winapinls.obj
 0002:00003e90       ??_C@_1O@GNNELBAP@?$AAd?$AAi?$AAv?$AA?9?$AAm?$AAv?$AA?$AA@ 0000000180010e90     LIBCMT:winapinls.obj
 0002:00003ea0       ??_C@_1M@EJLEOGAE@?$AAe?$AAl?$AA?9?$AAg?$AAr?$AA?$AA@ 0000000180010ea0     LIBCMT:winapinls.obj
 0002:00003eb0       ??_C@_1M@GMPONJN@?$AAe?$AAn?$AA?9?$AAa?$AAu?$AA?$AA@ 0000000180010eb0     LIBCMT:winapinls.obj
 0002:00003ec0       ??_C@_1M@NIDIIPGF@?$AAe?$AAn?$AA?9?$AAb?$AAz?$AA?$AA@ 0000000180010ec0     LIBCMT:winapinls.obj
 0002:00003ed0       ??_C@_1M@JEHMIMFO@?$AAe?$AAn?$AA?9?$AAc?$AAa?$AA?$AA@ 0000000180010ed0     LIBCMT:winapinls.obj
 0002:00003ee0       ??_C@_1M@IGMJCDLA@?$AAe?$AAn?$AA?9?$AAc?$AAb?$AA?$AA@ 0000000180010ee0     LIBCMT:winapinls.obj
 0002:00003ef0       ??_C@_1M@BNFIGBKG@?$AAe?$AAn?$AA?9?$AAg?$AAb?$AA?$AA@ 0000000180010ef0     LIBCMT:winapinls.obj
 0002:00003f00       ??_C@_1M@LKIFDIGP@?$AAe?$AAn?$AA?9?$AAi?$AAe?$AA?$AA@ 0000000180010f00     LIBCMT:winapinls.obj
 0002:00003f10       ??_C@_1M@PJKFGCCO@?$AAe?$AAn?$AA?9?$AAj?$AAm?$AA?$AA@ 0000000180010f10     LIBCMT:winapinls.obj
 0002:00003f20       ??_C@_1M@KPPKEPBO@?$AAe?$AAn?$AA?9?$AAn?$AAz?$AA?$AA@ 0000000180010f20     LIBCMT:winapinls.obj
 0002:00003f30       ??_C@_1M@GMDGLDOB@?$AAe?$AAn?$AA?9?$AAp?$AAh?$AA?$AA@ 0000000180010f30     LIBCMT:winapinls.obj
 0002:00003f40       ??_C@_1M@ONGIBJNA@?$AAe?$AAn?$AA?9?$AAt?$AAt?$AA?$AA@ 0000000180010f40     LIBCMT:winapinls.obj
 0002:00003f50       ??_C@_1M@LLODPCMM@?$AAe?$AAn?$AA?9?$AAu?$AAs?$AA?$AA@ 0000000180010f50     LIBCMT:winapinls.obj
 0002:00003f60       ??_C@_1M@LAKFNPAN@?$AAe?$AAn?$AA?9?$AAz?$AAa?$AA?$AA@ 0000000180010f60     LIBCMT:winapinls.obj
 0002:00003f70       ??_C@_1M@MFNHNHEO@?$AAe?$AAn?$AA?9?$AAz?$AAw?$AA?$AA@ 0000000180010f70     LIBCMT:winapinls.obj
 0002:00003f80       ??_C@_1M@EJEINPHM@?$AAe?$AAs?$AA?9?$AAa?$AAr?$AA?$AA@ 0000000180010f80     LIBCMT:winapinls.obj
 0002:00003f90       ??_C@_1M@GNKPCCJA@?$AAe?$AAs?$AA?9?$AAb?$AAo?$AA?$AA@ 0000000180010f90     LIBCMT:winapinls.obj
 0002:00003fa0       ??_C@_1M@LEEGFONL@?$AAe?$AAs?$AA?9?$AAc?$AAl?$AA?$AA@ 0000000180010fa0     LIBCMT:winapinls.obj
 0002:00003fb0       ??_C@_1M@KGPDPBDF@?$AAe?$AAs?$AA?9?$AAc?$AAo?$AA?$AA@ 0000000180010fb0     LIBCMT:winapinls.obj
 0002:00003fc0       ??_C@_1M@EIAHOHH@?$AAe?$AAs?$AA?9?$AAc?$AAr?$AA?$AA@ 0000000180010fc0     LIBCMT:winapinls.obj
 0002:00003fd0       ??_C@_1M@LLPGMBIN@?$AAe?$AAs?$AA?9?$AAd?$AAo?$AA?$AA@ 0000000180010fd0     LIBCMT:winapinls.obj
 0002:00003fe0       ??_C@_1M@DKHMKNJA@?$AAe?$AAs?$AA?9?$AAe?$AAc?$AA?$AA@ 0000000180010fe0     LIBCMT:winapinls.obj
 0002:00003ff0       ??_C@_1M@GKGFPKAP@?$AAe?$AAs?$AA?9?$AAe?$AAs?$AA?$AA@ 0000000180010ff0     LIBCMT:winapinls.obj
 0002:00004000       ??_C@_1M@LKHKGDLN@?$AAe?$AAs?$AA?9?$AAg?$AAt?$AA?$AA@ 0000000180011000     LIBCMT:winapinls.obj
 0002:00004010       ??_C@_1M@HEIIGGJD@?$AAe?$AAs?$AA?9?$AAh?$AAn?$AA?$AA@ 0000000180011010     LIBCMT:winapinls.obj
 0002:00004020       ??_C@_1M@FBDHPPGD@?$AAe?$AAs?$AA?9?$AAm?$AAx?$AA?$AA@ 0000000180011020     LIBCMT:winapinls.obj
 0002:00004030       ??_C@_1M@DPAGLNDH@?$AAe?$AAs?$AA?9?$AAn?$AAi?$AA?$AA@ 0000000180011030     LIBCMT:winapinls.obj
 0002:00004040       ??_C@_1M@MDGOPGDD@?$AAe?$AAs?$AA?9?$AAp?$AAa?$AA?$AA@ 0000000180011040     LIBCMT:winapinls.obj
 0002:00004050       ??_C@_1M@EMAMGBGE@?$AAe?$AAs?$AA?9?$AAp?$AAe?$AA?$AA@ 0000000180011050     LIBCMT:winapinls.obj
 0002:00004060       ??_C@_1M@IBMCAOEC@?$AAe?$AAs?$AA?9?$AAp?$AAr?$AA?$AA@ 0000000180011060     LIBCMT:winapinls.obj
 0002:00004070       ??_C@_1M@FGMDIJED@?$AAe?$AAs?$AA?9?$AAp?$AAy?$AA?$AA@ 0000000180011070     LIBCMT:winapinls.obj
 0002:00004080       ??_C@_1M@IIDEOLLL@?$AAe?$AAs?$AA?9?$AAs?$AAv?$AA?$AA@ 0000000180011080     LIBCMT:winapinls.obj
 0002:00004090       ??_C@_1M@GAOBIPA@?$AAe?$AAs?$AA?9?$AAu?$AAy?$AA?$AA@ 0000000180011090     LIBCMT:winapinls.obj
 0002:000040a0       ??_C@_1M@JKFFICHJ@?$AAe?$AAs?$AA?9?$AAv?$AAe?$AA?$AA@ 00000001800110a0     LIBCMT:winapinls.obj
 0002:000040b0       ??_C@_1M@PNMLOJDF@?$AAe?$AAt?$AA?9?$AAe?$AAe?$AA?$AA@ 00000001800110b0     LIBCMT:winapinls.obj
 0002:000040c0       ??_C@_1M@GHHLIKEI@?$AAe?$AAu?$AA?9?$AAe?$AAs?$AA?$AA@ 00000001800110c0     LIBCMT:winapinls.obj
 0002:000040d0       ??_C@_1M@PBNONODE@?$AAf?$AAa?$AA?9?$AAi?$AAr?$AA?$AA@ 00000001800110d0     LIBCMT:winapinls.obj
 0002:000040e0       ??_C@_1M@JEEHPMIL@?$AAf?$AAi?$AA?9?$AAf?$AAi?$AA?$AA@ 00000001800110e0     LIBCMT:winapinls.obj
 0002:000040f0       ??_C@_1M@LMDCNDBA@?$AAf?$AAo?$AA?9?$AAf?$AAo?$AA?$AA@ 00000001800110f0     LIBCMT:winapinls.obj
 0002:00004100       ??_C@_1M@JKEOHLDK@?$AAf?$AAr?$AA?9?$AAb?$AAe?$AA?$AA@ 0000000180011100     LIBCMT:winapinls.obj
 0002:00004110       ??_C@_1M@NOHADPMI@?$AAf?$AAr?$AA?9?$AAc?$AAa?$AA?$AA@ 0000000180011110     LIBCMT:winapinls.obj
 0002:00004120       ??_C@_1M@KDHIHAEC@?$AAf?$AAr?$AA?9?$AAc?$AAh?$AA?$AA@ 0000000180011120     LIBCMT:winapinls.obj
 0002:00004130       ??_C@_1M@MMBBFGAK@?$AAf?$AAr?$AA?9?$AAf?$AAr?$AA?$AA@ 0000000180011130     LIBCMT:winapinls.obj
 0002:00004140       ??_C@_1M@PAFNENNF@?$AAf?$AAr?$AA?9?$AAl?$AAu?$AA?$AA@ 0000000180011140     LIBCMT:winapinls.obj
 0002:00004150       ??_C@_1M@EOHDJGDD@?$AAf?$AAr?$AA?9?$AAm?$AAc?$AA?$AA@ 0000000180011150     LIBCMT:winapinls.obj
 0002:00004160       ??_C@_1M@FAPLLOPF@?$AAg?$AAl?$AA?9?$AAe?$AAs?$AA?$AA@ 0000000180011160     LIBCMT:winapinls.obj
 0002:00004170       ??_C@_1M@FOPBFLOO@?$AAg?$AAu?$AA?9?$AAi?$AAn?$AA?$AA@ 0000000180011170     LIBCMT:winapinls.obj
 0002:00004180       ??_C@_1M@KBMCINPM@?$AAh?$AAe?$AA?9?$AAi?$AAl?$AA?$AA@ 0000000180011180     LIBCMT:winapinls.obj
 0002:00004190       ??_C@_1M@BBPHKFPJ@?$AAh?$AAi?$AA?9?$AAi?$AAn?$AA?$AA@ 0000000180011190     LIBCMT:winapinls.obj
 0002:000041a0       ??_C@_1M@PMBNDPHD@?$AAh?$AAr?$AA?9?$AAb?$AAa?$AA?$AA@ 00000001800111a0     LIBCMT:winapinls.obj
 0002:000041b0       ??_C@_1M@BPCKOEGE@?$AAh?$AAr?$AA?9?$AAh?$AAr?$AA?$AA@ 00000001800111b0     LIBCMT:winapinls.obj
 0002:000041c0       ??_C@_1M@GACBMHKE@?$AAh?$AAu?$AA?9?$AAh?$AAu?$AA?$AA@ 00000001800111c0     LIBCMT:winapinls.obj
 0002:000041d0       ??_C@_1M@MILPAJJC@?$AAh?$AAy?$AA?9?$AAa?$AAm?$AA?$AA@ 00000001800111d0     LIBCMT:winapinls.obj
 0002:000041e0       ??_C@_1M@BABBICEC@?$AAi?$AAd?$AA?9?$AAi?$AAd?$AA?$AA@ 00000001800111e0     LIBCMT:winapinls.obj
[...]
 0003:000006bc       DoserrorNoMem              00000001800146bc     LIBCMT:dosmap.obj
 0003:00000b00       _ctype_loc_style           0000000180014b00     LIBCMT:wsetloca.obj
 0003:00000b68       ?isPackaged@?1??__crtIsPackagedApp@@9@9 0000000180014b68     LIBCMT:winapisupp.obj
 0003:00000b70       _locktable                 0000000180014b70     LIBCMT:mlock.obj
 0003:000012a8       DoubleFormat               00000001800152a8     LIBCMT:intrncvt.obj
 0003:000012c0       FloatFormat                00000001800152c0     LIBCMT:intrncvt.obj
 0003:000015a0       _module                    00000001800155a0     * CIL library *:* CIL module *
 0003:00001668       __proc_attached            0000000180015668     LIBCMT:dllcrt0.obj
 0003:00001680       GS_ExceptionRecord         0000000180015680     LIBCMT:gs_report.obj
 0003:00001720       GS_ContextRecord           0000000180015720     LIBCMT:gs_report.obj
 0003:00001bf0       DebuggerWasPresent         0000000180015bf0     LIBCMT:gs_report.obj
 0003:00001c20       fSystemSet                 0000000180015c20     LIBCMT:mbctype.obj
 0003:00001e90       ?_pgmname@?1??_setargv@@9@9 0000000180015e90     LIBCMT:stdargv.obj
 0003:00001fa0       lclcritsects               0000000180015fa0     LIBCMT:mlock.obj
 0003:000021d8       __crtCallProc              00000001800161d8     LIBCMT:winapinls.obj
 0003:000021f0       ?outmsg@?8??_NMSG_WRITE@@9@9 00000001800161f0     LIBCMT:crt0msg.obj
 0003:00002830       ctrlc_action               0000000180016830     LIBCMT:winsig.obj
 0003:00002838       ctrlbreak_action           0000000180016838     LIBCMT:winsig.obj
 0003:00002840       abort_action               0000000180016840     LIBCMT:winsig.obj
 0003:00002848       term_action                0000000180016848     LIBCMT:winsig.obj
 0003:00002850       ConsoleCtrlHandler_Installed 0000000180016850     LIBCMT:winsig.obj
 0003:00002858       g_pfnRtlGenRandom          0000000180016858     LIBCMT:rand_s.obj
 0003:00002880       ?pfnMessageBox@?1??__crtMessageBoxW@@9@9 0000000180016880     LIBCMT:crtmboxw.obj
 0003:00002888       ?pfnGetActiveWindow@?1??__crtMessageBoxW@@9@9 0000000180016888     LIBCMT:crtmboxw.obj
 0003:00002890       ?pfnGetLastActivePopup@?1??__crtMessageBoxW@@9@9 0000000180016890     LIBCMT:crtmboxw.obj
 0003:00002898       ?pfnGetProcessWindowStation@?1??__crtMessageBoxW@@9@9 0000000180016898     LIBCMT:crtmboxw.obj
 0003:000028a0       ?pfnGetUserObjectInformation@?1??__crtMessageBoxW@@9@9 00000001800168a0     LIBCMT:crtmboxw.obj
 0004:00000000       $pdata$?NODE_SET_METHOD@node@@YAXV?$Local@VObject@v8@@@v8@@PEBDP6AXAEBV?$FunctionCallbackInfo@VValue@v8@@@3@@Z@Z 0000000180018000     * CIL library *:* CIL module *
 0004:0000000c       $pdata$?Substract@@YAXAEBV?$FunctionCallbackInfo@VValue@v8@@@v8@@@Z 000000018001800c     * CIL library *:* CIL module *
 0004:00000018       $pdata$1$?Substract@@YAXAEBV?$FunctionCallbackInfo@VValue@v8@@@v8@@@Z 0000000180018018     * CIL library *:* CIL module *
 0004:00000024       $pdata$2$?Substract@@YAXAEBV?$FunctionCallbackInfo@VValue@v8@@@v8@@@Z 0000000180018024     * CIL library *:* CIL module *
 0004:00000030       $pdata$?Init@@YAXV?$Local@VObject@v8@@@v8@@@Z 0000000180018030     * CIL library *:* CIL module *
 0004:0000003c       $pdata$?load_exe_hook@@YAP6A_JXZIPEAUDelayLoadInfo@@@Z 000000018001803c     * CIL library *:* CIL module *
 0004:00000060       $pdata$??0_LocaleUpdate@@QEAA@PEAUlocaleinfo_struct@@@Z 0000000180018060     LIBCMT:stricmp.obj
 0004:0000006c       $pdata$_stricmp            000000018001806c     LIBCMT:stricmp.obj
 0004:00000078       $pdata$_stricmp_l          0000000180018078     LIBCMT:stricmp.obj
 0004:00000084       $pdata$_CRT_INIT           0000000180018084     LIBCMT:dllcrt0.obj
 0004:00000090       $pdata$_DllMainCRTStartup  0000000180018090     LIBCMT:dllcrt0.obj
 0004:0000009c       $pdata$__DllMainCRTStartup 000000018001809c     LIBCMT:dllcrt0.obj
 0004:000000a8       $pdata$__raise_securityfailure 00000001800180a8     LIBCMT:gs_report.obj
 0004:000000b4       $pdata$__report_gsfailure  00000001800180b4     LIBCMT:gs_report.obj
 0004:000000c0       $pdata$_call_reportfault   00000001800180c0     LIBCMT:invarg.obj
 0004:000000cc       $pdata$_invalid_parameter  00000001800180cc     LIBCMT:invarg.obj
 0004:000000d8       $pdata$_invalid_parameter_noinfo 00000001800180d8     LIBCMT:invarg.obj
 0004:000000e4       $pdata$_invoke_watson      00000001800180e4     LIBCMT:invarg.obj
 0004:000000f0       $pdata$__freetlocinfo      00000001800180f0     LIBCMT:localref.obj
 0004:000000fc       $pdata$__updatetlocinfo    00000001800180fc     LIBCMT:localref.obj
 0004:00000108       $pdata$_updatetlocinfoEx_nolock 0000000180018108     LIBCMT:localref.obj
 0004:00000114       $pdata$__initmbctable      0000000180018114     LIBCMT:mbctype.obj
 0004:00000120       $pdata$?getSystemCP@@YAHH@Z 0000000180018120     LIBCMT:mbctype.obj
 0004:0000012c       $pdata$?setSBCS@@YAXPEAUthreadmbcinfostruct@@@Z 000000018001812c     LIBCMT:mbctype.obj
 0004:00000138       $pdata$?setSBUpLow@@YAXPEAUthreadmbcinfostruct@@@Z 0000000180018138     LIBCMT:mbctype.obj
 0004:00000144       $pdata$__updatetmbcinfo    0000000180018144     LIBCMT:mbctype.obj
 0004:00000150       $pdata$_setmbcp            0000000180018150     LIBCMT:mbctype.obj
 0004:0000015c       $pdata$_setmbcp_nolock     000000018001815c     LIBCMT:mbctype.obj
 0004:00000168       $pdata$_tolower_l          0000000180018168     LIBCMT:tolower.obj
 0004:00000174       $pdata$_freefls            0000000180018174     LIBCMT:tidtable.obj
 0004:00000180       $pdata$_freeptd            0000000180018180     LIBCMT:tidtable.obj
 0004:0000018c       $pdata$_getptd             000000018001818c     LIBCMT:tidtable.obj
 0004:00000198       $pdata$_getptd_noexit      0000000180018198     LIBCMT:tidtable.obj
 0004:000001a4       $pdata$_initptd            00000001800181a4     LIBCMT:tidtable.obj
 0004:000001b0       $pdata$_mtinit             00000001800181b0     LIBCMT:tidtable.obj
 0004:000001bc       $pdata$_mtterm             00000001800181bc     LIBCMT:tidtable.obj
 0004:000001c8       $pdata$__doserrno          00000001800181c8     LIBCMT:dosmap.obj
 0004:000001d4       $pdata$_dosmaperr          00000001800181d4     LIBCMT:dosmap.obj
 0004:000001e0       $pdata$_errno              00000001800181e0     LIBCMT:dosmap.obj
 0004:000001ec       $pdata$_locterm            00000001800181ec     LIBCMT:wsetloca.obj
 0004:000001f8       $pdata$_XcptFilter         00000001800181f8     LIBCMT:winxfltr.obj
 0004:00000204       $pdata$__crtCorExitProcess 0000000180018204     LIBCMT:crt0dat.obj
 0004:00000210       $pdata$__crtExitProcess    0000000180018210     LIBCMT:crt0dat.obj
 0004:0000021c       $pdata$__freeCrtMemory     000000018001821c     LIBCMT:crt0dat.obj
 0004:00000228       $pdata$_amsg_exit          0000000180018228     LIBCMT:crt0dat.obj
 0004:00000234       $pdata$_cinit              0000000180018234     LIBCMT:crt0dat.obj
 0004:00000240       $pdata$_init_pointers      0000000180018240     LIBCMT:crt0dat.obj
 0004:0000024c       $pdata$_initterm           000000018001824c     LIBCMT:crt0dat.obj
 0004:00000258       $pdata$_initterm_e         0000000180018258     LIBCMT:crt0dat.obj
 0004:00000264       $pdata$doexit              0000000180018264     LIBCMT:crt0dat.obj
 0004:00000270       $pdata$_heap_init          0000000180018270     LIBCMT:heapinit.obj
 0004:0000027c       $pdata$_ioinit             000000018001827c     LIBCMT:ioinit.obj
 0004:00000288       $pdata$_ioterm             0000000180018288     LIBCMT:ioinit.obj
 0004:00000294       $pdata$_setargv            0000000180018294     LIBCMT:stdargv.obj
 0004:000002a0       $pdata$parse_cmdline       00000001800182a0     LIBCMT:stdargv.obj
 0004:000002ac       $pdata$_setenvp            00000001800182ac     LIBCMT:stdenvp.obj
 0004:000002b8       $pdata$free                00000001800182b8     LIBCMT:free.obj
 0004:000002c4       $pdata$__security_init_cookie 00000001800182c4     LIBCMT:gs_support.obj
 0004:000002d0       $pdata$__crtGetEnvironmentStringsA 00000001800182d0     LIBCMT:a_env.obj
 0004:000002dc       $pdata$__crtCaptureCurrentContext 00000001800182dc     LIBCMT:winapisupp.obj
 0004:000002e8       $pdata$__crtCapturePreviousContext 00000001800182e8     LIBCMT:winapisupp.obj
 0004:000002f4       $pdata$__crtInitializeCriticalSectionEx 00000001800182f4     LIBCMT:winapisupp.obj
 0004:00000300       $pdata$__crtIsPackagedApp  0000000180018300     LIBCMT:winapisupp.obj
 0004:0000030c       $pdata$__crtLoadWinApiPointers 000000018001830c     LIBCMT:winapisupp.obj
 0004:00000318       $pdata$__crtTerminateProcess 0000000180018318     LIBCMT:winapisupp.obj
 0004:00000324       $pdata$__crtUnhandledException 0000000180018324     LIBCMT:winapisupp.obj
 0004:00000330       $pdata$_calloc_crt         0000000180018330     LIBCMT:crtheap.obj
 0004:0000033c       $pdata$_malloc_crt         000000018001833c     LIBCMT:crtheap.obj
 0004:00000348       $pdata$_realloc_crt        0000000180018348     LIBCMT:crtheap.obj
 0004:00000354       $pdata$_RTC_Initialize     0000000180018354     LIBCMT:initsect.obj
 0004:00000360       $pdata$_RTC_Terminate      0000000180018360     LIBCMT:initsect.obj
 0004:0000036c       $pdata$__C_specific_handler 000000018001836c     LIBCMT:chandler.obj
 0004:00000378       $pdata$__GSHandlerCheck    0000000180018378     LIBCMT:gshandler.obj
 0004:00000384       $pdata$__GSHandlerCheckCommon 0000000180018384     LIBCMT:gshandler.obj
 0004:0000039c       $pdata$_lock               000000018001839c     LIBCMT:mlock.obj
 0004:000003a8       $pdata$_mtdeletelocks      00000001800183a8     LIBCMT:mlock.obj
 0004:000003b4       $pdata$_mtinitlocknum      00000001800183b4     LIBCMT:mlock.obj
 0004:000003c0       $pdata$_mtinitlocks        00000001800183c0     LIBCMT:mlock.obj
 0004:000003cc       $pdata$__free_lconv_mon    00000001800183cc     LIBCMT:initmon.obj
 0004:000003d8       $pdata$__free_lconv_num    00000001800183d8     LIBCMT:initnum.obj
 0004:000003e4       $pdata$__free_lc_time      00000001800183e4     LIBCMT:inittime.obj
 0004:000003f0       $pdata$?__crtLCMapStringA_stat@@YAHPEAUlocaleinfo_struct@@PEB_WKPEBDHPEADHHH@Z 00000001800183f0     LIBCMT:a_map.obj
 0004:000003fc       $pdata$__crtLCMapStringA   00000001800183fc     LIBCMT:a_map.obj
 0004:00000408       $pdata$?__crtGetStringTypeA_stat@@YAHPEAUlocaleinfo_struct@@KPEBDHPEAGHH@Z 0000000180018408     LIBCMT:a_str.obj
 0004:00000414       $pdata$__crtGetStringTypeA 0000000180018414     LIBCMT:a_str.obj
 0004:00000420       $pdata$_isctype_l          0000000180018420     LIBCMT:isctype.obj
 0004:0000042c       $pdata$_isleadbyte_l       000000018001842c     LIBCMT:_wctype.obj
 0004:00000438       $pdata$isleadbyte          0000000180018438     LIBCMT:_wctype.obj
 0004:0000045c       $pdata$wcscat_s            000000018001845c     LIBCMT:wcscat_s.obj
 0004:00000468       $pdata$wcscpy_s            0000000180018468     LIBCMT:wcscpy_s.obj
 0004:00000474       $pdata$wcsncpy_s           0000000180018474     LIBCMT:wcsncpy_s.obj
 0004:00000480       $pdata$GetTableIndexFromLocaleName 0000000180018480     LIBCMT:winapinls.obj
 0004:0000048c       $pdata$__crtDownlevelLocaleNameToLCID 000000018001848c     LIBCMT:winapinls.obj
 0004:00000498       $pdata$__crtLCMapStringEx  0000000180018498     LIBCMT:winapinls.obj
 0004:000004a4       $pdata$_FF_MSGBANNER       00000001800184a4     LIBCMT:crt0msg.obj
 0004:000004b0       $pdata$_NMSG_WRITE         00000001800184b0     LIBCMT:crt0msg.obj
 0004:000004bc       $pdata$_IsNonwritableInCurrentImage 00000001800184bc     LIBCMT:pesect.obj
 0004:000004c8       $pdata$__onexitinit        00000001800184c8     LIBCMT:onexit.obj
 0004:000004d4       $pdata$_onexit             00000001800184d4     LIBCMT:onexit.obj
 0004:000004e0       $pdata$atexit              00000001800184e0     LIBCMT:onexit.obj
 0004:000004ec       $pdata$_initp_misc_cfltcvt_tab 00000001800184ec     LIBCMT:cmiscdat.obj
 0004:000004f8       $pdata$?terminate@@YAXXZ   00000001800184f8     LIBCMT:hooks.obj
 0004:00000504       $pdata$_initp_eh_hooks     0000000180018504     LIBCMT:hooks.obj
 0004:00000510       $pdata$_callnewh           0000000180018510     LIBCMT:handler.obj
 0004:0000051c       $pdata$raise               000000018001851c     LIBCMT:winsig.obj
 0004:00000558       $pdata$__initstdio         0000000180018558     LIBCMT:_file.obj
 0004:00000564       $pdata$__endstdio          0000000180018564     LIBCMT:_file.obj
 0004:00000570       $pdata$_lock_file          0000000180018570     LIBCMT:_file.obj
 0004:0000057c       $pdata$_lock_file2         000000018001857c     LIBCMT:_file.obj
 0004:00000588       $pdata$?x_ismbbtype_l@@YAHPEAUlocaleinfo_struct@@IHH@Z 0000000180018588     LIBCMT:ismbbyte.obj
 0004:00000594       $pdata$strcpy_s            0000000180018594     LIBCMT:strcpy_s.obj
 0004:000005ac       $pdata$malloc              00000001800185ac     LIBCMT:malloc.obj
 0004:000005b8       $pdata$realloc             00000001800185b8     LIBCMT:realloc.obj
 0004:000005c4       $pdata$_calloc_impl        00000001800185c4     LIBCMT:calloc_impl.obj
 0004:000005d0       $pdata$__isa_available_init 00000001800185d0     LIBCMT:cpu_disp.obj
 0004:000005e8       $pdata$_set_error_mode     00000001800185e8     LIBCMT:errmode.obj
 0004:000005f4       $pdata$__crtMessageBoxW    00000001800185f4     LIBCMT:crtmboxw.obj
 0004:00000600       $pdata$_msize              0000000180018600     LIBCMT:msize.obj
 0004:0000060c       $pdata$abort               000000018001860c     LIBCMT:abort.obj
 0004:00000618       $pdata$_fileno             0000000180018618     LIBCMT:fileno.obj
 0004:00000624       $pdata$_isatty             0000000180018624     LIBCMT:isatty.obj
 0004:00000630       $pdata$_fflush_nolock      0000000180018630     LIBCMT:fflush.obj
 0004:0000063c       $pdata$_flush              000000018001863c     LIBCMT:fflush.obj
 0004:00000648       $pdata$flsall              0000000180018648     LIBCMT:fflush.obj
 0004:00000654       $pdata$_fcloseall          0000000180018654     LIBCMT:closeall.obj
 0004:00000660       $pdata$_commit             0000000180018660     LIBCMT:commit.obj
 0004:0000066c       $pdata$_write              000000018001866c     LIBCMT:write.obj
 0004:00000678       $pdata$_write_nolock       0000000180018678     LIBCMT:write.obj
 0004:00000684       $pdata$_fclose_nolock      0000000180018684     LIBCMT:fclose.obj
 0004:00000690       $pdata$fclose              0000000180018690     LIBCMT:fclose.obj
 0004:0000069c       $pdata$__crt_atoflt_l      000000018001869c     LIBCMT:atodbl.obj
 0004:000006a8       $pdata$_atodbl_l           00000001800186a8     LIBCMT:atodbl.obj
 0004:000006b4       $pdata$__lock_fhandle      00000001800186b4     LIBCMT:osfinfo.obj
 0004:000006c0       $pdata$_free_osfhnd        00000001800186c0     LIBCMT:osfinfo.obj
 0004:000006cc       $pdata$_get_osfhandle      00000001800186cc     LIBCMT:osfinfo.obj
 0004:000006d8       $pdata$_lseeki64_nolock    00000001800186d8     LIBCMT:lseeki64.obj
 0004:000006e4       $pdata$_mbtowc_l           00000001800186e4     LIBCMT:mbtowc.obj
 0004:000006f0       $pdata$_putwch_nolock      00000001800186f0     LIBCMT:putwch.obj
 0004:000006fc       $pdata$_close              00000001800186fc     LIBCMT:close.obj
 0004:00000708       $pdata$_close_nolock       0000000180018708     LIBCMT:close.obj
 0004:00000714       $pdata$_freebuf            0000000180018714     LIBCMT:_freebuf.obj
 0004:00000720       $pdata$_ld12tod            0000000180018720     LIBCMT:intrncvt.obj
 0004:0000072c       $pdata$_ld12tof            000000018001872c     LIBCMT:intrncvt.obj
 0004:00000738       $pdata$__strgtold12_l      0000000180018738     LIBCMT:strgtold.obj
 0004:00000744       $pdata$_cfltcvt            0000000180018744     LIBCMT:cvt.obj
 0004:00000750       $pdata$_cfltcvt_l          0000000180018750     LIBCMT:cvt.obj
 0004:0000075c       $pdata$_cftoa_l            000000018001875c     LIBCMT:cvt.obj
 0004:00000768       $pdata$_cftoe2_l           0000000180018768     LIBCMT:cvt.obj
 0004:00000774       $pdata$_cftoe_l            0000000180018774     LIBCMT:cvt.obj
 0004:00000780       $pdata$_cftof2_l           0000000180018780     LIBCMT:cvt.obj
 0004:0000078c       $pdata$_cftof_l            000000018001878c     LIBCMT:cvt.obj
 0004:00000798       $pdata$_cftog_l            0000000180018798     LIBCMT:cvt.obj
 0004:000007a4       $pdata$_cropzeros_l        00000001800187a4     LIBCMT:cvt.obj
 0004:000007b0       $pdata$_fassign_l          00000001800187b0     LIBCMT:cvt.obj
 0004:000007bc       $pdata$_forcdecpt_l        00000001800187bc     LIBCMT:cvt.obj
 0004:000007c8       $pdata$__termconout        00000001800187c8     LIBCMT:initcon.obj
 0004:000007d4       $pdata$__initconout        00000001800187d4     LIBCMT:initcon.obj
 0004:000007e0       $pdata$__mtold12           00000001800187e0     LIBCMT:mantold.obj
 0004:000007ec       $pdata$isdigit             00000001800187ec     LIBCMT:_ctype.obj
 0004:000007f8       $pdata$strrchr             00000001800187f8     LIBCMT:strrchr.obj
 0004:00000804       $pdata$_fptostr            0000000180018804     LIBCMT:_fptostr.obj
 0004:00000810       $pdata$__dtold             0000000180018810     LIBCMT:cfout.obj
 0004:0000081c       $pdata$_fltout2            000000018001881c     LIBCMT:cfout.obj
 0004:00000828       $pdata$$I10_OUTPUT         0000000180018828     LIBCMT:x10fout.obj
 0004:00000834       $pdata$__delayLoadHelper2  0000000180018834     DelayImp:delayhlp.obj
 0004:00000840       $pdata$_CRT_INIT$fin$0     0000000180018840     LIBCMT:dllcrt0.obj
 0004:0000084c       $pdata$__DllMainCRTStartup$filt$0 000000018001884c     LIBCMT:dllcrt0.obj
 0004:00000858       $pdata$__updatetlocinfo$fin$0 0000000180018858     LIBCMT:localref.obj
 0004:00000858       $pdata$_locterm$fin$0      0000000180018858     LIBCMT:localref.obj
 0004:00000864       $pdata$__updatetmbcinfo$fin$0 0000000180018864     LIBCMT:mbctype.obj
 0004:00000864       $pdata$_setmbcp$fin$0      0000000180018864     LIBCMT:mbctype.obj
 0004:00000870       $pdata$_initptd$fin$1      0000000180018870     LIBCMT:tidtable.obj
 0004:00000870       $pdata$_freefls$fin$1      0000000180018870     LIBCMT:tidtable.obj
 0004:0000087c       $pdata$_initptd$fin$0      000000018001887c     LIBCMT:tidtable.obj
 0004:0000087c       $pdata$_freefls$fin$0      000000018001887c     LIBCMT:tidtable.obj
 0004:00000888       $pdata$doexit$fin$0        0000000180018888     LIBCMT:crt0dat.obj
 0004:00000894       $pdata$_ioinit$fin$0       0000000180018894     LIBCMT:ioinit.obj
 0004:000008a0       $pdata$_mtinitlocknum$fin$0 00000001800188a0     LIBCMT:mlock.obj
 0004:000008ac       $pdata$_IsNonwritableInCurrentImage$filt$0 00000001800188ac     LIBCMT:pesect.obj
 0004:000008b8       $pdata$_onexit$fin$0       00000001800188b8     LIBCMT:onexit.obj
 0004:000008c4       $pdata$raise$fin$0         00000001800188c4     LIBCMT:winsig.obj
 0004:000008d0       $pdata$flsall$fin$0        00000001800188d0     LIBCMT:fflush.obj
 0004:000008dc       $pdata$flsall$fin$1        00000001800188dc     LIBCMT:fflush.obj
 0004:000008e8       $pdata$_fcloseall$fin$0    00000001800188e8     LIBCMT:closeall.obj
 0004:000008f4       $pdata$_close$fin$0        00000001800188f4     LIBCMT:commit.obj
 0004:000008f4       $pdata$_commit$fin$0       00000001800188f4     LIBCMT:commit.obj
 0004:00000900       $pdata$_write$fin$0        0000000180018900     LIBCMT:write.obj
 0004:0000090c       $pdata$fclose$fin$0        000000018001890c     LIBCMT:fclose.obj
 0004:00000918       $pdata$__lock_fhandle$fin$0 0000000180018918     LIBCMT:osfinfo.obj
 0005:00000060       $R000000                   0000000180019060     * linker generated manifest res *

 Exports

  ordinal    name

        1    _register_addon_
