 addon

 Timestamp is 57bec048 (Thu Aug 25 15:24:16 2016)

 Preferred load address is 0000000180000000

 Start         Length     Name                   Class
 0001:00000000 00000013H .text$di                CODE
 0001:00000020 0000b5f3H .text$mn                CODE
 0001:0000b620 00000257H .text$x                 CODE
 0001:0000b880 00000000H .text$yd                CODE
 0002:00000000 00000220H .idata$5                DATA
 0002:00000220 00000008H .CRT$XCA                DATA
 0002:00000228 00000018H .CRT$XCU                DATA
 0002:00000240 00000008H .CRT$XCZ                DATA
 0002:00000248 00000008H .CRT$XIA                DATA
 0002:00000250 00000020H .CRT$XIC                DATA
 0002:00000270 00000008H .CRT$XIZ                DATA
 0002:00000278 00000008H .CRT$XPA                DATA
 0002:00000280 00000010H .CRT$XPX                DATA
 0002:00000290 00000008H .CRT$XPXA               DATA
 0002:00000298 00000008H .CRT$XPZ                DATA
 0002:000002a0 00000008H .CRT$XTA                DATA
 0002:000002a8 00000008H .CRT$XTZ                DATA
 0002:000002b0 00006eb0H .rdata                  DATA
 0002:00007160 0000007cH .rdata$debug            DATA
 0002:000071e0 00000000H .rdata$r                DATA
 0002:000071e0 00000008H .rtc$IAA                DATA
 0002:000071e8 00000008H .rtc$IZZ                DATA
 0002:000071f0 00000008H .rtc$TAA                DATA
 0002:000071f8 00000008H .rtc$TZZ                DATA
 0002:00007200 000008fcH .xdata                  DATA
 0002:00007b00 00000000H .xdata$x                DATA
 0002:00007b00 00000020H .didat$2                DATA
 0002:00007b20 00000020H .didat$3                DATA
 0002:00007b40 000000d8H .didat$4                DATA
 0002:00007c18 000006beH .didat$6                DATA
 0002:000082d8 000000d8H .didat$7                DATA
 0002:000083b0 0000004eH .edata                  DATA
 0002:00008400 00000014H .idata$2                DATA
 0002:00008414 00000014H .idata$3                DATA
 0002:00008428 00000220H .idata$4                DATA
 0002:00008648 000004ecH .idata$6                DATA
 0003:00000000 00001808H .data                   DATA
 0003:00001808 00000000H .data$r                 DATA
 0003:00001808 000000d8H .didat$5                DATA
 0003:000018e0 00002498H .bss                    DATA
 0004:00000000 00000990H .pdata                  DATA
 0005:00000000 00000058H .rsrc$01                DATA
 0005:00000060 00000180H .rsrc$02                DATA

  Address         Publics by Value              Rva+Base               Lib:Object

 0000:00000000       ___safe_se_handler_count   0000000000000000     <absolute>
 0000:00000000       ___safe_se_handler_table   0000000000000000     <absolute>
 0000:00000000       __guard_fids_table         0000000000000000     <absolute>
 0000:00000000       __guard_flags              0000000000000000     <absolute>
 0000:00000000       __guard_fids_count         0000000000000000     <absolute>
 0000:00000000       __ImageBase                0000000180000000     <linker-defined>
 0001:000000d0       ?New@?$Factory@VFunctionTemplate@v8@@@imp@Nan@@SA?AV?$Local@VFunctionTemplate@v8@@@v8@@P6AXAEBV?$FunctionCallbackInfo@VValue@v8@@@3@@ZV?$Local@VValue@v8@@@5@V?$Local@VSignature@v8@@@5@@Z 00000001800010d0 f i addon.obj
 0001:00000270       ?ThrowTypeError@Nan@@YAXPEBD@Z 0000000180001270 f i addon.obj
 0001:00000300       ?Substract@@YAXAEBV?$FunctionCallbackInfo@VValue@v8@@@Nan@@@Z 0000000180001300 f   addon.obj
 0001:000004a0       ?Init@@YAXV?$Local@VObject@v8@@@v8@@@Z 00000001800014a0 f   addon.obj
 0001:0000057c       __imp_load_node_module_register 000000018000157c f   node:node.exe
 0001:00000588       __tailMerge_node_exe       0000000180001588 f i node:node.exe
 0001:00000601       __imp_load_?ToLocalEmpty@V8@v8@@CAXXZ 0000000180001601 f   node:node.exe
 0001:0000060d       __imp_load_?Escape@EscapableHandleScope@v8@@AEAAPEAPEAVObject@internal@2@PEAPEAV342@@Z 000000018000160d f   node:node.exe
 0001:00000619       __imp_load_??0EscapableHandleScope@v8@@QEAA@PEAVIsolate@1@@Z 0000000180001619 f   node:node.exe
 0001:00000625       __imp_load_?NumberValue@Value@v8@@QEBANXZ 0000000180001625 f   node:node.exe
 0001:00000631       __imp_load_?IsNumber@Value@v8@@QEBA_NXZ 0000000180001631 f   node:node.exe
 0001:0000063d       __imp_load_?GetFunction@FunctionTemplate@v8@@QEAA?AV?$Local@VFunction@v8@@@2@XZ 000000018000163d f   node:node.exe
 0001:00000649       __imp_load_?New@FunctionTemplate@v8@@SA?AV?$Local@VFunctionTemplate@v8@@@2@PEAVIsolate@2@P6AXAEBV?$FunctionCallbackInfo@VValue@v8@@@2@@ZV?$Local@VValue@v8@@@2@V?$Local@VSignature@v8@@@2@H@Z 0000000180001649 f   node:node.exe
 0001:00000655       __imp_load_?TypeError@Exception@v8@@SA?AV?$Local@VValue@v8@@@2@V?$Local@VString@v8@@@2@@Z 0000000180001655 f   node:node.exe
 0001:00000661       __imp_load_?NewFromUtf8@String@v8@@SA?AV?$MaybeLocal@VString@v8@@@2@PEAVIsolate@2@PEBDW4NewStringType@2@H@Z 0000000180001661 f   node:node.exe
 0001:0000066d       __imp_load_?CreateHandle@HandleScope@v8@@KAPEAPEAVObject@internal@2@PEAVIsolate@42@PEAV342@@Z 000000018000166d f   node:node.exe
 0001:00000679       __imp_load_?CreateHandle@HandleScope@v8@@CAPEAPEAVObject@internal@2@PEAVHeapObject@42@PEAV342@@Z 0000000180001679 f   node:node.exe
 0001:00000685       __imp_load_??1HandleScope@v8@@QEAA@XZ 0000000180001685 f   node:node.exe
 0001:00000691       __imp_load_??0HandleScope@v8@@QEAA@PEAVIsolate@1@@Z 0000000180001691 f   node:node.exe
 0001:0000069d       __imp_load_?New@Number@v8@@SA?AV?$Local@VNumber@v8@@@2@PEAVIsolate@2@N@Z 000000018000169d f   node:node.exe
 0001:000006a9       __imp_load_?SlowGetInternalField@Object@v8@@AEAA?AV?$Local@VValue@v8@@@2@H@Z 00000001800016a9 f   node:node.exe
 0001:000006b5       __imp_load_?SetInternalField@Object@v8@@QEAAXHV?$Local@VValue@v8@@@2@@Z 00000001800016b5 f   node:node.exe
 0001:000006c1       __imp_load_?Set@Object@v8@@QEAA_NV?$Local@VValue@v8@@@2@0@Z 00000001800016c1 f   node:node.exe
 0001:000006cd       __imp_load_?SetInternalFieldCount@ObjectTemplate@v8@@QEAAXH@Z 00000001800016cd f   node:node.exe
 0001:000006d9       __imp_load_?NewInstance@ObjectTemplate@v8@@QEAA?AV?$MaybeLocal@VObject@v8@@@2@V?$Local@VContext@v8@@@2@@Z 00000001800016d9 f   node:node.exe
 0001:000006e5       __imp_load_?New@ObjectTemplate@v8@@SA?AV?$Local@VObjectTemplate@v8@@@2@PEAVIsolate@2@V?$Local@VFunctionTemplate@v8@@@2@@Z 00000001800016e5 f   node:node.exe
 0001:000006f1       __imp_load_?ThrowException@Isolate@v8@@QEAA?AV?$Local@VValue@v8@@@2@V32@@Z 00000001800016f1 f   node:node.exe
 0001:000006fd       __imp_load_?GetCurrentContext@Isolate@v8@@QEAA?AV?$Local@VContext@v8@@@2@XZ 00000001800016fd f   node:node.exe
 0001:00000709       __imp_load_?GetCurrent@Isolate@v8@@SAPEAV12@XZ 0000000180001709 f   node:node.exe
 0001:00000715       __imp_load_?Value@External@v8@@QEBAPEAXXZ 0000000180001715 f   node:node.exe
 0001:00000721       __imp_load_?New@External@v8@@SA?AV?$Local@VExternal@v8@@@2@PEAVIsolate@2@PEAX@Z 0000000180001721 f   node:node.exe
 0001:00000740       __security_check_cookie    0000000180001740 f   LIBCMT:amdsecgs.obj
 0001:00000770       memcpy                     0000000180001770 f   LIBCMT:memcpy.obj
 0001:00000770       memmove                    0000000180001770 f   LIBCMT:memcpy.obj
 0001:00000cd8       __onexitinit               0000000180001cd8 f   LIBCMT:onexit.obj
 0001:00000d1c       _onexit                    0000000180001d1c f   LIBCMT:onexit.obj
 0001:00000e28       atexit                     0000000180001e28 f   LIBCMT:onexit.obj
 0001:00000e40       ??0_LocaleUpdate@@QEAA@PEAUlocaleinfo_struct@@@Z 0000000180001e40 f i LIBCMT:stricmp.obj
 0001:00000ee8       __ascii_stricmp            0000000180001ee8 f   LIBCMT:stricmp.obj
 0001:00000f24       _stricmp                   0000000180001f24 f   LIBCMT:stricmp.obj
 0001:00000f6c       _stricmp_l                 0000000180001f6c f   LIBCMT:stricmp.obj
 0001:00001020       _CRT_INIT                  0000000180002020 f   LIBCMT:dllcrt0.obj
 0001:00001180       _DllMainCRTStartup         0000000180002180 f   LIBCMT:dllcrt0.obj
 0001:000012f0       strlen                     00000001800022f0 f   LIBCMT:strlen.obj
 0001:00001398       _fpmath                    0000000180002398 f   LIBCMT:fpinit.obj
 0001:000013a0       _cfltcvt_init              00000001800023a0 f   LIBCMT:fpinit.obj
 0001:00001428       __raise_securityfailure    0000000180002428 f   LIBCMT:gs_report.obj
 0001:00001474       __report_gsfailure         0000000180002474 f   LIBCMT:gs_report.obj
 0001:00001548       __isa_available_init       0000000180002548 f   LIBCMT:cpu_disp.obj
 0001:000016ec       __crtCorExitProcess        00000001800026ec f   LIBCMT:crt0dat.obj
 0001:00001730       __crtExitProcess           0000000180002730 f   LIBCMT:crt0dat.obj
 0001:00001748       __freeCrtMemory            0000000180002748 f   LIBCMT:crt0dat.obj
 0001:00001890       _amsg_exit                 0000000180002890 f   LIBCMT:crt0dat.obj
 0001:000018b8       _cexit                     00000001800028b8 f   LIBCMT:crt0dat.obj
 0001:000018c8       _cinit                     00000001800028c8 f   LIBCMT:crt0dat.obj
 0001:00001960       _exit                      0000000180002960 f   LIBCMT:crt0dat.obj
 0001:0000196c       _init_pointers             000000018000296c f   LIBCMT:crt0dat.obj
 0001:00001a18       _initterm_e                0000000180002a18 f   LIBCMT:crt0dat.obj
 0001:00001a54       _lockexit                  0000000180002a54 f   LIBCMT:crt0dat.obj
 0001:00001a60       _unlockexit                0000000180002a60 f   LIBCMT:crt0dat.obj
 0001:00001c04       _msize                     0000000180002c04 f   LIBCMT:msize.obj
 0001:00001c40       _calloc_crt                0000000180002c40 f   LIBCMT:crtheap.obj
 0001:00001cc0       _malloc_crt                0000000180002cc0 f   LIBCMT:crtheap.obj
 0001:00001d3c       _realloc_crt               0000000180002d3c f   LIBCMT:crtheap.obj
 0001:00001dc0       __C_specific_handler       0000000180002dc0 f   LIBCMT:chandler.obj
 0001:00001fa4       abort                      0000000180002fa4 f   LIBCMT:abort.obj
 0001:00001ffc       _initp_misc_purevirt       0000000180002ffc f   LIBCMT:inithelp.obj
 0001:00002004       free                       0000000180003004 f   LIBCMT:free.obj
 0001:00002044       malloc                     0000000180003044 f   LIBCMT:malloc.obj
 0001:000020fc       _callnewh                  00000001800030fc f   LIBCMT:handler.obj
 0001:00002130       _initp_heap_handler        0000000180003130 f   LIBCMT:handler.obj
 0001:00002138       _call_reportfault          0000000180003138 f   LIBCMT:invarg.obj
 0001:0000222c       _initp_misc_invarg         000000018000322c f   LIBCMT:invarg.obj
 0001:00002234       _invalid_parameter         0000000180003234 f   LIBCMT:invarg.obj
 0001:0000229c       _invalid_parameter_noinfo  000000018000329c f   LIBCMT:invarg.obj
 0001:000022bc       _invoke_watson             00000001800032bc f   LIBCMT:invarg.obj
 0001:000022f8       __addlocaleref             00000001800032f8 f   LIBCMT:localref.obj
 0001:00002384       __freetlocinfo             0000000180003384 f   LIBCMT:localref.obj
 0001:0000251c       __removelocaleref          000000018000351c f   LIBCMT:localref.obj
 0001:000025c0       __updatetlocinfo           00000001800035c0 f   LIBCMT:localref.obj
 0001:00002638       _updatetlocinfoEx_nolock   0000000180003638 f   LIBCMT:localref.obj
 0001:0000269c       __initmbctable             000000018000369c f   LIBCMT:mbctype.obj
 0001:000029b8       __updatetmbcinfo           00000001800039b8 f   LIBCMT:mbctype.obj
 0001:00002a74       _setmbcp                   0000000180003a74 f   LIBCMT:mbctype.obj
 0001:00002cb8       _setmbcp_nolock            0000000180003cb8 f   LIBCMT:mbctype.obj
 0001:00002f68       _tolower_l                 0000000180003f68 f   LIBCMT:tolower.obj
 0001:000030bc       tolower                    00000001800040bc f   LIBCMT:tolower.obj
 0001:000030dc       _freefls                   00000001800040dc f   LIBCMT:tidtable.obj
 0001:00003210       _freeptd                   0000000180004210 f   LIBCMT:tidtable.obj
 0001:0000324c       _getptd                    000000018000424c f   LIBCMT:tidtable.obj
 0001:00003270       _getptd_noexit             0000000180004270 f   LIBCMT:tidtable.obj
 0001:000032f4       _initptd                   00000001800042f4 f   LIBCMT:tidtable.obj
 0001:000033b8       _mtinit                    00000001800043b8 f   LIBCMT:tidtable.obj
 0001:00003438       _mtterm                    0000000180004438 f   LIBCMT:tidtable.obj
 0001:0000345c       __doserrno                 000000018000445c f   LIBCMT:dosmap.obj
 0001:0000347c       _dosmaperr                 000000018000447c f   LIBCMT:dosmap.obj
 0001:000034cc       _errno                     00000001800044cc f   LIBCMT:dosmap.obj
 0001:000034ec       _get_errno_from_oserr      00000001800044ec f   LIBCMT:dosmap.obj
 0001:0000353c       _locterm                   000000018000453c f   LIBCMT:wsetloca.obj
 0001:00003584       _XcptFilter                0000000180004584 f   LIBCMT:winxfltr.obj
 0001:00003750       __CppXcptFilter            0000000180004750 f   LIBCMT:winxfltr.obj
 0001:00003764       _heap_init                 0000000180004764 f   LIBCMT:heapinit.obj
 0001:00003784       _heap_term                 0000000180004784 f   LIBCMT:heapinit.obj
 0001:00003790       _ioinit                    0000000180004790 f   LIBCMT:ioinit.obj
 0001:00003ac0       _ioterm                    0000000180004ac0 f   LIBCMT:ioinit.obj
 0001:00003b34       _setargv                   0000000180004b34 f   LIBCMT:stdargv.obj
 0001:00003df0       _setenvp                   0000000180004df0 f   LIBCMT:stdenvp.obj
 0001:00003f24       __security_init_cookie     0000000180004f24 f   LIBCMT:gs_support.obj
 0001:00003fd0       DllMain                    0000000180004fd0 f   LIBCMT:dllmain.obj
 0001:00003fd8       __crtGetEnvironmentStringsA 0000000180004fd8 f   LIBCMT:a_env.obj
 0001:000040cc       __crtCaptureCurrentContext 00000001800050cc f   LIBCMT:winapisupp.obj
 0001:0000413c       __crtCapturePreviousContext 000000018000513c f   LIBCMT:winapisupp.obj
 0001:000041b0       __crtFlsAlloc              00000001800051b0 f   LIBCMT:winapisupp.obj
 0001:000041cc       __crtFlsFree               00000001800051cc f   LIBCMT:winapisupp.obj
 0001:000041e8       __crtFlsGetValue           00000001800051e8 f   LIBCMT:winapisupp.obj
 0001:00004204       __crtFlsSetValue           0000000180005204 f   LIBCMT:winapisupp.obj
 0001:00004220       __crtInitializeCriticalSectionEx 0000000180005220 f   LIBCMT:winapisupp.obj
 0001:0000424c       __crtIsPackagedApp         000000018000524c f   LIBCMT:winapisupp.obj
 0001:00004298       __crtLoadWinApiPointers    0000000180005298 f   LIBCMT:winapisupp.obj
 0001:00004694       __crtSleep                 0000000180005694 f   LIBCMT:winapisupp.obj
 0001:0000469c       __crtTerminateProcess      000000018000569c f   LIBCMT:winapisupp.obj
 0001:000046bc       __crtUnhandledException    00000001800056bc f   LIBCMT:winapisupp.obj
 0001:000046dc       _RTC_Initialize            00000001800056dc f   LIBCMT:initsect.obj
 0001:00004714       _RTC_Terminate             0000000180005714 f   LIBCMT:initsect.obj
 0001:0000474c       __DestructExceptionObject  000000018000574c f   LIBCMT:frame.obj
 0001:000047bc       ?terminate@@YAXXZ          00000001800057bc f   LIBCMT:hooks.obj
 0001:000047dc       _initp_eh_hooks            00000001800057dc f   LIBCMT:hooks.obj
 0001:000047fc       __GSHandlerCheck           00000001800057fc f   LIBCMT:gshandler.obj
 0001:0000481c       __GSHandlerCheckCommon     000000018000581c f   LIBCMT:gshandler.obj
 0001:00004890       strcmp                     0000000180005890 f   LIBCMT:strcmp.obj
 0001:000048f8       _cfltcvt                   00000001800058f8 f   LIBCMT:cvt.obj
 0001:0000491c       _cfltcvt_l                 000000018000591c f   LIBCMT:cvt.obj
 0001:0000499c       _cftoa_l                   000000018000599c f   LIBCMT:cvt.obj
 0001:00004f48       _cftoe_l                   0000000180005f48 f   LIBCMT:cvt.obj
 0001:000051a4       _cftof_l                   00000001800061a4 f   LIBCMT:cvt.obj
 0001:00005278       _cftog_l                   0000000180006278 f   LIBCMT:cvt.obj
 0001:000053ac       _cropzeros                 00000001800063ac f   LIBCMT:cvt.obj
 0001:000053b4       _cropzeros_l               00000001800063b4 f   LIBCMT:cvt.obj
 0001:0000544c       _fassign                   000000018000644c f   LIBCMT:cvt.obj
 0001:00005454       _fassign_l                 0000000180006454 f   LIBCMT:cvt.obj
 0001:00005494       _forcdecpt                 0000000180006494 f   LIBCMT:cvt.obj
 0001:0000549c       _forcdecpt_l               000000018000649c f   LIBCMT:cvt.obj
 0001:0000551c       _positive                  000000018000651c f   LIBCMT:cvt.obj
 0001:00005530       _initp_misc_cfltcvt_tab    0000000180006530 f   LIBCMT:cmiscdat.obj
 0001:0000556c       strcpy_s                   000000018000656c f   LIBCMT:strcpy_s.obj
 0001:000055d0       __crt_debugger_hook        00000001800065d0 f   LIBCMT:dbghook.obj
 0001:000055d8       _lock                      00000001800065d8 f   LIBCMT:mlock.obj
 0001:0000561c       _mtdeletelocks             000000018000661c f   LIBCMT:mlock.obj
 0001:000056a4       _mtinitlocknum             00000001800066a4 f   LIBCMT:mlock.obj
 0001:00005764       _mtinitlocks               0000000180006764 f   LIBCMT:mlock.obj
 0001:000057c8       _unlock                    00000001800067c8 f   LIBCMT:mlock.obj
 0001:000057e0       _FF_MSGBANNER              00000001800067e0 f   LIBCMT:crt0msg.obj
 0001:00005824       _GET_RTERRMSG              0000000180006824 f   LIBCMT:crt0msg.obj
 0001:00005854       _NMSG_WRITE                0000000180006854 f   LIBCMT:crt0msg.obj
 0001:00005ad0       _FindPESection             0000000180006ad0 f   LIBCMT:pesect.obj
 0001:00005b20       _IsNonwritableInCurrentImage 0000000180006b20 f   LIBCMT:pesect.obj
 0001:00005b70       _ValidateImageBase         0000000180006b70 f   LIBCMT:pesect.obj
 0001:00005ba0       __get_sigabrt              0000000180006ba0 f   LIBCMT:winsig.obj
 0001:00005bb0       _initp_misc_winsig         0000000180006bb0 f   LIBCMT:winsig.obj
 0001:00005bd0       raise                      0000000180006bd0 f   LIBCMT:winsig.obj
 0001:00005e04       _initp_misc_rand_s         0000000180006e04 f   LIBCMT:rand_s.obj
 0001:00005e0c       realloc                    0000000180006e0c f   LIBCMT:realloc.obj
 0001:00005ee0       _calloc_impl               0000000180006ee0 f   LIBCMT:calloc_impl.obj
 0001:00005f90       _local_unwind              0000000180006f90 f   LIBCMT:jmpuwind.obj
 0001:00005fc0       _NLG_Notify                0000000180006fc0 f   LIBCMT:jmpuwind.obj
 0001:00005fe0       __NLG_Dispatch2            0000000180006fe0 f   LIBCMT:jmpuwind.obj
 0001:00005ff0       __NLG_Return2              0000000180006ff0 f   LIBCMT:jmpuwind.obj
 0001:00005ff4       GetTableIndexFromLocaleName 0000000180006ff4 f   LIBCMT:winapinls.obj
 0001:00006080       __crtDownlevelLocaleNameToLCID 0000000180007080 f   LIBCMT:winapinls.obj
 0001:000060b4       __crtLCMapStringEx         00000001800070b4 f   LIBCMT:winapinls.obj
 0001:00006144       __wcsnicmp_ascii           0000000180007144 f   LIBCMT:winapinls.obj
 0001:000061b0       _get_fpsr                  00000001800071b0 f   LIBCMT:fpsr.obj
 0001:000061c0       _set_fpsr                  00000001800071c0 f   LIBCMT:fpsr.obj
 0001:000061ca       _fclrf                     00000001800071ca f   LIBCMT:fpsr.obj
 0001:000061de       _frnd                      00000001800071de f   LIBCMT:fpsr.obj
 0001:00006210       memset                     0000000180007210 f   LIBCMT:memset.obj
 0001:0000643c       __free_lconv_mon           000000018000743c f   LIBCMT:initmon.obj
 0001:00006548       __free_lconv_num           0000000180007548 f   LIBCMT:initnum.obj
 0001:000065b4       __free_lc_time             00000001800075b4 f   LIBCMT:inittime.obj
 0001:00006c9c       __crtLCMapStringA          0000000180007c9c f   LIBCMT:a_map.obj
 0001:00006eac       __crtGetStringTypeA        0000000180007eac f   LIBCMT:a_str.obj
 0001:00006f28       _isctype_l                 0000000180007f28 f   LIBCMT:isctype.obj
 0001:00007004       _isleadbyte_l              0000000180008004 f i LIBCMT:_wctype.obj
 0001:00007048       isleadbyte                 0000000180008048 f i LIBCMT:_wctype.obj
 0001:000070a0       memcmp                     00000001800080a0 f   LIBCMT:memcmp.obj
 0001:00007168       wcscat_s                   0000000180008168 f   LIBCMT:wcscat_s.obj
 0001:000071f0       wcscpy_s                   00000001800081f0 f   LIBCMT:wcscpy_s.obj
 0001:0000725c       wcslen                     000000018000825c f   LIBCMT:wcslen.obj
 0001:00007278       wcsncpy_s                  0000000180008278 f   LIBCMT:wcsncpy_s.obj
 0001:00007344       __initstdio                0000000180008344 f   LIBCMT:_file.obj
 0001:000073dc       __endstdio                 00000001800083dc f   LIBCMT:_file.obj
 0001:0000740c       _lock_file                 000000018000840c f   LIBCMT:_file.obj
 0001:00007474       _lock_file2                0000000180008474 f   LIBCMT:_file.obj
 0001:000074a8       _unlock_file               00000001800084a8 f   LIBCMT:_file.obj
 0001:000074f8       _unlock_file2              00000001800084f8 f   LIBCMT:_file.obj
 0001:00007594       _ismbblead                 0000000180008594 f   LIBCMT:ismbbyte.obj
 0001:000075c0       _CallSettingFrame          00000001800085c0 f   LIBCMT:handlers.obj
 0001:00007600       _GetNextInstrOffset        0000000180008600 f   LIBCMT:handlers.obj
 0001:00007608       isdigit                    0000000180008608 f i LIBCMT:_ctype.obj
 0001:00007684       strrchr                    0000000180008684 f   LIBCMT:strrchr.obj
 0001:000077c8       _fptostr                   00000001800087c8 f   LIBCMT:_fptostr.obj
 0001:00007894       __crt_atoflt_l             0000000180008894 f   LIBCMT:atodbl.obj
 0001:00007964       _atodbl_l                  0000000180008964 f   LIBCMT:atodbl.obj
 0001:00007a2c       _atoflt_l                  0000000180008a2c f   LIBCMT:atodbl.obj
 0001:00007a34       __dtold                    0000000180008a34 f   LIBCMT:cfout.obj
 0001:00007b04       _fltout2                   0000000180008b04 f   LIBCMT:cfout.obj
 0001:00007bbc       _fptrap                    0000000180008bbc f   LIBCMT:crt0fp.obj
 0001:00007bc8       _set_error_mode            0000000180008bc8 f   LIBCMT:errmode.obj
 0001:00007c08       __crtMessageBoxW           0000000180008c08 f   LIBCMT:crtmboxw.obj
 0001:00007e7c       _fileno                    0000000180008e7c f   LIBCMT:fileno.obj
 0001:00007ea4       _isatty                    0000000180008ea4 f   LIBCMT:isatty.obj
 0001:00007f04       _fflush_nolock             0000000180008f04 f   LIBCMT:fflush.obj
 0001:00007f50       _flush                     0000000180008f50 f   LIBCMT:fflush.obj
 0001:00007fcc       _flushall                  0000000180008fcc f   LIBCMT:fflush.obj
 0001:000080d0       _alloca_probe              00000001800090d0 f   LIBCMT:chkstk.obj
 0001:000080d0       __chkstk                   00000001800090d0 f   LIBCMT:chkstk.obj
 0001:00008120       _fcloseall                 0000000180009120 f   LIBCMT:closeall.obj
 0001:000081c8       _ld12tod                   00000001800091c8 f   LIBCMT:intrncvt.obj
 0001:00008780       _ld12tof                   0000000180009780 f   LIBCMT:intrncvt.obj
 0001:00008d38       __strgtold12_l             0000000180009d38 f   LIBCMT:strgtold.obj
 0001:0000959c       $I10_OUTPUT                000000018000a59c f   LIBCMT:x10fout.obj
 0001:0000a074       _commit                    000000018000b074 f   LIBCMT:commit.obj
 0001:0000a14c       _write                     000000018000b14c f   LIBCMT:write.obj
 0001:0000a230       _write_nolock              000000018000b230 f   LIBCMT:write.obj
 0001:0000aa24       _fclose_nolock             000000018000ba24 f   LIBCMT:fclose.obj
 0001:0000aaa0       fclose                     000000018000baa0 f   LIBCMT:fclose.obj
 0001:0000ab08       __mtold12                  000000018000bb08 f   LIBCMT:mantold.obj
 0001:0000ad2c       __lock_fhandle             000000018000bd2c f   LIBCMT:osfinfo.obj
 0001:0000adc4       _free_osfhnd               000000018000bdc4 f   LIBCMT:osfinfo.obj
 0001:0000ae70       _get_osfhandle             000000018000be70 f   LIBCMT:osfinfo.obj
 0001:0000aee4       _unlock_fhandle            000000018000bee4 f   LIBCMT:osfinfo.obj
 0001:0000af10       _lseeki64_nolock           000000018000bf10 f   LIBCMT:lseeki64.obj
 0001:0000afa4       _mbtowc_l                  000000018000bfa4 f   LIBCMT:mbtowc.obj
 0001:0000b0f8       mbtowc                     000000018000c0f8 f   LIBCMT:mbtowc.obj
 0001:0000b100       _putwch_nolock             000000018000c100 f   LIBCMT:putwch.obj
 0001:0000b15c       _close                     000000018000c15c f   LIBCMT:close.obj
 0001:0000b220       _close_nolock              000000018000c220 f   LIBCMT:close.obj
 0001:0000b2dc       _freebuf                   000000018000c2dc f   LIBCMT:_freebuf.obj
 0001:0000b314       __termconout               000000018000c314 f   LIBCMT:initcon.obj
 0001:0000b334       __initconout               000000018000c334 f   LIBCMT:initcon.obj
 0001:0000b370       RtlUnwindEx                000000018000c370 f   kernel32:KERNEL32.dll
 0001:0000b376       IsProcessorFeaturePresent  000000018000c376 f   kernel32:KERNEL32.dll
 0001:0000b37c       __delayLoadHelper2         000000018000c37c f   DelayImp:delayhlp.obj
 0002:00000000       __imp_GetModuleHandleA     000000018000d000     kernel32:KERNEL32.dll
 0002:00000008       __imp_EncodePointer        000000018000d008     kernel32:KERNEL32.dll
 0002:00000010       __imp_DecodePointer        000000018000d010     kernel32:KERNEL32.dll
 0002:00000018       __imp_GetCommandLineA      000000018000d018     kernel32:KERNEL32.dll
 0002:00000020       __imp_GetCurrentThreadId   000000018000d020     kernel32:KERNEL32.dll
 0002:00000028       __imp_RaiseException       000000018000d028     kernel32:KERNEL32.dll
 0002:00000030       __imp_RtlLookupFunctionEntry 000000018000d030     kernel32:KERNEL32.dll
 0002:00000038       __imp_RtlUnwindEx          000000018000d038     kernel32:KERNEL32.dll
 0002:00000040       __imp_IsDebuggerPresent    000000018000d040     kernel32:KERNEL32.dll
 0002:00000048       __imp_IsProcessorFeaturePresent 000000018000d048     kernel32:KERNEL32.dll
 0002:00000050       __imp_GetLastError         000000018000d050     kernel32:KERNEL32.dll
 0002:00000058       __imp_ExitProcess          000000018000d058     kernel32:KERNEL32.dll
 0002:00000060       __imp_GetModuleHandleExW   000000018000d060     kernel32:KERNEL32.dll
 0002:00000068       __imp_GetProcAddress       000000018000d068     kernel32:KERNEL32.dll
 0002:00000070       __imp_MultiByteToWideChar  000000018000d070     kernel32:KERNEL32.dll
 0002:00000078       __imp_WideCharToMultiByte  000000018000d078     kernel32:KERNEL32.dll
 0002:00000080       __imp_HeapSize             000000018000d080     kernel32:KERNEL32.dll
 0002:00000088       __imp_HeapFree             000000018000d088     kernel32:KERNEL32.dll
 0002:00000090       __imp_HeapAlloc            000000018000d090     kernel32:KERNEL32.dll
 0002:00000098       __imp_IsValidCodePage      000000018000d098     kernel32:KERNEL32.dll
 0002:000000a0       __imp_GetACP               000000018000d0a0     kernel32:KERNEL32.dll
 0002:000000a8       __imp_GetOEMCP             000000018000d0a8     kernel32:KERNEL32.dll
 0002:000000b0       __imp_GetCPInfo            000000018000d0b0     kernel32:KERNEL32.dll
 0002:000000b8       __imp_SetLastError         000000018000d0b8     kernel32:KERNEL32.dll
 0002:000000c0       __imp_GetProcessHeap       000000018000d0c0     kernel32:KERNEL32.dll
 0002:000000c8       __imp_GetStdHandle         000000018000d0c8     kernel32:KERNEL32.dll
 0002:000000d0       __imp_GetFileType          000000018000d0d0     kernel32:KERNEL32.dll
 0002:000000d8       __imp_DeleteCriticalSection 000000018000d0d8     kernel32:KERNEL32.dll
 0002:000000e0       __imp_GetStartupInfoW      000000018000d0e0     kernel32:KERNEL32.dll
 0002:000000e8       __imp_GetModuleFileNameA   000000018000d0e8     kernel32:KERNEL32.dll
 0002:000000f0       __imp_QueryPerformanceCounter 000000018000d0f0     kernel32:KERNEL32.dll
 0002:000000f8       __imp_GetCurrentProcessId  000000018000d0f8     kernel32:KERNEL32.dll
 0002:00000100       __imp_GetSystemTimeAsFileTime 000000018000d100     kernel32:KERNEL32.dll
 0002:00000108       __imp_GetEnvironmentStringsW 000000018000d108     kernel32:KERNEL32.dll
 0002:00000110       __imp_FreeEnvironmentStringsW 000000018000d110     kernel32:KERNEL32.dll
 0002:00000118       __imp_RtlCaptureContext    000000018000d118     kernel32:KERNEL32.dll
 0002:00000120       __imp_RtlVirtualUnwind     000000018000d120     kernel32:KERNEL32.dll
 0002:00000128       __imp_UnhandledExceptionFilter 000000018000d128     kernel32:KERNEL32.dll
 0002:00000130       __imp_SetUnhandledExceptionFilter 000000018000d130     kernel32:KERNEL32.dll
 0002:00000138       __imp_InitializeCriticalSectionAndSpinCount 000000018000d138     kernel32:KERNEL32.dll
 0002:00000140       __imp_Sleep                000000018000d140     kernel32:KERNEL32.dll
 0002:00000148       __imp_GetCurrentProcess    000000018000d148     kernel32:KERNEL32.dll
 0002:00000150       __imp_TerminateProcess     000000018000d150     kernel32:KERNEL32.dll
 0002:00000158       __imp_TlsAlloc             000000018000d158     kernel32:KERNEL32.dll
 0002:00000160       __imp_TlsGetValue          000000018000d160     kernel32:KERNEL32.dll
 0002:00000168       __imp_TlsSetValue          000000018000d168     kernel32:KERNEL32.dll
 0002:00000170       __imp_TlsFree              000000018000d170     kernel32:KERNEL32.dll
 0002:00000178       __imp_GetModuleHandleW     000000018000d178     kernel32:KERNEL32.dll
 0002:00000180       __imp_EnterCriticalSection 000000018000d180     kernel32:KERNEL32.dll
 0002:00000188       __imp_LeaveCriticalSection 000000018000d188     kernel32:KERNEL32.dll
 0002:00000190       __imp_WriteFile            000000018000d190     kernel32:KERNEL32.dll
 0002:00000198       __imp_GetModuleFileNameW   000000018000d198     kernel32:KERNEL32.dll
 0002:000001a0       __imp_FreeLibrary          000000018000d1a0     kernel32:KERNEL32.dll
 0002:000001a8       __imp_LoadLibraryExW       000000018000d1a8     kernel32:KERNEL32.dll
 0002:000001b0       __imp_HeapReAlloc          000000018000d1b0     kernel32:KERNEL32.dll
 0002:000001b8       __imp_LCMapStringW         000000018000d1b8     kernel32:KERNEL32.dll
 0002:000001c0       __imp_GetStringTypeW       000000018000d1c0     kernel32:KERNEL32.dll
 0002:000001c8       __imp_OutputDebugStringW   000000018000d1c8     kernel32:KERNEL32.dll
 0002:000001d0       __imp_FlushFileBuffers     000000018000d1d0     kernel32:KERNEL32.dll
 0002:000001d8       __imp_GetConsoleCP         000000018000d1d8     kernel32:KERNEL32.dll
 0002:000001e0       __imp_GetConsoleMode       000000018000d1e0     kernel32:KERNEL32.dll
 0002:000001e8       __imp_SetStdHandle         000000018000d1e8     kernel32:KERNEL32.dll
 0002:000001f0       __imp_SetFilePointerEx     000000018000d1f0     kernel32:KERNEL32.dll
 0002:000001f8       __imp_WriteConsoleW        000000018000d1f8     kernel32:KERNEL32.dll
 0002:00000200       __imp_CloseHandle          000000018000d200     kernel32:KERNEL32.dll
 0002:00000208       __imp_CreateFileW          000000018000d208     kernel32:KERNEL32.dll
 0002:00000210       __imp_LoadLibraryExA       000000018000d210     kernel32:KERNEL32.dll
 0002:00000218       \177KERNEL32_NULL_THUNK_DATA 000000018000d218     kernel32:KERNEL32.dll
 0002:00000220       __xc_a                     000000018000d220     LIBCMT:crt0init.obj
 0002:00000238       _register_addon_           000000018000d238     addon.obj
 0002:00000240       __xc_z                     000000018000d240     LIBCMT:crt0init.obj
 0002:00000248       __xi_a                     000000018000d248     LIBCMT:crt0init.obj
 0002:00000270       __xi_z                     000000018000d270     LIBCMT:crt0init.obj
 0002:00000278       __xp_a                     000000018000d278     LIBCMT:crt0init.obj
 0002:00000298       __xp_z                     000000018000d298     LIBCMT:crt0init.obj
 0002:000002a0       __xt_a                     000000018000d2a0     LIBCMT:crt0init.obj
 0002:000002a8       __xt_z                     000000018000d2a8     LIBCMT:crt0init.obj
 0002:000002f0       __sz_node_exe              000000018000d2f0     node:node.exe
 0002:00000ca0       ??_C@_0BC@CIJDGCDI@permission?5denied?$AA@ 000000018000dca0     libcpmt:syserror.obj
 0002:00000cb8       ??_C@_0M@MIDIAGJP@file?5exists?$AA@ 000000018000dcb8     libcpmt:syserror.obj
 0002:00000cc8       ??_C@_0P@FDINDDOK@no?5such?5device?$AA@ 000000018000dcc8     libcpmt:syserror.obj
 0002:00000cd8       ??_C@_0BC@EJHOMAAK@filename?5too?5long?$AA@ 000000018000dcd8     libcpmt:syserror.obj
 0002:00000cf0       ??_C@_0BI@NGCEHDD@device?5or?5resource?5busy?$AA@ 000000018000dcf0     libcpmt:syserror.obj
 0002:00000d08       ??_C@_08GLNPIFBN@io?5error?$AA@ 000000018000dd08     libcpmt:syserror.obj
 0002:00000d18       ??_C@_0BE@JIDOCPHM@directory?5not?5empty?$AA@ 000000018000dd18     libcpmt:syserror.obj
 0002:00000d30       ??_C@_0BB@FCMFBGOM@invalid?5argument?$AA@ 000000018000dd30     libcpmt:syserror.obj
 0002:00000d48       ??_C@_0BD@IJDJKDEA@no?5space?5on?5device?$AA@ 000000018000dd48     libcpmt:syserror.obj
 0002:00000d60       ??_C@_0BK@NDOCBPGE@no?5such?5file?5or?5directory?$AA@ 000000018000dd60     libcpmt:syserror.obj
 0002:00000d80       ??_C@_0BH@KEFGLDAF@function?5not?5supported?$AA@ 000000018000dd80     libcpmt:syserror.obj
 0002:00000d98       ??_C@_0BC@NJECKMKE@no?5lock?5available?$AA@ 000000018000dd98     libcpmt:syserror.obj
 0002:00000db0       ??_C@_0BC@ENOOLCNF@not?5enough?5memory?$AA@ 000000018000ddb0     libcpmt:syserror.obj
 0002:00000dc8       ??_C@_0BP@LKNGHENJ@resource?5unavailable?5try?5again?$AA@ 000000018000ddc8     libcpmt:syserror.obj
 0002:00000de8       ??_C@_0BC@PPHBOELF@cross?5device?5link?$AA@ 000000018000dde8     libcpmt:syserror.obj
 0002:00000e00       ??_C@_0BD@MOLBPMEA@operation?5canceled?$AA@ 000000018000de00     libcpmt:syserror.obj
 0002:00000e18       ??_C@_0BE@GHAFMPAH@too?5many?5files?5open?$AA@ 000000018000de18     libcpmt:syserror.obj
 0002:00000e30       ??_C@_0BC@FNODOBAE@permission_denied?$AA@ 000000018000de30     libcpmt:syserror.obj
 0002:00000e48       ??_C@_0P@LNDJPBFK@address_in_use?$AA@ 000000018000de48     libcpmt:syserror.obj
 0002:00000e58       ??_C@_0BG@IPMGOJF@address_not_available?$AA@ 000000018000de58     libcpmt:syserror.obj
 0002:00000e70       ??_C@_0BN@LCBDHODA@address_family_not_supported?$AA@ 000000018000de70     libcpmt:syserror.obj
 0002:00000e90       ??_C@_0BP@FOJJHMCC@connection_already_in_progress?$AA@ 000000018000de90     libcpmt:syserror.obj
 0002:00000eb0       ??_C@_0BE@DLHHIBGN@bad_file_descriptor?$AA@ 000000018000deb0     libcpmt:syserror.obj
 0002:00000ec8       ??_C@_0BD@OJMJDIGI@connection_aborted?$AA@ 000000018000dec8     libcpmt:syserror.obj
 0002:00000ee0       ??_C@_0BD@NGKCIFEP@connection_refused?$AA@ 000000018000dee0     libcpmt:syserror.obj
 0002:00000ef8       ??_C@_0BB@JOANDNCK@connection_reset?$AA@ 000000018000def8     libcpmt:syserror.obj
 0002:00000f10       ??_C@_0BN@JLJNLKLK@destination_address_required?$AA@ 000000018000df10     libcpmt:syserror.obj
 0002:00000f30       ??_C@_0M@IJGMGFGP@bad_address?$AA@ 000000018000df30     libcpmt:syserror.obj
 0002:00000f40       ??_C@_0BB@KKNHPPIN@host_unreachable?$AA@ 000000018000df40     libcpmt:syserror.obj
 0002:00000f58       ??_C@_0BG@DJGBJIIK@operation_in_progress?$AA@ 000000018000df58     libcpmt:syserror.obj
 0002:00000f70       ??_C@_0M@EGEKIIMP@interrupted?$AA@ 000000018000df70     libcpmt:syserror.obj
 0002:00000f80       ??_C@_0BB@FFIHMIPJ@invalid_argument?$AA@ 000000018000df80     libcpmt:syserror.obj
 0002:00000f98       ??_C@_0BC@FIFLCHLO@already_connected?$AA@ 000000018000df98     libcpmt:syserror.obj
 0002:00000fb0       ??_C@_0BE@GJJJJDDA@too_many_files_open?$AA@ 000000018000dfb0     libcpmt:syserror.obj
 0002:00000fc8       ??_C@_0N@HPMLKHPL@message_size?$AA@ 000000018000dfc8     libcpmt:syserror.obj
 0002:00000fd8       ??_C@_0BC@LEEIKBAL@filename_too_long?$AA@ 000000018000dfd8     libcpmt:syserror.obj
 0002:00000ff0       ??_C@_0N@FCPALPJK@network_down?$AA@ 000000018000dff0     libcpmt:syserror.obj
 0002:00001000       ??_C@_0O@EHNDLHIG@network_reset?$AA@ 000000018000e000     libcpmt:syserror.obj
 0002:00001010       ??_C@_0BE@JFNJIDNF@network_unreachable?$AA@ 000000018000e010     libcpmt:syserror.obj
 0002:00001028       ??_C@_0BA@FDIJKJCL@no_buffer_space?$AA@ 000000018000e028     libcpmt:syserror.obj
 0002:00001038       ??_C@_0BD@JHIHCGKP@no_protocol_option?$AA@ 000000018000e038     libcpmt:syserror.obj
 0002:00001050       ??_C@_0O@GBCLHHD@not_connected?$AA@ 000000018000e050     libcpmt:syserror.obj
 0002:00001060       ??_C@_0N@IMHKKLEM@not_a_socket?$AA@ 000000018000e060     libcpmt:syserror.obj
 0002:00001070       ??_C@_0BI@ICEIDKLJ@operation_not_supported?$AA@ 000000018000e070     libcpmt:syserror.obj
 0002:00001088       ??_C@_0BH@KAPBAIJF@protocol_not_supported?$AA@ 000000018000e088     libcpmt:syserror.obj
 0002:000010a0       ??_C@_0BE@GAOJJFPC@wrong_protocol_type?$AA@ 000000018000e0a0     libcpmt:syserror.obj
 0002:000010b8       ??_C@_09NCHNLHPG@timed_out?$AA@ 000000018000e0b8     libcpmt:syserror.obj
 0002:000010c8       ??_C@_0BG@GDGHKFDH@operation_would_block?$AA@ 000000018000e0c8     libcpmt:syserror.obj
 0002:000010e0       ??_C@_0BN@LKKBCCDB@address?5family?5not?5supported?$AA@ 000000018000e0e0     libcpmt:syserror.obj
 0002:00001100       ??_C@_0P@LDMLAFHI@address?5in?5use?$AA@ 000000018000e100     libcpmt:syserror.obj
 0002:00001110       ??_C@_0BG@DHPCNBJB@address?5not?5available?$AA@ 000000018000e110     libcpmt:syserror.obj
 0002:00001128       ??_C@_0BC@DFIBIBIL@already?5connected?$AA@ 000000018000e128     libcpmt:syserror.obj
 0002:00001140       ??_C@_0BH@CAKOHOMI@argument?5list?5too?5long?$AA@ 000000018000e140     libcpmt:syserror.obj
 0002:00001158       ??_C@_0BH@CGIMPKIM@argument?5out?5of?5domain?$AA@ 000000018000e158     libcpmt:syserror.obj
 0002:00001170       ??_C@_0M@KGHGGJGL@bad?5address?$AA@ 000000018000e170     libcpmt:syserror.obj
 0002:00001180       ??_C@_0BE@MPJPGCEO@bad?5file?5descriptor?$AA@ 000000018000e180     libcpmt:syserror.obj
 0002:00001198       ??_C@_0M@PMMIEFCP@bad?5message?$AA@ 000000018000e198     libcpmt:syserror.obj
 0002:000011a8       ??_C@_0M@KPHOFDBE@broken?5pipe?$AA@ 000000018000e1a8     libcpmt:syserror.obj
 0002:000011b8       ??_C@_0BD@MGNDDEGM@connection?5aborted?$AA@ 000000018000e1b8     libcpmt:syserror.obj
 0002:000011d0       ??_C@_0BP@KAIHPOGN@connection?5already?5in?5progress?$AA@ 000000018000e1d0     libcpmt:syserror.obj
 0002:000011f0       ??_C@_0BD@PJLIIJEL@connection?5refused?$AA@ 000000018000e1f0     libcpmt:syserror.obj
 0002:00001208       ??_C@_0BB@IECNJNOI@connection?5reset?$AA@ 000000018000e208     libcpmt:syserror.obj
 0002:00001220       ??_C@_0BN@KDMIFEIP@destination?5address?5required?$AA@ 000000018000e220     libcpmt:syserror.obj
 0002:00001240       ??_C@_0BI@BNCLIGPB@executable?5format?5error?$AA@ 000000018000e240     libcpmt:syserror.obj
 0002:00001258       ??_C@_0P@DNAJLBJK@file?5too?5large?$AA@ 000000018000e258     libcpmt:syserror.obj
 0002:00001268       ??_C@_0BB@DHFDFGDM@host?5unreachable?$AA@ 000000018000e268     libcpmt:syserror.obj
 0002:00001280       ??_C@_0BD@JPHBMONG@identifier?5removed?$AA@ 000000018000e280     libcpmt:syserror.obj
 0002:00001298       ??_C@_0BG@CDNPAGJK@illegal?5byte?5sequence?$AA@ 000000018000e298     libcpmt:syserror.obj
 0002:000012b0       ??_C@_0CD@BNPLBMNA@inappropriate?5io?5control?5operati@ 000000018000e2b0     libcpmt:syserror.obj
 0002:000012d8       ??_C@_0N@OHAFKDEK@invalid?5seek?$AA@ 000000018000e2d8     libcpmt:syserror.obj
 0002:000012e8       ??_C@_0P@FLLDBIDK@is?5a?5directory?$AA@ 000000018000e2e8     libcpmt:syserror.obj
 0002:000012f8       ??_C@_0N@IFLPBIOP@message?5size?$AA@ 000000018000e2f8     libcpmt:syserror.obj
 0002:00001308       ??_C@_0N@KIIEAAIO@network?5down?$AA@ 000000018000e308     libcpmt:syserror.obj
 0002:00001318       ??_C@_0O@FNPDBHEE@network?5reset?$AA@ 000000018000e318     libcpmt:syserror.obj
 0002:00001328       ??_C@_0BE@IFNCKGE@network?5unreachable?$AA@ 000000018000e328     libcpmt:syserror.obj
 0002:00001340       ??_C@_0BA@PFFCAOFK@no?5buffer?5space?$AA@ 000000018000e340     libcpmt:syserror.obj
 0002:00001350       ??_C@_0BB@IEPBLJHK@no?5child?5process?$AA@ 000000018000e350     libcpmt:syserror.obj
 0002:00001368       ??_C@_07PLECNNKG@no?5link?$AA@ 000000018000e368     libcpmt:syserror.obj
 0002:00001370       ??_C@_0BF@PBGGPKKE@no?5message?5available?$AA@ 000000018000e370     libcpmt:syserror.obj
 0002:00001388       ??_C@_0L@EDOLMPAK@no?5message?$AA@ 000000018000e388     libcpmt:syserror.obj
 0002:00001398       ??_C@_0BD@EAMBFIDF@no?5protocol?5option?$AA@ 000000018000e398     libcpmt:syserror.obj
 0002:000013b0       ??_C@_0BE@MKFDAFMP@no?5stream?5resources?$AA@ 000000018000e3b0     libcpmt:syserror.obj
 0002:000013c8       ??_C@_0BK@IMCPHCBI@no?5such?5device?5or?5address?$AA@ 000000018000e3c8     libcpmt:syserror.obj
 0002:000013e8       ??_C@_0BA@ENLPPKBN@no?5such?5process?$AA@ 000000018000e3e8     libcpmt:syserror.obj
 0002:000013f8       ??_C@_0BA@DOCPFFJG@not?5a?5directory?$AA@ 000000018000e3f8     libcpmt:syserror.obj
 0002:00001408       ??_C@_0N@POEIPGGF@not?5a?5socket?$AA@ 000000018000e408     libcpmt:syserror.obj
 0002:00001418       ??_C@_0N@LGAPMMPI@not?5a?5stream?$AA@ 000000018000e418     libcpmt:syserror.obj
 0002:00001428       ??_C@_0O@GLMIBBEG@not?5connected?$AA@ 000000018000e428     libcpmt:syserror.obj
 0002:00001438       ??_C@_0O@NHEDABJP@not?5supported?$AA@ 000000018000e438     libcpmt:syserror.obj
 0002:00001448       ??_C@_0BG@KDKHOPCO@operation?5in?5progress?$AA@ 000000018000e448     libcpmt:syserror.obj
 0002:00001460       ??_C@_0BI@OHIEJAAB@operation?5not?5permitted?$AA@ 000000018000e460     libcpmt:syserror.obj
 0002:00001478       ??_C@_0BI@LNEGIFLN@operation?5not?5supported?$AA@ 000000018000e478     libcpmt:syserror.obj
 0002:00001490       ??_C@_0BG@OEMDKMEE@operation?5would?5block?$AA@ 000000018000e490     libcpmt:syserror.obj
 0002:000014a8       ??_C@_0L@BLPOFLNJ@owner?5dead?$AA@ 000000018000e4a8     libcpmt:syserror.obj
 0002:000014b8       ??_C@_0P@FNPOCJBE@protocol?5error?$AA@ 000000018000e4b8     libcpmt:syserror.obj
 0002:000014c8       ??_C@_0BH@JPPPLHJB@protocol?5not?5supported?$AA@ 000000018000e4c8     libcpmt:syserror.obj
 0002:000014e0       ??_C@_0BG@EICBIHDP@read?5only?5file?5system?$AA@ 000000018000e4e0     libcpmt:syserror.obj
 0002:000014f8       ??_C@_0BO@BJBOMOEJ@resource?5deadlock?5would?5occur?$AA@ 000000018000e4f8     libcpmt:syserror.obj
 0002:00001518       ??_C@_0BE@GOIPJJHG@result?5out?5of?5range?$AA@ 000000018000e518     libcpmt:syserror.obj
 0002:00001530       ??_C@_0BG@MPLKFPAE@state?5not?5recoverable?$AA@ 000000018000e530     libcpmt:syserror.obj
 0002:00001548       ??_C@_0P@DIIFGFCG@stream?5timeout?$AA@ 000000018000e548     libcpmt:syserror.obj
 0002:00001558       ??_C@_0P@IPFDMIFL@text?5file?5busy?$AA@ 000000018000e558     libcpmt:syserror.obj
 0002:00001568       ??_C@_09KJPPMAOI@timed?5out?$AA@ 000000018000e568     libcpmt:syserror.obj
 0002:00001578       ??_C@_0BO@HACHBEKI@too?5many?5files?5open?5in?5system?$AA@ 000000018000e578     libcpmt:syserror.obj
 0002:00001598       ??_C@_0P@HCOMKFCC@too?5many?5links?$AA@ 000000018000e598     libcpmt:syserror.obj
 0002:000015a8       ??_C@_0BO@EFGOJEF@too?5many?5symbolic?5link?5levels?$AA@ 000000018000e5a8     libcpmt:syserror.obj
 0002:000015c8       ??_C@_0BA@KGKGOOJA@value?5too?5large?$AA@ 000000018000e5c8     libcpmt:syserror.obj
 0002:000015d8       ??_C@_0BE@MIEJDDNH@wrong?5protocol?5type?$AA@ 000000018000e5d8     libcpmt:syserror.obj
 0002:000015ec       ??_C@_06MEIMCGCF@_hypot?$AA@ 000000018000e5ec     LIBCMT:hypot.obj
 0002:000015f8       _pDefaultRawDllMain        000000018000e5f8     LIBCMT:dllcrt0.obj
 0002:000015f8       _pRawDllMain               000000018000e5f8     LIBCMT:dllcrt0.obj
 0002:00001600       _FPinit                    000000018000e600     LIBCMT:fpinit.obj
 0002:00001618       ??_C@_1BI@BGOHAHKC@?$AAm?$AAs?$AAc?$AAo?$AAr?$AAe?$AAe?$AA?4?$AAd?$AAl?$AAl?$AA?$AA@ 000000018000e618     LIBCMT:crt0dat.obj
 0002:00001630       ??_C@_0P@MIGLKIOC@CorExitProcess?$AA@ 000000018000e630     LIBCMT:crt0dat.obj
 0002:00001660       ??_C@_1M@HPNHIDJI@?$AAj?$AAa?$AA?9?$AAJ?$AAP?$AA?$AA@ 000000018000e660     LIBCMT:mbctype.obj
 0002:00001670       ??_C@_1M@BIBDDEMK@?$AAz?$AAh?$AA?9?$AAC?$AAN?$AA?$AA@ 000000018000e670     LIBCMT:mbctype.obj
 0002:00001680       ??_C@_1M@JLOOOEGK@?$AAk?$AAo?$AA?9?$AAK?$AAR?$AA?$AA@ 000000018000e680     LIBCMT:mbctype.obj
 0002:00001690       ??_C@_1M@CLNBBOPM@?$AAz?$AAh?$AA?9?$AAT?$AAW?$AA?$AA@ 000000018000e690     LIBCMT:mbctype.obj
 0002:0000169c       ??_C@_03KOEHGMDN@Sun?$AA@  000000018000e69c     LIBCMT:nlsdata.obj
 0002:000016a0       ??_C@_03PDAGKDH@Mon?$AA@   000000018000e6a0     LIBCMT:nlsdata.obj
 0002:000016a4       ??_C@_03NAGEINEP@Tue?$AA@  000000018000e6a4     LIBCMT:nlsdata.obj
 0002:000016a8       ??_C@_03MHOMLAJA@Wed?$AA@  000000018000e6a8     LIBCMT:nlsdata.obj
 0002:000016ac       ??_C@_03IOFIKPDN@Thu?$AA@  000000018000e6ac     LIBCMT:nlsdata.obj
 0002:000016b0       ??_C@_03IDIOELNC@Fri?$AA@  000000018000e6b0     LIBCMT:nlsdata.obj
 0002:000016b4       ??_C@_03FEFJNEK@Sat?$AA@   000000018000e6b4     LIBCMT:nlsdata.obj
 0002:000016b8       ??_C@_06OOPIFAJ@Sunday?$AA@ 000000018000e6b8     LIBCMT:nlsdata.obj
 0002:000016c0       ??_C@_06JLEDEDGH@Monday?$AA@ 000000018000e6c0     LIBCMT:nlsdata.obj
 0002:000016c8       ??_C@_07BAAGCFCM@Tuesday?$AA@ 000000018000e6c8     LIBCMT:nlsdata.obj
 0002:000016d0       ??_C@_09DLIGFAKA@Wednesday?$AA@ 000000018000e6d0     LIBCMT:nlsdata.obj
 0002:000016e0       ??_C@_08HACCIKIA@Thursday?$AA@ 000000018000e6e0     LIBCMT:nlsdata.obj
 0002:000016ec       ??_C@_06JECMNKMI@Friday?$AA@ 000000018000e6ec     LIBCMT:nlsdata.obj
 0002:000016f8       ??_C@_08INBOOONO@Saturday?$AA@ 000000018000e6f8     LIBCMT:nlsdata.obj
 0002:00001704       ??_C@_03JIHJHPIE@Jan?$AA@  000000018000e704     LIBCMT:nlsdata.obj
 0002:00001708       ??_C@_03HJBDCHOM@Feb?$AA@  000000018000e708     LIBCMT:nlsdata.obj
 0002:0000170c       ??_C@_03ODNJBKGA@Mar?$AA@  000000018000e70c     LIBCMT:nlsdata.obj
 0002:00001710       ??_C@_03LEOLGMJP@Apr?$AA@  000000018000e710     LIBCMT:nlsdata.obj
 0002:00001714       ??_C@_03CNMDKL@May?$AA@    000000018000e714     LIBCMT:nlsdata.obj
 0002:00001718       ??_C@_03IDFGHECI@Jun?$AA@  000000018000e718     LIBCMT:nlsdata.obj
 0002:0000171c       ??_C@_03LBGABGKK@Jul?$AA@  000000018000e71c     LIBCMT:nlsdata.obj
 0002:00001720       ??_C@_03IFJFEIGA@Aug?$AA@  000000018000e720     LIBCMT:nlsdata.obj
 0002:00001724       ??_C@_03GGCAPAJC@Sep?$AA@  000000018000e724     LIBCMT:nlsdata.obj
 0002:00001728       ??_C@_03BMAOKBAD@Oct?$AA@  000000018000e728     LIBCMT:nlsdata.obj
 0002:0000172c       ??_C@_03JPJOFNIA@Nov?$AA@  000000018000e72c     LIBCMT:nlsdata.obj
 0002:00001730       ??_C@_03MKABNOCG@Dec?$AA@  000000018000e730     LIBCMT:nlsdata.obj
 0002:00001738       ??_C@_07CGJPFGJA@January?$AA@ 000000018000e738     LIBCMT:nlsdata.obj
 0002:00001740       ??_C@_08GNJGEPFN@February?$AA@ 000000018000e740     LIBCMT:nlsdata.obj
 0002:0000174c       ??_C@_05HPCKOFNC@March?$AA@ 000000018000e74c     LIBCMT:nlsdata.obj
 0002:00001754       ??_C@_05DMJDNLEJ@April?$AA@ 000000018000e754     LIBCMT:nlsdata.obj
 0002:0000175c       ??_C@_04CNLMGBGM@June?$AA@ 000000018000e75c     LIBCMT:nlsdata.obj
 0002:00001764       ??_C@_04MIEPOIFP@July?$AA@ 000000018000e764     LIBCMT:nlsdata.obj
 0002:0000176c       ??_C@_06LBBHFDDG@August?$AA@ 000000018000e76c     LIBCMT:nlsdata.obj
 0002:00001778       ??_C@_09BHHEALKD@September?$AA@ 000000018000e778     LIBCMT:nlsdata.obj
 0002:00001788       ??_C@_07JJNFCEND@October?$AA@ 000000018000e788     LIBCMT:nlsdata.obj
 0002:00001790       ??_C@_08HCHEGEOA@November?$AA@ 000000018000e790     LIBCMT:nlsdata.obj
 0002:000017a0       ??_C@_08EDHMEBNP@December?$AA@ 000000018000e7a0     LIBCMT:nlsdata.obj
 0002:000017ac       ??_C@_02DEDBPAFC@AM?$AA@   000000018000e7ac     LIBCMT:nlsdata.obj
 0002:000017b0       ??_C@_02CJNFDJBF@PM?$AA@   000000018000e7b0     LIBCMT:nlsdata.obj
 0002:000017b8       ??_C@_08BPBNCDIB@MM?1dd?1yy?$AA@ 000000018000e7b8     LIBCMT:nlsdata.obj
 0002:000017c8       ??_C@_0BE@CKGJFCPC@dddd?0?5MMMM?5dd?0?5yyyy?$AA@ 000000018000e7c8     LIBCMT:nlsdata.obj
 0002:000017e0       ??_C@_08JCCMCCIL@HH?3mm?3ss?$AA@ 000000018000e7e0     LIBCMT:nlsdata.obj
 0002:000017f0       ??_C@_17MBGCMIPB@?$AAS?$AAu?$AAn?$AA?$AA@ 000000018000e7f0     LIBCMT:nlsdata.obj
 0002:000017f8       ??_C@_17KBOMKBF@?$AAM?$AAo?$AAn?$AA?$AA@ 000000018000e7f8     LIBCMT:nlsdata.obj
 0002:00001800       ??_C@_17BMKGEGOJ@?$AAT?$AAu?$AAe?$AA?$AA@ 000000018000e800     LIBCMT:nlsdata.obj
 0002:00001808       ??_C@_17CJEDCEPE@?$AAW?$AAe?$AAd?$AA?$AA@ 000000018000e808     LIBCMT:nlsdata.obj
 0002:00001810       ??_C@_17PDPHAADD@?$AAT?$AAh?$AAu?$AA?$AA@ 000000018000e810     LIBCMT:nlsdata.obj
 0002:00001818       ??_C@_17HFOLPPLP@?$AAF?$AAr?$AAi?$AA?$AA@ 000000018000e818     LIBCMT:nlsdata.obj
 0002:00001820       ??_C@_17GGIBDPIH@?$AAS?$AAa?$AAt?$AA?$AA@ 000000018000e820     LIBCMT:nlsdata.obj
 0002:00001828       ??_C@_1O@IHNHDHPB@?$AAS?$AAu?$AAn?$AAd?$AAa?$AAy?$AA?$AA@ 000000018000e828     LIBCMT:nlsdata.obj
 0002:00001838       ??_C@_1O@MMNBFLIA@?$AAM?$AAo?$AAn?$AAd?$AAa?$AAy?$AA?$AA@ 000000018000e838     LIBCMT:nlsdata.obj
 0002:00001848       ??_C@_1BA@ENFBFFEK@?$AAT?$AAu?$AAe?$AAs?$AAd?$AAa?$AAy?$AA?$AA@ 000000018000e848     LIBCMT:nlsdata.obj
 0002:00001858       ??_C@_1BE@EBOGMDOH@?$AAW?$AAe?$AAd?$AAn?$AAe?$AAs?$AAd?$AAa?$AAy?$AA?$AA@ 000000018000e858     LIBCMT:nlsdata.obj
 0002:00001870       ??_C@_1BC@HHMNLIHE@?$AAT?$AAh?$AAu?$AAr?$AAs?$AAd?$AAa?$AAy?$AA?$AA@ 000000018000e870     LIBCMT:nlsdata.obj
 0002:00001888       ??_C@_1O@PDICJHAG@?$AAF?$AAr?$AAi?$AAd?$AAa?$AAy?$AA?$AA@ 000000018000e888     LIBCMT:nlsdata.obj
 0002:00001898       ??_C@_1BC@ENMNNPAJ@?$AAS?$AAa?$AAt?$AAu?$AAr?$AAd?$AAa?$AAy?$AA?$AA@ 000000018000e898     LIBCMT:nlsdata.obj
 0002:000018b0       ??_C@_17DKNBKCHM@?$AAJ?$AAa?$AAn?$AA?$AA@ 000000018000e8b0     LIBCMT:nlsdata.obj
 0002:000018b8       ??_C@_17LMDJEKJN@?$AAF?$AAe?$AAb?$AA?$AA@ 000000018000e8b8     LIBCMT:nlsdata.obj
 0002:000018c0       ??_C@_17CKNLEDEC@?$AAM?$AAa?$AAr?$AA?$AA@ 000000018000e8c0     LIBCMT:nlsdata.obj
 0002:000018c8       ??_C@_17LFPOIHDD@?$AAA?$AAp?$AAr?$AA?$AA@ 000000018000e8c8     LIBCMT:nlsdata.obj
 0002:000018d0       ??_C@_17PNNKMEED@?$AAM?$AAa?$AAy?$AA?$AA@ 000000018000e8d0     LIBCMT:nlsdata.obj
 0002:000018d8       ??_C@_17KCJGOCPB@?$AAJ?$AAu?$AAn?$AA?$AA@ 000000018000e8d8     LIBCMT:nlsdata.obj
 0002:000018e0       ??_C@_17IJPCKHK@?$AAJ?$AAu?$AAl?$AA?$AA@ 000000018000e8e0     LIBCMT:nlsdata.obj
 0002:000018e8       ??_C@_17ICPELBCN@?$AAA?$AAu?$AAg?$AA?$AA@ 000000018000e8e8     LIBCMT:nlsdata.obj
 0002:000018f0       ??_C@_17HCHCOKMG@?$AAS?$AAe?$AAp?$AA?$AA@ 000000018000e8f0     LIBCMT:nlsdata.obj
 0002:000018f8       ??_C@_17FNLKOI@?$AAO?$AAc?$AAt?$AA?$AA@ 000000018000e8f8     LIBCMT:nlsdata.obj
 0002:00001900       ??_C@_17BBDMLCIG@?$AAN?$AAo?$AAv?$AA?$AA@ 000000018000e900     LIBCMT:nlsdata.obj
 0002:00001908       ??_C@_17EGKACKIF@?$AAD?$AAe?$AAc?$AA?$AA@ 000000018000e908     LIBCMT:nlsdata.obj
 0002:00001910       ??_C@_1BA@EFMEIEBA@?$AAJ?$AAa?$AAn?$AAu?$AAa?$AAr?$AAy?$AA?$AA@ 000000018000e910     LIBCMT:nlsdata.obj
 0002:00001920       ??_C@_1BC@JGDDFFAM@?$AAF?$AAe?$AAb?$AAr?$AAu?$AAa?$AAr?$AAy?$AA?$AA@ 000000018000e920     LIBCMT:nlsdata.obj
 0002:00001938       ??_C@_1M@IKEENEDF@?$AAM?$AAa?$AAr?$AAc?$AAh?$AA?$AA@ 000000018000e938     LIBCMT:nlsdata.obj
 0002:00001948       ??_C@_1M@GJNLMHFD@?$AAA?$AAp?$AAr?$AAi?$AAl?$AA?$AA@ 000000018000e948     LIBCMT:nlsdata.obj
 0002:00001958       ??_C@_19EPFLPGAP@?$AAJ?$AAu?$AAn?$AAe?$AA?$AA@ 000000018000e958     LIBCMT:nlsdata.obj
 0002:00001968       ??_C@_19BIFMLPCD@?$AAJ?$AAu?$AAl?$AAy?$AA?$AA@ 000000018000e968     LIBCMT:nlsdata.obj
 0002:00001978       ??_C@_1O@PAHLKOAC@?$AAA?$AAu?$AAg?$AAu?$AAs?$AAt?$AA?$AA@ 000000018000e978     LIBCMT:nlsdata.obj
 0002:00001988       ??_C@_1BE@DKAAMBJL@?$AAS?$AAe?$AAp?$AAt?$AAe?$AAm?$AAb?$AAe?$AAr?$AA?$AA@ 000000018000e988     LIBCMT:nlsdata.obj
 0002:000019a0       ??_C@_1BA@EPANDLNG@?$AAO?$AAc?$AAt?$AAo?$AAb?$AAe?$AAr?$AA?$AA@ 000000018000e9a0     LIBCMT:nlsdata.obj
 0002:000019b0       ??_C@_1BC@BGLIFPF@?$AAN?$AAo?$AAv?$AAe?$AAm?$AAb?$AAe?$AAr?$AA?$AA@ 000000018000e9b0     LIBCMT:nlsdata.obj
 0002:000019c8       ??_C@_1BC@FEMKIFH@?$AAD?$AAe?$AAc?$AAe?$AAm?$AAb?$AAe?$AAr?$AA?$AA@ 000000018000e9c8     LIBCMT:nlsdata.obj
 0002:000019dc       ??_C@_15ODEHAHHF@?$AAA?$AAM?$AA?$AA@ 000000018000e9dc     LIBCMT:nlsdata.obj
 0002:000019e4       ??_C@_15CLMNNGEL@?$AAP?$AAM?$AA?$AA@ 000000018000e9e4     LIBCMT:nlsdata.obj
 0002:000019f0       ??_C@_1BC@IEBCMHCM@?$AAM?$AAM?$AA?1?$AAd?$AAd?$AA?1?$AAy?$AAy?$AA?$AA@ 000000018000e9f0     LIBCMT:nlsdata.obj
 0002:00001a08       ??_C@_1CI@KNAKOEBC@?$AAd?$AAd?$AAd?$AAd?$AA?0?$AA?5?$AAM?$AAM?$AAM?$AAM?$AA?5?$AAd?$AAd?$AA?0?$AA?5?$AAy?$AAy?$AAy?$AAy?$AA?$AA@ 000000018000ea08     LIBCMT:nlsdata.obj
 0002:00001a30       ??_C@_1BC@GDGBMEMK@?$AAH?$AAH?$AA?3?$AAm?$AAm?$AA?3?$AAs?$AAs?$AA?$AA@ 000000018000ea30     LIBCMT:nlsdata.obj
 0002:00001a48       ??_C@_1M@BMHNFIME@?$AAe?$AAn?$AA?9?$AAU?$AAS?$AA?$AA@ 000000018000ea48     LIBCMT:nlsdata.obj
 0002:00001ae0       _XcptActTab                000000018000eae0     LIBCMT:winxfltr.obj
 0002:00001ba0       _XcptActTabCount           000000018000eba0     LIBCMT:winxfltr.obj
 0002:00001ba4       _XcptActTabSize            000000018000eba4     LIBCMT:winxfltr.obj
 0002:00001ba8       _First_FPE_Indx            000000018000eba8     LIBCMT:winxfltr.obj
 0002:00001bac       _Num_FPE                   000000018000ebac     LIBCMT:winxfltr.obj
 0002:00001bb0       ??_C@_1BK@MGMFAEKH@?$AAk?$AAe?$AAr?$AAn?$AAe?$AAl?$AA3?$AA2?$AA?4?$AAd?$AAl?$AAl?$AA?$AA@ 000000018000ebb0     LIBCMT:winapisupp.obj
 0002:00001bd0       ??_C@_08KNHFBNJ@FlsAlloc?$AA@ 000000018000ebd0     LIBCMT:winapisupp.obj
 0002:00001be0       ??_C@_07PEJMOBNF@FlsFree?$AA@ 000000018000ebe0     LIBCMT:winapisupp.obj
 0002:00001be8       ??_C@_0M@GDNOONDI@FlsGetValue?$AA@ 000000018000ebe8     LIBCMT:winapisupp.obj
 0002:00001bf8       ??_C@_0M@JCPCPOEF@FlsSetValue?$AA@ 000000018000ebf8     LIBCMT:winapisupp.obj
 0002:00001c08       ??_C@_0BM@HCFOFFN@InitializeCriticalSectionEx?$AA@ 000000018000ec08     LIBCMT:winapisupp.obj
 0002:00001c28       ??_C@_0P@DLHPPCNH@CreateEventExW?$AA@ 000000018000ec28     LIBCMT:winapisupp.obj
 0002:00001c38       ??_C@_0BD@KIEEOEEH@CreateSemaphoreExW?$AA@ 000000018000ec38     LIBCMT:winapisupp.obj
 0002:00001c50       ??_C@_0BI@BKLFFAPO@SetThreadStackGuarantee?$AA@ 000000018000ec50     LIBCMT:winapisupp.obj
 0002:00001c68       ??_C@_0BG@OGFAJCKC@CreateThreadpoolTimer?$AA@ 000000018000ec68     LIBCMT:winapisupp.obj
 0002:00001c80       ??_C@_0BD@LPLEMMDI@SetThreadpoolTimer?$AA@ 000000018000ec80     LIBCMT:winapisupp.obj
 0002:00001c98       ??_C@_0CA@FMNJENH@WaitForThreadpoolTimerCallbacks?$AA@ 000000018000ec98     LIBCMT:winapisupp.obj
 0002:00001cb8       ??_C@_0BF@DCFCCNOC@CloseThreadpoolTimer?$AA@ 000000018000ecb8     LIBCMT:winapisupp.obj
 0002:00001cd0       ??_C@_0BF@FLABGKKM@CreateThreadpoolWait?$AA@ 000000018000ecd0     LIBCMT:winapisupp.obj
 0002:00001ce8       ??_C@_0BC@MGCOHNA@SetThreadpoolWait?$AA@ 000000018000ece8     LIBCMT:winapisupp.obj
 0002:00001d00       ??_C@_0BE@OCIOMIMP@CloseThreadpoolWait?$AA@ 000000018000ed00     LIBCMT:winapisupp.obj
 0002:00001d18       ??_C@_0BJ@LKGHFHBO@FlushProcessWriteBuffers?$AA@ 000000018000ed18     LIBCMT:winapisupp.obj
 0002:00001d38       ??_C@_0BP@KALKKPMO@FreeLibraryWhenCallbackReturns?$AA@ 000000018000ed38     LIBCMT:winapisupp.obj
 0002:00001d58       ??_C@_0BK@DFNBACLA@GetCurrentProcessorNumber?$AA@ 000000018000ed58     LIBCMT:winapisupp.obj
 0002:00001d78       ??_C@_0BP@KHGALBC@GetLogicalProcessorInformation?$AA@ 000000018000ed78     LIBCMT:winapisupp.obj
 0002:00001d98       ??_C@_0BE@FKKLLFLM@CreateSymbolicLinkW?$AA@ 000000018000ed98     LIBCMT:winapisupp.obj
 0002:00001db0       ??_C@_0BJ@OHNKDLIJ@SetDefaultDllDirectories?$AA@ 000000018000edb0     LIBCMT:winapisupp.obj
 0002:00001dd0       ??_C@_0BE@LJANKFHF@EnumSystemLocalesEx?$AA@ 000000018000edd0     LIBCMT:winapisupp.obj
 0002:00001de8       ??_C@_0BA@IHGNDAEB@CompareStringEx?$AA@ 000000018000ede8     LIBCMT:winapisupp.obj
 0002:00001df8       ??_C@_0BA@EPCJIIPD@GetDateFormatEx?$AA@ 000000018000edf8     LIBCMT:winapisupp.obj
 0002:00001e08       ??_C@_0BA@ONOKGCMP@GetLocaleInfoEx?$AA@ 000000018000ee08     LIBCMT:winapisupp.obj
 0002:00001e18       ??_C@_0BA@CIJJKCJJ@GetTimeFormatEx?$AA@ 000000018000ee18     LIBCMT:winapisupp.obj
 0002:00001e28       ??_C@_0BJ@PBCCBIPI@GetUserDefaultLocaleName?$AA@ 000000018000ee28     LIBCMT:winapisupp.obj
 0002:00001e48       ??_C@_0BC@CELBKLLA@IsValidLocaleName?$AA@ 000000018000ee48     LIBCMT:winapisupp.obj
 0002:00001e60       ??_C@_0O@KKBNKAPF@LCMapStringEx?$AA@ 000000018000ee60     LIBCMT:winapisupp.obj
 0002:00001e70       ??_C@_0BE@JOGNEJCI@GetCurrentPackageId?$AA@ 000000018000ee70     LIBCMT:winapisupp.obj
 0002:00001e88       ??_C@_0P@CDHHOHKP@GetTickCount64?$AA@ 000000018000ee88     LIBCMT:winapisupp.obj
 0002:00001e98       ??_C@_0BO@KPCLFDJJ@GetFileInformationByHandleExW?$AA@ 000000018000ee98     LIBCMT:winapisupp.obj
 0002:00001eb8       ??_C@_0BM@MHIDLABK@SetFileInformationByHandleW?$AA@ 000000018000eeb8     LIBCMT:winapisupp.obj
 0002:00001ed8       _pDestructExceptionObject  000000018000eed8     LIBCMT:frame.obj
 0002:00001ee0       ??_C@_05KLBDPFGC@e?$CL000?$AA@ 000000018000eee0     LIBCMT:cvt.obj
 0002:00001ee8       __real@0000000000000000    000000018000eee8     LIBCMT:cvt.obj
 0002:00002060       ??_C@_1FK@PGACCAFB@?$AAR?$AA6?$AA0?$AA0?$AA2?$AA?$AN?$AA?6?$AA?9?$AA?5?$AAf?$AAl?$AAo?$AAa?$AAt?$AAi?$AAn?$AAg?$AA?5?$AAp?$AAo?$AAi?$AAn?$AAt?$AA?5?$AAs?$AAu?$AAp?$AAp?$AAo?$AAr?$AAt?$AA?5@ 000000018000f060     LIBCMT:crt0msg.obj
 0002:000020c0       ??_C@_1FE@LLNEDJMD@?$AAR?$AA6?$AA0?$AA0?$AA8?$AA?$AN?$AA?6?$AA?9?$AA?5?$AAn?$AAo?$AAt?$AA?5?$AAe?$AAn?$AAo?$AAu?$AAg?$AAh?$AA?5?$AAs?$AAp?$AAa?$AAc?$AAe?$AA?5?$AAf?$AAo?$AAr?$AA?5?$AAa?$AAr@ 000000018000f0c0     LIBCMT:crt0msg.obj
 0002:00002120       ??_C@_1FI@HONFMGBI@?$AAR?$AA6?$AA0?$AA0?$AA9?$AA?$AN?$AA?6?$AA?9?$AA?5?$AAn?$AAo?$AAt?$AA?5?$AAe?$AAn?$AAo?$AAu?$AAg?$AAh?$AA?5?$AAs?$AAp?$AAa?$AAc?$AAe?$AA?5?$AAf?$AAo?$AAr?$AA?5?$AAe?$AAn@ 000000018000f120     LIBCMT:crt0msg.obj
 0002:00002180       ??_C@_1EG@BEHAGFJD@?$AAR?$AA6?$AA0?$AA1?$AA0?$AA?$AN?$AA?6?$AA?9?$AA?5?$AAa?$AAb?$AAo?$AAr?$AAt?$AA?$CI?$AA?$CJ?$AA?5?$AAh?$AAa?$AAs?$AA?5?$AAb?$AAe?$AAe?$AAn?$AA?5?$AAc?$AAa?$AAl?$AAl?$AAe?$AAd@ 000000018000f180     LIBCMT:crt0msg.obj
 0002:000021d0       ??_C@_1FI@LOGNIKDM@?$AAR?$AA6?$AA0?$AA1?$AA6?$AA?$AN?$AA?6?$AA?9?$AA?5?$AAn?$AAo?$AAt?$AA?5?$AAe?$AAn?$AAo?$AAu?$AAg?$AAh?$AA?5?$AAs?$AAp?$AAa?$AAc?$AAe?$AA?5?$AAf?$AAo?$AAr?$AA?5?$AAt?$AAh@ 000000018000f1d0     LIBCMT:crt0msg.obj
 0002:00002230       ??_C@_1FK@BEOGODMC@?$AAR?$AA6?$AA0?$AA1?$AA7?$AA?$AN?$AA?6?$AA?9?$AA?5?$AAu?$AAn?$AAe?$AAx?$AAp?$AAe?$AAc?$AAt?$AAe?$AAd?$AA?5?$AAm?$AAu?$AAl?$AAt?$AAi?$AAt?$AAh?$AAr?$AAe?$AAa?$AAd?$AA?5@ 000000018000f230     LIBCMT:crt0msg.obj
 0002:00002290       ??_C@_1EC@JIBHAOPH@?$AAR?$AA6?$AA0?$AA1?$AA8?$AA?$AN?$AA?6?$AA?9?$AA?5?$AAu?$AAn?$AAe?$AAx?$AAp?$AAe?$AAc?$AAt?$AAe?$AAd?$AA?5?$AAh?$AAe?$AAa?$AAp?$AA?5?$AAe?$AAr?$AAr?$AAo?$AAr?$AA?$AN?$AA?6@ 000000018000f290     LIBCMT:crt0msg.obj
 0002:000022e0       ??_C@_1FC@ECHBIFBC@?$AAR?$AA6?$AA0?$AA1?$AA9?$AA?$AN?$AA?6?$AA?9?$AA?5?$AAu?$AAn?$AAa?$AAb?$AAl?$AAe?$AA?5?$AAt?$AAo?$AA?5?$AAo?$AAp?$AAe?$AAn?$AA?5?$AAc?$AAo?$AAn?$AAs?$AAo?$AAl?$AAe?$AA?5@ 000000018000f2e0     LIBCMT:crt0msg.obj
 0002:00002340       ??_C@_1GK@FHCKBEFA@?$AAR?$AA6?$AA0?$AA2?$AA4?$AA?$AN?$AA?6?$AA?9?$AA?5?$AAn?$AAo?$AAt?$AA?5?$AAe?$AAn?$AAo?$AAu?$AAg?$AAh?$AA?5?$AAs?$AAp?$AAa?$AAc?$AAe?$AA?5?$AAf?$AAo?$AAr?$AA?5?$AA_?$AAo@ 000000018000f340     LIBCMT:crt0msg.obj
 0002:000023b0       ??_C@_1EM@MAADIHMB@?$AAR?$AA6?$AA0?$AA2?$AA5?$AA?$AN?$AA?6?$AA?9?$AA?5?$AAp?$AAu?$AAr?$AAe?$AA?5?$AAv?$AAi?$AAr?$AAt?$AAu?$AAa?$AAl?$AA?5?$AAf?$AAu?$AAn?$AAc?$AAt?$AAi?$AAo?$AAn?$AA?5?$AAc@ 000000018000f3b0     LIBCMT:crt0msg.obj
 0002:00002400       ??_C@_1GK@MCAAGJMO@?$AAR?$AA6?$AA0?$AA2?$AA6?$AA?$AN?$AA?6?$AA?9?$AA?5?$AAn?$AAo?$AAt?$AA?5?$AAe?$AAn?$AAo?$AAu?$AAg?$AAh?$AA?5?$AAs?$AAp?$AAa?$AAc?$AAe?$AA?5?$AAf?$AAo?$AAr?$AA?5?$AAs?$AAt@ 000000018000f400     LIBCMT:crt0msg.obj
 0002:00002470       ??_C@_1GK@MFGOKLAG@?$AAR?$AA6?$AA0?$AA2?$AA7?$AA?$AN?$AA?6?$AA?9?$AA?5?$AAn?$AAo?$AAt?$AA?5?$AAe?$AAn?$AAo?$AAu?$AAg?$AAh?$AA?5?$AAs?$AAp?$AAa?$AAc?$AAe?$AA?5?$AAf?$AAo?$AAr?$AA?5?$AAl?$AAo@ 000000018000f470     LIBCMT:crt0msg.obj
 0002:000024e0       ??_C@_1EK@HHFLMAOL@?$AAR?$AA6?$AA0?$AA2?$AA8?$AA?$AN?$AA?6?$AA?9?$AA?5?$AAu?$AAn?$AAa?$AAb?$AAl?$AAe?$AA?5?$AAt?$AAo?$AA?5?$AAi?$AAn?$AAi?$AAt?$AAi?$AAa?$AAl?$AAi?$AAz?$AAe?$AA?5?$AAh?$AAe@ 000000018000f4e0     LIBCMT:crt0msg.obj
 0002:00002530       ??_C@_1DO@BMFCDCD@?$AAR?$AA6?$AA0?$AA3?$AA0?$AA?$AN?$AA?6?$AA?9?$AA?5?$AAC?$AAR?$AAT?$AA?5?$AAn?$AAo?$AAt?$AA?5?$AAi?$AAn?$AAi?$AAt?$AAi?$AAa?$AAl?$AAi?$AAz?$AAe?$AAd?$AA?$AN?$AA?6?$AA?$AA@ 000000018000f530     LIBCMT:crt0msg.obj
 0002:00002570       ??_C@_1MG@ENCOOIDF@?$AAR?$AA6?$AA0?$AA3?$AA1?$AA?$AN?$AA?6?$AA?9?$AA?5?$AAA?$AAt?$AAt?$AAe?$AAm?$AAp?$AAt?$AA?5?$AAt?$AAo?$AA?5?$AAi?$AAn?$AAi?$AAt?$AAi?$AAa?$AAl?$AAi?$AAz?$AAe?$AA?5?$AAt@ 000000018000f570     LIBCMT:crt0msg.obj
 0002:00002640       ??_C@_1GG@GOPILAJP@?$AAR?$AA6?$AA0?$AA3?$AA2?$AA?$AN?$AA?6?$AA?9?$AA?5?$AAn?$AAo?$AAt?$AA?5?$AAe?$AAn?$AAo?$AAu?$AAg?$AAh?$AA?5?$AAs?$AAp?$AAa?$AAc?$AAe?$AA?5?$AAf?$AAo?$AAr?$AA?5?$AAl?$AAo@ 000000018000f640     LIBCMT:crt0msg.obj
 0002:000026b0       ??_C@_1BOO@KGEDBGAJ@?$AAR?$AA6?$AA0?$AA3?$AA3?$AA?$AN?$AA?6?$AA?9?$AA?5?$AAA?$AAt?$AAt?$AAe?$AAm?$AAp?$AAt?$AA?5?$AAt?$AAo?$AA?5?$AAu?$AAs?$AAe?$AA?5?$AAM?$AAS?$AAI?$AAL?$AA?5?$AAc?$AAo?$AAd@ 000000018000f6b0     LIBCMT:crt0msg.obj
 0002:000028a0       ??_C@_1GG@MKFPEKFO@?$AAR?$AA6?$AA0?$AA3?$AA4?$AA?$AN?$AA?6?$AA?9?$AA?5?$AAi?$AAn?$AAc?$AAo?$AAn?$AAs?$AAi?$AAs?$AAt?$AAe?$AAn?$AAt?$AA?5?$AAo?$AAn?$AAe?$AAx?$AAi?$AAt?$AA?5?$AAb?$AAe?$AAg@ 000000018000f8a0     LIBCMT:crt0msg.obj
 0002:00002908       ??_C@_1BO@BFCDCGC@?$AAD?$AAO?$AAM?$AAA?$AAI?$AAN?$AA?5?$AAe?$AAr?$AAr?$AAo?$AAr?$AA?$AN?$AA?6?$AA?$AA@ 000000018000f908     LIBCMT:crt0msg.obj
 0002:00002928       ??_C@_1BK@KMOMNAAI@?$AAS?$AAI?$AAN?$AAG?$AA?5?$AAe?$AAr?$AAr?$AAo?$AAr?$AA?$AN?$AA?6?$AA?$AA@ 000000018000f928     LIBCMT:crt0msg.obj
 0002:00002948       ??_C@_1BM@JBBEPPHI@?$AAT?$AAL?$AAO?$AAS?$AAS?$AA?5?$AAe?$AAr?$AAr?$AAo?$AAr?$AA?$AN?$AA?6?$AA?$AA@ 000000018000f948     LIBCMT:crt0msg.obj
 0002:00002964       ??_C@_15JNBOKNOG@?$AA?$AN?$AA?6?$AA?$AA@ 000000018000f964     LIBCMT:crt0msg.obj
 0002:00002970       ??_C@_1BO@BKOMIGKJ@?$AAr?$AAu?$AAn?$AAt?$AAi?$AAm?$AAe?$AA?5?$AAe?$AAr?$AAr?$AAo?$AAr?$AA?5?$AA?$AA@ 000000018000f970     LIBCMT:crt0msg.obj
 0002:00002990       ??_C@_1DE@JNGNBFGO@?$AAR?$AAu?$AAn?$AAt?$AAi?$AAm?$AAe?$AA?5?$AAE?$AAr?$AAr?$AAo?$AAr?$AA?$CB?$AA?6?$AA?6?$AAP?$AAr?$AAo?$AAg?$AAr?$AAa?$AAm?$AA?3?$AA?5?$AA?$AA@ 000000018000f990     LIBCMT:crt0msg.obj
 0002:000029c8       ??_C@_1CO@EAEJAADC@?$AA?$DM?$AAp?$AAr?$AAo?$AAg?$AAr?$AAa?$AAm?$AA?5?$AAn?$AAa?$AAm?$AAe?$AA?5?$AAu?$AAn?$AAk?$AAn?$AAo?$AAw?$AAn?$AA?$DO?$AA?$AA@ 000000018000f9c8     LIBCMT:crt0msg.obj
 0002:000029f8       ??_C@_17LGKOMLJ@?$AA?4?$AA?4?$AA?4?$AA?$AA@ 000000018000f9f8     LIBCMT:crt0msg.obj
 0002:00002a00       ??_C@_15IABLJNFO@?$AA?6?$AA?6?$AA?$AA@ 000000018000fa00     LIBCMT:crt0msg.obj
 0002:00002a10       ??_C@_1EK@MBDPDCGA@?$AAM?$AAi?$AAc?$AAr?$AAo?$AAs?$AAo?$AAf?$AAt?$AA?5?$AAV?$AAi?$AAs?$AAu?$AAa?$AAl?$AA?5?$AAC?$AA?$CL?$AA?$CL?$AA?5?$AAR?$AAu?$AAn?$AAt?$AAi?$AAm?$AAe?$AA?5?$AAL?$AAi?$AAb@ 000000018000fa10     LIBCMT:crt0msg.obj
 0002:00002a60       LcidToLocaleNameTable      000000018000fa60     LIBCMT:winapinls.obj
 0002:000038a0       LocaleNameToIndexTable     00000001800108a0     LIBCMT:winapinls.obj
 0002:000046e0       ??_C@_15EMKDOKLE@?$AAa?$AAr?$AA?$AA@ 00000001800116e0     LIBCMT:winapinls.obj
 0002:000046e8       ??_C@_15KNPADPLH@?$AAb?$AAg?$AA?$AA@ 00000001800116e8     LIBCMT:winapinls.obj
 0002:000046f0       ??_C@_15EDMHLDMO@?$AAc?$AAa?$AA?$AA@ 00000001800116f0     LIBCMT:winapinls.obj
 0002:000046f8       ??_C@_1O@BPEAJADD@?$AAz?$AAh?$AA?9?$AAC?$AAH?$AAS?$AA?$AA@ 00000001800116f8     LIBCMT:winapinls.obj
 0002:00004708       ??_C@_15LJNHCMNK@?$AAc?$AAs?$AA?$AA@ 0000000180011708     LIBCMT:winapinls.obj
 0002:00004710       ??_C@_15FOMCIDHG@?$AAd?$AAa?$AA?$AA@ 0000000180011710     LIBCMT:winapinls.obj
 0002:00004718       ??_C@_15NBKABECB@?$AAd?$AAe?$AA?$AA@ 0000000180011718     LIBCMT:winapinls.obj
 0002:00004720       ??_C@_15GHPEIIAO@?$AAe?$AAl?$AA?$AA@ 0000000180011720     LIBCMT:winapinls.obj
 0002:00004728       ??_C@_15MNPNEAIF@?$AAe?$AAn?$AA?$AA@ 0000000180011728     LIBCMT:winapinls.obj
 0002:00004730       ??_C@_15GPIOMPMH@?$AAe?$AAs?$AA?$AA@ 0000000180011730     LIBCMT:winapinls.obj
 0002:00004738       ??_C@_15NGLOAKJC@?$AAf?$AAi?$AA?$AA@ 0000000180011738     LIBCMT:winapinls.obj
 0002:00004740       ??_C@_15FBKGNKAM@?$AAf?$AAr?$AA?$AA@ 0000000180011740     LIBCMT:winapinls.obj
 0002:00004748       ??_C@_15KGGCNEFK@?$AAh?$AAe?$AA?$AA@ 0000000180011748     LIBCMT:winapinls.obj
 0002:00004750       ??_C@_15PGHLIDMF@?$AAh?$AAu?$AA?$AA@ 0000000180011750     LIBCMT:winapinls.obj
 0002:00004758       ??_C@_15BIEMAPLM@?$AAi?$AAs?$AA?$AA@ 0000000180011758     LIBCMT:winapinls.obj
 0002:00004760       ??_C@_15IFJLDHAF@?$AAi?$AAt?$AA?$AA@ 0000000180011760     LIBCMT:winapinls.obj
 0002:00004768       ??_C@_15GEMIOCAG@?$AAj?$AAa?$AA?$AA@ 0000000180011768     LIBCMT:winapinls.obj
 0002:00004770       ??_C@_15EPELEGJA@?$AAk?$AAo?$AA?$AA@ 0000000180011770     LIBCMT:winapinls.obj
 0002:00004778       ??_C@_15NDDHIMN@?$AAn?$AAl?$AA?$AA@ 0000000180011778     LIBCMT:winapinls.obj
 0002:00004780       ??_C@_15BPIGNHCD@?$AAn?$AAo?$AA?$AA@ 0000000180011780     LIBCMT:winapinls.obj
 0002:00004788       ??_C@_15DEOPBLCG@?$AAp?$AAl?$AA?$AA@ 0000000180011788     LIBCMT:winapinls.obj
 0002:00004790       ??_C@_15KBECGEFG@?$AAp?$AAt?$AA?$AA@ 0000000180011790     LIBCMT:winapinls.obj
 0002:00004798       ??_C@_15GLJCBFMD@?$AAr?$AAo?$AA?$AA@ 0000000180011798     LIBCMT:winapinls.obj
 0002:000047a0       ??_C@_15FEDGKCDI@?$AAr?$AAu?$AA?$AA@ 00000001800117a0     LIBCMT:winapinls.obj
 0002:000047a8       ??_C@_15GLKMLLHM@?$AAh?$AAr?$AA?$AA@ 00000001800117a8     LIBCMT:winapinls.obj
 0002:000047b0       ??_C@_15CPKMFBDB@?$AAs?$AAk?$AA?$AA@ 00000001800117b0     LIBCMT:winapinls.obj
 0002:000047b8       ??_C@_15BAAIOGMK@?$AAs?$AAq?$AA?$AA@ 00000001800117b8     LIBCMT:winapinls.obj
 0002:000047c0       ??_C@_15INNPNOHD@?$AAs?$AAv?$AA?$AA@ 00000001800117c0     LIBCMT:winapinls.obj
 0002:000047c8       ??_C@_15CABMMOGH@?$AAt?$AAh?$AA?$AA@ 00000001800117c8     LIBCMT:winapinls.obj
 0002:000047d0       ??_C@_15BPLIHJJM@?$AAt?$AAr?$AA?$AA@ 00000001800117d0     LIBCMT:winapinls.obj
 0002:000047d8       ??_C@_15NEOEKKDJ@?$AAu?$AAr?$AA?$AA@ 00000001800117d8     LIBCMT:winapinls.obj
 0002:000047e0       ??_C@_15NFICGAJK@?$AAi?$AAd?$AA?$AA@ 00000001800117e0     LIBCMT:winapinls.obj
 0002:000047e8       ??_C@_15PJPFLCCM@?$AAu?$AAk?$AA?$AA@ 00000001800117e8     LIBCMT:winapinls.obj
 0002:000047f0       ??_C@_15HPJPHDM@?$AAb?$AAe?$AA?$AA@ 00000001800117f0     LIBCMT:winapinls.obj
 0002:000047f8       ??_C@_15LCHLGJII@?$AAs?$AAl?$AA?$AA@ 00000001800117f8     LIBCMT:winapinls.obj
 0002:00004800       ??_C@_15PCFJPHHO@?$AAe?$AAt?$AA?$AA@ 0000000180011800     LIBCMT:winapinls.obj
 0002:00004808       ??_C@_15HPFPGODN@?$AAl?$AAv?$AA?$AA@ 0000000180011808     LIBCMT:winapinls.obj
 0002:00004810       ??_C@_15NFFGKGLG@?$AAl?$AAt?$AA?$AA@ 0000000180011810     LIBCMT:winapinls.obj
 0002:00004818       ??_C@_15BDAKCCHN@?$AAf?$AAa?$AA?$AA@ 0000000180011818     LIBCMT:winapinls.obj
 0002:00004820       ??_C@_15NFGIAIAJ@?$AAv?$AAi?$AA?$AA@ 0000000180011820     LIBCMT:winapinls.obj
 0002:00004828       ??_C@_15LMKNDMHN@?$AAh?$AAy?$AA?$AA@ 0000000180011828     LIBCMT:winapinls.obj
 0002:00004830       ??_C@_15IJBHMCFL@?$AAa?$AAz?$AA?$AA@ 0000000180011830     LIBCMT:winapinls.obj
 0002:00004838       ??_C@_15EKOFJABL@?$AAe?$AAu?$AA?$AA@ 0000000180011838     LIBCMT:winapinls.obj
 0002:00004840       ??_C@_15BGHADCNK@?$AAm?$AAk?$AA?$AA@ 0000000180011840     LIBCMT:winapinls.obj
 0002:00004848       ??_C@_15JDNICKHM@?$AAa?$AAf?$AA?$AA@ 0000000180011848     LIBCMT:winapinls.obj
 0002:00004850       ??_C@_15KPJEDBKD@?$AAk?$AAa?$AA?$AA@ 0000000180011850     LIBCMT:winapinls.obj
 0002:00004858       ??_C@_15PDNFFFEO@?$AAf?$AAo?$AA?$AA@ 0000000180011858     LIBCMT:winapinls.obj
 0002:00004860       ??_C@_15OMLEGLOC@?$AAh?$AAi?$AA?$AA@ 0000000180011860     LIBCMT:winapinls.obj
 0002:00004868       ??_C@_15IDNNENKK@?$AAm?$AAs?$AA?$AA@ 0000000180011868     LIBCMT:winapinls.obj
 0002:00004870       ??_C@_15MACJNBMH@?$AAk?$AAk?$AA?$AA@ 0000000180011870     LIBCMT:winapinls.obj
 0002:00004878       ??_C@_15DKDJEOND@?$AAk?$AAy?$AA?$AA@ 0000000180011878     LIBCMT:winapinls.obj
 0002:00004880       ??_C@_15DFGDLJBG@?$AAs?$AAw?$AA?$AA@ 0000000180011880     LIBCMT:winapinls.obj
 0002:00004888       ??_C@_15BBFAICNG@?$AAu?$AAz?$AA?$AA@ 0000000180011888     LIBCMT:winapinls.obj
 0002:00004890       ??_C@_15DKNDCGEA@?$AAt?$AAt?$AA?$AA@ 0000000180011890     LIBCMT:winapinls.obj
 0002:00004898       ??_C@_15MGIFMDPL@?$AAp?$AAa?$AA?$AA@ 0000000180011898     LIBCMT:winapinls.obj
 0002:000048a0       ??_C@_15HCNDBBA@?$AAg?$AAu?$AA?$AA@ 00000001800118a0     LIBCMT:winapinls.obj
 0002:000048a8       ??_C@_15FNBEIBON@?$AAt?$AAa?$AA?$AA@ 00000001800118a8     LIBCMT:winapinls.obj
 0002:000048b0       ??_C@_15NCHGBGLK@?$AAt?$AAe?$AA?$AA@ 00000001800118b0     LIBCMT:winapinls.obj
 0002:000048b8       ??_C@_15PHPHCBPF@?$AAk?$AAn?$AA?$AA@ 00000001800118b8     LIBCMT:winapinls.obj
 0002:000048c0       ??_C@_15DLGBCKMP@?$AAm?$AAr?$AA?$AA@ 00000001800118c0     LIBCMT:winapinls.obj
 0002:000048c8       ??_C@_15EABBLBFF@?$AAs?$AAa?$AA?$AA@ 00000001800118c8     LIBCMT:winapinls.obj
 0002:000048d0       ??_C@_15CBKOMCOI@?$AAm?$AAn?$AA?$AA@ 00000001800118d0     LIBCMT:winapinls.obj
 0002:000048d8       ??_C@_15CKDMCJAF@?$AAg?$AAl?$AA?$AA@ 00000001800118d8     LIBCMT:winapinls.obj
 0002:000048e0       ??_C@_17CNJFBPG@?$AAk?$AAo?$AAk?$AA?$AA@ 00000001800118e0     LIBCMT:winapinls.obj
 0002:000048e8       ??_C@_17FFBJICPL@?$AAs?$AAy?$AAr?$AA?$AA@ 00000001800118e8     LIBCMT:winapinls.obj
 0002:000048f0       ??_C@_17KPNDCPAF@?$AAd?$AAi?$AAv?$AA?$AA@ 00000001800118f0     LIBCMT:winapinls.obj
 0002:000048f8       ??_C@_11LOCGONAA@?$AA?$AA@ 00000001800118f8     LIBCMT:winapinls.obj
 0002:00004900       ??_C@_1M@OKAHONE@?$AAa?$AAr?$AA?9?$AAS?$AAA?$AA?$AA@ 0000000180011900     LIBCMT:winapinls.obj
 0002:00004910       ??_C@_1M@FFFIGIGK@?$AAb?$AAg?$AA?9?$AAB?$AAG?$AA?$AA@ 0000000180011910     LIBCMT:winapinls.obj
 0002:00004920       ??_C@_1M@BJNKEDC@?$AAc?$AAa?$AA?9?$AAE?$AAS?$AA?$AA@ 0000000180011920     LIBCMT:winapinls.obj
 0002:00004930       ??_C@_1M@IJJHFJHA@?$AAc?$AAs?$AA?9?$AAC?$AAZ?$AA?$AA@ 0000000180011930     LIBCMT:winapinls.obj
 0002:00004940       ??_C@_1M@CLPEOBGI@?$AAd?$AAa?$AA?9?$AAD?$AAK?$AA?$AA@ 0000000180011940     LIBCMT:winapinls.obj
 0002:00004950       ??_C@_1M@MCMADGCB@?$AAd?$AAe?$AA?9?$AAD?$AAE?$AA?$AA@ 0000000180011950     LIBCMT:winapinls.obj
 0002:00004960       ??_C@_1M@OOCKEMAM@?$AAe?$AAl?$AA?9?$AAG?$AAR?$AA?$AA@ 0000000180011960     LIBCMT:winapinls.obj
 0002:00004970       ??_C@_1M@DDNJFGID@?$AAf?$AAi?$AA?9?$AAF?$AAI?$AA?$AA@ 0000000180011970     LIBCMT:winapinls.obj
 0002:00004980       ??_C@_1M@GLIPPMAC@?$AAf?$AAr?$AA?9?$AAF?$AAR?$AA?$AA@ 0000000180011980     LIBCMT:winapinls.obj
 0002:00004990       ??_C@_1M@GFMCHPE@?$AAh?$AAe?$AA?9?$AAI?$AAL?$AA?$AA@ 0000000180011990     LIBCMT:winapinls.obj
 0002:000049a0       ??_C@_1M@MHLPGNKM@?$AAh?$AAu?$AA?9?$AAH?$AAU?$AA?$AA@ 00000001800119a0     LIBCMT:winapinls.obj
 0002:000049b0       ??_C@_1M@LPDDNNPN@?$AAi?$AAs?$AA?9?$AAI?$AAS?$AA?$AA@ 00000001800119b0     LIBCMT:winapinls.obj
 0002:000049c0       ??_C@_1M@MADIPODN@?$AAi?$AAt?$AA?9?$AAI?$AAT?$AA?$AA@ 00000001800119c0     LIBCMT:winapinls.obj
 0002:000049d0       ??_C@_1M@IHBJJGG@?$AAn?$AAl?$AA?9?$AAN?$AAL?$AA?$AA@ 00000001800119d0     LIBCMT:winapinls.obj
 0002:000049e0       ??_C@_1M@EANAGDL@?$AAn?$AAb?$AA?9?$AAN?$AAO?$AA?$AA@ 00000001800119e0     LIBCMT:winapinls.obj
 0002:000049f0       ??_C@_1M@NEIEMEGP@?$AAp?$AAl?$AA?9?$AAP?$AAL?$AA?$AA@ 00000001800119f0     LIBCMT:winapinls.obj
 0002:00004a00       ??_C@_1M@BOCFIGEP@?$AAp?$AAt?$AA?9?$AAB?$AAR?$AA?$AA@ 0000000180011a00     LIBCMT:winapinls.obj
 0002:00004a10       ??_C@_1M@IMPFOPBG@?$AAr?$AAo?$AA?9?$AAR?$AAO?$AA?$AA@ 0000000180011a10     LIBCMT:winapinls.obj
 0002:00004a20       ??_C@_1M@IDNNEJMM@?$AAr?$AAu?$AA?9?$AAR?$AAU?$AA?$AA@ 0000000180011a20     LIBCMT:winapinls.obj
 0002:00004a30       ??_C@_1M@LILEEOGM@?$AAh?$AAr?$AA?9?$AAH?$AAR?$AA?$AA@ 0000000180011a30     LIBCMT:winapinls.obj
 0002:00004a40       ??_C@_1M@FKIFEHPB@?$AAs?$AAk?$AA?9?$AAS?$AAK?$AA?$AA@ 0000000180011a40     LIBCMT:winapinls.obj
 0002:00004a50       ??_C@_1M@LJMAMNPJ@?$AAs?$AAq?$AA?9?$AAA?$AAL?$AA?$AA@ 0000000180011a50     LIBCMT:winapinls.obj
 0002:00004a60       ??_C@_1M@GIAKDKJK@?$AAs?$AAv?$AA?9?$AAS?$AAE?$AA?$AA@ 0000000180011a60     LIBCMT:winapinls.obj
 0002:00004a70       ??_C@_1M@MKJKIKCL@?$AAt?$AAh?$AA?9?$AAT?$AAH?$AA?$AA@ 0000000180011a70     LIBCMT:winapinls.obj
 0002:00004a80       ??_C@_1M@MFLCCMPB@?$AAt?$AAr?$AA?9?$AAT?$AAR?$AA?$AA@ 0000000180011a80     LIBCMT:winapinls.obj
 0002:00004a90       ??_C@_1M@OIJHDKJN@?$AAu?$AAr?$AA?9?$AAP?$AAK?$AA?$AA@ 0000000180011a90     LIBCMT:winapinls.obj
 0002:00004aa0       ??_C@_1M@LHIPCIEK@?$AAi?$AAd?$AA?9?$AAI?$AAD?$AA?$AA@ 0000000180011aa0     LIBCMT:winapinls.obj
 0002:00004ab0       ??_C@_1M@MFMOBGI@?$AAu?$AAk?$AA?9?$AAU?$AAA?$AA?$AA@ 0000000180011ab0     LIBCMT:winapinls.obj
 0002:00004ac0       ??_C@_1M@OBGLJIPL@?$AAb?$AAe?$AA?9?$AAB?$AAY?$AA?$AA@ 0000000180011ac0     LIBCMT:winapinls.obj
 0002:00004ad0       ??_C@_1M@BCFAJEAD@?$AAs?$AAl?$AA?9?$AAS?$AAI?$AA?$AA@ 0000000180011ad0     LIBCMT:winapinls.obj
 0002:00004ae0       ??_C@_1M@FKFFEDDN@?$AAe?$AAt?$AA?9?$AAE?$AAE?$AA?$AA@ 0000000180011ae0     LIBCMT:winapinls.obj
 0002:00004af0       ??_C@_1M@KGKKAACI@?$AAl?$AAv?$AA?9?$AAL?$AAV?$AA?$AA@ 0000000180011af0     LIBCMT:winapinls.obj
 0002:00004b00       ??_C@_1M@IFGBIJO@?$AAl?$AAt?$AA?9?$AAL?$AAT?$AA?$AA@ 0000000180011b00     LIBCMT:winapinls.obj
 0002:00004b10       ??_C@_1M@FGEAHEDM@?$AAf?$AAa?$AA?9?$AAI?$AAR?$AA?$AA@ 0000000180011b10     LIBCMT:winapinls.obj
 0002:00004b20       ??_C@_1M@KBMAIBFN@?$AAv?$AAi?$AA?9?$AAV?$AAN?$AA?$AA@ 0000000180011b20     LIBCMT:winapinls.obj
 0002:00004b30       ??_C@_1M@GPCBKDJK@?$AAh?$AAy?$AA?9?$AAA?$AAM?$AA?$AA@ 0000000180011b30     LIBCMT:winapinls.obj
 0002:00004b40       ??_C@_1BG@BECMDDJB@?$AAa?$AAz?$AA?9?$AAA?$AAZ?$AA?9?$AAL?$AAa?$AAt?$AAn?$AA?$AA@ 0000000180011b40     LIBCMT:winapinls.obj
 0002:00004b58       ??_C@_1M@MAOFCAEA@?$AAe?$AAu?$AA?9?$AAE?$AAS?$AA?$AA@ 0000000180011b58     LIBCMT:winapinls.obj
 0002:00004b68       ??_C@_1M@IGHABKPI@?$AAm?$AAk?$AA?9?$AAM?$AAK?$AA?$AA@ 0000000180011b68     LIBCMT:winapinls.obj
 0002:00004b78       ??_C@_1M@IAIGNEJG@?$AAt?$AAn?$AA?9?$AAZ?$AAA?$AA?$AA@ 0000000180011b78     LIBCMT:winapinls.obj
 0002:00004b88       ??_C@_1M@IIJCOJFA@?$AAx?$AAh?$AA?9?$AAZ?$AAA?$AA?$AA@ 0000000180011b88     LIBCMT:winapinls.obj
 0002:00004b98       ??_C@_1M@LGPJHNJH@?$AAz?$AAu?$AA?9?$AAZ?$AAA?$AA?$AA@ 0000000180011b98     LIBCMT:winapinls.obj
 0002:00004ba8       ??_C@_1M@HOKAOIO@?$AAa?$AAf?$AA?9?$AAZ?$AAA?$AA?$AA@ 0000000180011ba8     LIBCMT:winapinls.obj
 0002:00004bb8       ??_C@_1M@DPCLHLIE@?$AAk?$AAa?$AA?9?$AAG?$AAE?$AA?$AA@ 0000000180011bb8     LIBCMT:winapinls.obj
 0002:00004bc8       ??_C@_1M@BLKMHJBI@?$AAf?$AAo?$AA?9?$AAF?$AAO?$AA?$AA@ 0000000180011bc8     LIBCMT:winapinls.obj
 0002:00004bd8       ??_C@_1M@LGGJAPPB@?$AAh?$AAi?$AA?9?$AAI?$AAN?$AA?$AA@ 0000000180011bd8     LIBCMT:winapinls.obj
 0002:00004be8       ??_C@_1M@FIKPIHFE@?$AAm?$AAt?$AA?9?$AAM?$AAT?$AA?$AA@ 0000000180011be8     LIBCMT:winapinls.obj
 0002:00004bf8       ??_C@_1M@HEGGPBFA@?$AAs?$AAe?$AA?9?$AAN?$AAO?$AA?$AA@ 0000000180011bf8     LIBCMT:winapinls.obj
 0002:00004c08       ??_C@_1M@EIBJEEPA@?$AAm?$AAs?$AA?9?$AAM?$AAY?$AA?$AA@ 0000000180011c08     LIBCMT:winapinls.obj
 0002:00004c18       ??_C@_1M@FHLBGMPP@?$AAk?$AAk?$AA?9?$AAK?$AAZ?$AA?$AA@ 0000000180011c18     LIBCMT:winapinls.obj
 0002:00004c28       ??_C@_1M@NGJJLCGI@?$AAk?$AAy?$AA?9?$AAK?$AAG?$AA?$AA@ 0000000180011c28     LIBCMT:winapinls.obj
 0002:00004c38       ??_C@_1M@GIENNBFC@?$AAs?$AAw?$AA?9?$AAK?$AAE?$AA?$AA@ 0000000180011c38     LIBCMT:winapinls.obj
 0002:00004c48       ??_C@_1BG@NDGMJIMJ@?$AAu?$AAz?$AA?9?$AAU?$AAZ?$AA?9?$AAL?$AAa?$AAt?$AAn?$AA?$AA@ 0000000180011c48     LIBCMT:winapinls.obj
 0002:00004c60       ??_C@_1M@IDCCIHBC@?$AAt?$AAt?$AA?9?$AAR?$AAU?$AA?$AA@ 0000000180011c60     LIBCMT:winapinls.obj
 0002:00004c70       ??_C@_1M@LOICPMOJ@?$AAb?$AAn?$AA?9?$AAI?$AAN?$AA?$AA@ 0000000180011c70     LIBCMT:winapinls.obj
 0002:00004c80       ??_C@_1M@KPKKNEAH@?$AAp?$AAa?$AA?9?$AAI?$AAN?$AA?$AA@ 0000000180011c80     LIBCMT:winapinls.obj
 0002:00004c90       ??_C@_1M@PJGPPBOG@?$AAg?$AAu?$AA?9?$AAI?$AAN?$AA?$AA@ 0000000180011c90     LIBCMT:winapinls.obj
 0002:00004ca0       ??_C@_1M@KMKMOPHI@?$AAt?$AAa?$AA?9?$AAI?$AAN?$AA?$AA@ 0000000180011ca0     LIBCMT:winapinls.obj
 0002:00004cb0       ??_C@_1M@KFEHEPAC@?$AAt?$AAe?$AA?9?$AAI?$AAN?$AA?$AA@ 0000000180011cb0     LIBCMT:winapinls.obj
 0002:00004cc0       ??_C@_1M@CDCLMGHI@?$AAk?$AAn?$AA?9?$AAI?$AAN?$AA?$AA@ 0000000180011cc0     LIBCMT:winapinls.obj
 0002:00004cd0       ??_C@_1M@MIODLDKF@?$AAm?$AAl?$AA?9?$AAI?$AAN?$AA?$AA@ 0000000180011cd0     LIBCMT:winapinls.obj
 0002:00004ce0       ??_C@_1M@PBIEACPO@?$AAm?$AAr?$AA?9?$AAI?$AAN?$AA?$AA@ 0000000180011ce0     LIBCMT:winapinls.obj
 0002:00004cf0       ??_C@_1M@NIDEAGPH@?$AAs?$AAa?$AA?9?$AAI?$AAN?$AA?$AA@ 0000000180011cf0     LIBCMT:winapinls.obj
 0002:00004d00       ??_C@_1M@FHIHCBIO@?$AAm?$AAn?$AA?9?$AAM?$AAN?$AA?$AA@ 0000000180011d00     LIBCMT:winapinls.obj
 0002:00004d10       ??_C@_1M@JAIJPENP@?$AAc?$AAy?$AA?9?$AAG?$AAB?$AA?$AA@ 0000000180011d10     LIBCMT:winapinls.obj
 0002:00004d20       ??_C@_1M@PHGFBEPN@?$AAg?$AAl?$AA?9?$AAE?$AAS?$AA?$AA@ 0000000180011d20     LIBCMT:winapinls.obj
 0002:00004d30       ??_C@_1O@KPIPDNCP@?$AAk?$AAo?$AAk?$AA?9?$AAI?$AAN?$AA?$AA@ 0000000180011d30     LIBCMT:winapinls.obj
 0002:00004d40       ??_C@_1O@KNHJLDJA@?$AAs?$AAy?$AAr?$AA?9?$AAS?$AAY?$AA?$AA@ 0000000180011d40     LIBCMT:winapinls.obj
 0002:00004d50       ??_C@_1O@MKEKBLAH@?$AAd?$AAi?$AAv?$AA?9?$AAM?$AAV?$AA?$AA@ 0000000180011d50     LIBCMT:winapinls.obj
 0002:00004d60       ??_C@_1O@OHDCKDDF@?$AAq?$AAu?$AAz?$AA?9?$AAB?$AAO?$AA?$AA@ 0000000180011d60     LIBCMT:winapinls.obj
 0002:00004d70       ??_C@_1M@LEPJNLFD@?$AAn?$AAs?$AA?9?$AAZ?$AAA?$AA?$AA@ 0000000180011d70     LIBCMT:winapinls.obj
[...]
 0003:00002ac8       ctrlc_action               0000000180018ac8     LIBCMT:winsig.obj
 0003:00002ad0       ctrlbreak_action           0000000180018ad0     LIBCMT:winsig.obj
 0003:00002ad8       abort_action               0000000180018ad8     LIBCMT:winsig.obj
 0003:00002ae0       term_action                0000000180018ae0     LIBCMT:winsig.obj
 0003:00002ae8       ConsoleCtrlHandler_Installed 0000000180018ae8     LIBCMT:winsig.obj
 0003:00002af0       g_pfnRtlGenRandom          0000000180018af0     LIBCMT:rand_s.obj
 0003:00002b08       __crtCallProc              0000000180018b08     LIBCMT:winapinls.obj
 0003:00002b68       heap                       0000000180018b68     LIBCMT:undname.obj
 0003:00002b98       ?pfnMessageBox@?1??__crtMessageBoxW@@9@9 0000000180018b98     LIBCMT:crtmboxw.obj
 0003:00002ba0       ?pfnGetActiveWindow@?1??__crtMessageBoxW@@9@9 0000000180018ba0     LIBCMT:crtmboxw.obj
 0003:00002ba8       ?pfnGetLastActivePopup@?1??__crtMessageBoxW@@9@9 0000000180018ba8     LIBCMT:crtmboxw.obj
 0003:00002bb0       ?pfnGetProcessWindowStation@?1??__crtMessageBoxW@@9@9 0000000180018bb0     LIBCMT:crtmboxw.obj
 0003:00002bb8       ?pfnGetUserObjectInformation@?1??__crtMessageBoxW@@9@9 0000000180018bb8     LIBCMT:crtmboxw.obj
 0003:00002bf0       allocator_arg              0000000180018bf0     * CIL library *:* CIL module *
 0003:00002bf1       piecewise_construct        0000000180018bf1     * CIL library *:* CIL module *
 0004:00000000       $pdata$?FunctionCallbackWrapper@imp@Nan@@YAXAEBV?$FunctionCallbackInfo@VValue@v8@@@v8@@@Z 000000018001a000     * CIL library *:* CIL module *
 0004:0000000c       $pdata$?New@?$Factory@VFunctionTemplate@v8@@@imp@Nan@@SA?AV?$Local@VFunctionTemplate@v8@@@v8@@P6AXAEBV?$FunctionCallbackInfo@VValue@v8@@@3@@ZV?$Local@VValue@v8@@@5@V?$Local@VSignature@v8@@@5@@Z 000000018001a00c     * CIL library *:* CIL module *
 0004:00000018       $pdata$0$?New@?$Factory@VFunctionTemplate@v8@@@imp@Nan@@SA?AV?$Local@VFunctionTemplate@v8@@@v8@@P6AXAEBV?$FunctionCallbackInfo@VValue@v8@@@3@@ZV?$Local@VValue@v8@@@5@V?$Local@VSignature@v8@@@5@@Z 000000018001a018     * CIL library *:* CIL module *
 0004:00000024       $pdata$1$?New@?$Factory@VFunctionTemplate@v8@@@imp@Nan@@SA?AV?$Local@VFunctionTemplate@v8@@@v8@@P6AXAEBV?$FunctionCallbackInfo@VValue@v8@@@3@@ZV?$Local@VValue@v8@@@5@V?$Local@VSignature@v8@@@5@@Z 000000018001a024     * CIL library *:* CIL module *
 0004:00000030       $pdata$?ThrowTypeError@Nan@@YAXPEBD@Z 000000018001a030     * CIL library *:* CIL module *
 0004:0000003c       $pdata$?Substract@@YAXAEBV?$FunctionCallbackInfo@VValue@v8@@@Nan@@@Z 000000018001a03c     * CIL library *:* CIL module *
 0004:00000048       $pdata$0$?Substract@@YAXAEBV?$FunctionCallbackInfo@VValue@v8@@@Nan@@@Z 000000018001a048     * CIL library *:* CIL module *
 0004:00000054       $pdata$1$?Substract@@YAXAEBV?$FunctionCallbackInfo@VValue@v8@@@Nan@@@Z 000000018001a054     * CIL library *:* CIL module *
 0004:00000060       $pdata$?Init@@YAXV?$Local@VObject@v8@@@v8@@@Z 000000018001a060     * CIL library *:* CIL module *
 0004:0000006c       $pdata$?load_exe_hook@@YAP6A_JXZIPEAUDelayLoadInfo@@@Z 000000018001a06c     * CIL library *:* CIL module *
 0004:0000009c       $pdata$__onexitinit        000000018001a09c     LIBCMT:onexit.obj
 0004:000000a8       $pdata$_onexit             000000018001a0a8     LIBCMT:onexit.obj
 0004:000000b4       $pdata$atexit              000000018001a0b4     LIBCMT:onexit.obj
 0004:000000c0       $pdata$??0_LocaleUpdate@@QEAA@PEAUlocaleinfo_struct@@@Z 000000018001a0c0     LIBCMT:stricmp.obj
 0004:000000cc       $pdata$_stricmp            000000018001a0cc     LIBCMT:stricmp.obj
 0004:000000d8       $pdata$_stricmp_l          000000018001a0d8     LIBCMT:stricmp.obj
 0004:000000e4       $pdata$_CRT_INIT           000000018001a0e4     LIBCMT:dllcrt0.obj
 0004:000000f0       $pdata$_DllMainCRTStartup  000000018001a0f0     LIBCMT:dllcrt0.obj
 0004:000000fc       $pdata$__DllMainCRTStartup 000000018001a0fc     LIBCMT:dllcrt0.obj
 0004:00000114       $pdata$__raise_securityfailure 000000018001a114     LIBCMT:gs_report.obj
 0004:00000120       $pdata$__report_gsfailure  000000018001a120     LIBCMT:gs_report.obj
 0004:0000012c       $pdata$__isa_available_init 000000018001a12c     LIBCMT:cpu_disp.obj
 0004:00000138       $pdata$__crtCorExitProcess 000000018001a138     LIBCMT:crt0dat.obj
 0004:00000144       $pdata$__crtExitProcess    000000018001a144     LIBCMT:crt0dat.obj
 0004:00000150       $pdata$__freeCrtMemory     000000018001a150     LIBCMT:crt0dat.obj
 0004:0000015c       $pdata$_amsg_exit          000000018001a15c     LIBCMT:crt0dat.obj
 0004:00000168       $pdata$_cinit              000000018001a168     LIBCMT:crt0dat.obj
 0004:00000174       $pdata$_init_pointers      000000018001a174     LIBCMT:crt0dat.obj
 0004:00000180       $pdata$_initterm           000000018001a180     LIBCMT:crt0dat.obj
 0004:0000018c       $pdata$_initterm_e         000000018001a18c     LIBCMT:crt0dat.obj
 0004:00000198       $pdata$doexit              000000018001a198     LIBCMT:crt0dat.obj
 0004:000001a4       $pdata$_msize              000000018001a1a4     LIBCMT:msize.obj
 0004:000001b0       $pdata$_calloc_crt         000000018001a1b0     LIBCMT:crtheap.obj
 0004:000001bc       $pdata$_malloc_crt         000000018001a1bc     LIBCMT:crtheap.obj
 0004:000001c8       $pdata$_realloc_crt        000000018001a1c8     LIBCMT:crtheap.obj
 0004:000001d4       $pdata$__C_specific_handler 000000018001a1d4     LIBCMT:chandler.obj
 0004:000001e0       $pdata$abort               000000018001a1e0     LIBCMT:abort.obj
 0004:000001ec       $pdata$free                000000018001a1ec     LIBCMT:free.obj
 0004:000001f8       $pdata$malloc              000000018001a1f8     LIBCMT:malloc.obj
 0004:00000204       $pdata$_callnewh           000000018001a204     LIBCMT:handler.obj
 0004:00000210       $pdata$_call_reportfault   000000018001a210     LIBCMT:invarg.obj
 0004:0000021c       $pdata$_invalid_parameter  000000018001a21c     LIBCMT:invarg.obj
 0004:00000228       $pdata$_invalid_parameter_noinfo 000000018001a228     LIBCMT:invarg.obj
 0004:00000234       $pdata$_invoke_watson      000000018001a234     LIBCMT:invarg.obj
 0004:00000240       $pdata$__freetlocinfo      000000018001a240     LIBCMT:localref.obj
 0004:0000024c       $pdata$__updatetlocinfo    000000018001a24c     LIBCMT:localref.obj
 0004:00000258       $pdata$_updatetlocinfoEx_nolock 000000018001a258     LIBCMT:localref.obj
 0004:00000264       $pdata$__initmbctable      000000018001a264     LIBCMT:mbctype.obj
 0004:00000270       $pdata$?getSystemCP@@YAHH@Z 000000018001a270     LIBCMT:mbctype.obj
 0004:0000027c       $pdata$?setSBCS@@YAXPEAUthreadmbcinfostruct@@@Z 000000018001a27c     LIBCMT:mbctype.obj
 0004:00000288       $pdata$?setSBUpLow@@YAXPEAUthreadmbcinfostruct@@@Z 000000018001a288     LIBCMT:mbctype.obj
 0004:00000294       $pdata$__updatetmbcinfo    000000018001a294     LIBCMT:mbctype.obj
 0004:000002a0       $pdata$_setmbcp            000000018001a2a0     LIBCMT:mbctype.obj
 0004:000002ac       $pdata$_setmbcp_nolock     000000018001a2ac     LIBCMT:mbctype.obj
 0004:000002b8       $pdata$_tolower_l          000000018001a2b8     LIBCMT:tolower.obj
 0004:000002c4       $pdata$_freefls            000000018001a2c4     LIBCMT:tidtable.obj
 0004:000002d0       $pdata$_freeptd            000000018001a2d0     LIBCMT:tidtable.obj
 0004:000002dc       $pdata$_getptd             000000018001a2dc     LIBCMT:tidtable.obj
 0004:000002e8       $pdata$_getptd_noexit      000000018001a2e8     LIBCMT:tidtable.obj
 0004:000002f4       $pdata$_initptd            000000018001a2f4     LIBCMT:tidtable.obj
 0004:00000300       $pdata$_mtinit             000000018001a300     LIBCMT:tidtable.obj
 0004:0000030c       $pdata$_mtterm             000000018001a30c     LIBCMT:tidtable.obj
 0004:00000318       $pdata$__doserrno          000000018001a318     LIBCMT:dosmap.obj
 0004:00000324       $pdata$_dosmaperr          000000018001a324     LIBCMT:dosmap.obj
 0004:00000330       $pdata$_errno              000000018001a330     LIBCMT:dosmap.obj
 0004:0000033c       $pdata$_locterm            000000018001a33c     LIBCMT:wsetloca.obj
 0004:00000348       $pdata$_XcptFilter         000000018001a348     LIBCMT:winxfltr.obj
 0004:00000354       $pdata$_heap_init          000000018001a354     LIBCMT:heapinit.obj
 0004:00000360       $pdata$_ioinit             000000018001a360     LIBCMT:ioinit.obj
 0004:0000036c       $pdata$_ioterm             000000018001a36c     LIBCMT:ioinit.obj
 0004:00000378       $pdata$_setargv            000000018001a378     LIBCMT:stdargv.obj
 0004:00000384       $pdata$parse_cmdline       000000018001a384     LIBCMT:stdargv.obj
 0004:00000390       $pdata$_setenvp            000000018001a390     LIBCMT:stdenvp.obj
 0004:0000039c       $pdata$__security_init_cookie 000000018001a39c     LIBCMT:gs_support.obj
 0004:000003a8       $pdata$__crtGetEnvironmentStringsA 000000018001a3a8     LIBCMT:a_env.obj
 0004:000003b4       $pdata$__crtCaptureCurrentContext 000000018001a3b4     LIBCMT:winapisupp.obj
 0004:000003c0       $pdata$__crtCapturePreviousContext 000000018001a3c0     LIBCMT:winapisupp.obj
 0004:000003cc       $pdata$__crtInitializeCriticalSectionEx 000000018001a3cc     LIBCMT:winapisupp.obj
 0004:000003d8       $pdata$__crtIsPackagedApp  000000018001a3d8     LIBCMT:winapisupp.obj
 0004:000003e4       $pdata$__crtLoadWinApiPointers 000000018001a3e4     LIBCMT:winapisupp.obj
 0004:000003f0       $pdata$__crtTerminateProcess 000000018001a3f0     LIBCMT:winapisupp.obj
 0004:000003fc       $pdata$__crtUnhandledException 000000018001a3fc     LIBCMT:winapisupp.obj
 0004:00000408       $pdata$_RTC_Initialize     000000018001a408     LIBCMT:initsect.obj
 0004:00000414       $pdata$_RTC_Terminate      000000018001a414     LIBCMT:initsect.obj
 0004:00000420       $pdata$__DestructExceptionObject 000000018001a420     LIBCMT:frame.obj
 0004:0000042c       $pdata$?terminate@@YAXXZ   000000018001a42c     LIBCMT:hooks.obj
 0004:00000438       $pdata$_initp_eh_hooks     000000018001a438     LIBCMT:hooks.obj
 0004:00000444       $pdata$__GSHandlerCheck    000000018001a444     LIBCMT:gshandler.obj
 0004:00000450       $pdata$__GSHandlerCheckCommon 000000018001a450     LIBCMT:gshandler.obj
 0004:00000468       $pdata$_cfltcvt            000000018001a468     LIBCMT:cvt.obj
 0004:00000474       $pdata$_cfltcvt_l          000000018001a474     LIBCMT:cvt.obj
 0004:00000480       $pdata$_cftoa_l            000000018001a480     LIBCMT:cvt.obj
 0004:0000048c       $pdata$_cftoe2_l           000000018001a48c     LIBCMT:cvt.obj
 0004:00000498       $pdata$_cftoe_l            000000018001a498     LIBCMT:cvt.obj
 0004:000004a4       $pdata$_cftof2_l           000000018001a4a4     LIBCMT:cvt.obj
 0004:000004b0       $pdata$_cftof_l            000000018001a4b0     LIBCMT:cvt.obj
 0004:000004bc       $pdata$_cftog_l            000000018001a4bc     LIBCMT:cvt.obj
 0004:000004c8       $pdata$_cropzeros_l        000000018001a4c8     LIBCMT:cvt.obj
 0004:000004d4       $pdata$_fassign_l          000000018001a4d4     LIBCMT:cvt.obj
 0004:000004e0       $pdata$_forcdecpt_l        000000018001a4e0     LIBCMT:cvt.obj
 0004:000004ec       $pdata$_initp_misc_cfltcvt_tab 000000018001a4ec     LIBCMT:cmiscdat.obj
 0004:000004f8       $pdata$strcpy_s            000000018001a4f8     LIBCMT:strcpy_s.obj
 0004:00000504       $pdata$_lock               000000018001a504     LIBCMT:mlock.obj
 0004:00000510       $pdata$_mtdeletelocks      000000018001a510     LIBCMT:mlock.obj
 0004:0000051c       $pdata$_mtinitlocknum      000000018001a51c     LIBCMT:mlock.obj
 0004:00000528       $pdata$_mtinitlocks        000000018001a528     LIBCMT:mlock.obj
 0004:00000534       $pdata$_FF_MSGBANNER       000000018001a534     LIBCMT:crt0msg.obj
 0004:00000540       $pdata$_NMSG_WRITE         000000018001a540     LIBCMT:crt0msg.obj
 0004:0000054c       $pdata$_IsNonwritableInCurrentImage 000000018001a54c     LIBCMT:pesect.obj
 0004:00000558       $pdata$raise               000000018001a558     LIBCMT:winsig.obj
 0004:00000564       $pdata$realloc             000000018001a564     LIBCMT:realloc.obj
 0004:00000570       $pdata$_calloc_impl        000000018001a570     LIBCMT:calloc_impl.obj
 0004:000005ac       $pdata$GetTableIndexFromLocaleName 000000018001a5ac     LIBCMT:winapinls.obj
 0004:000005b8       $pdata$__crtDownlevelLocaleNameToLCID 000000018001a5b8     LIBCMT:winapinls.obj
 0004:000005c4       $pdata$__crtLCMapStringEx  000000018001a5c4     LIBCMT:winapinls.obj
 0004:000005e8       $pdata$__free_lconv_mon    000000018001a5e8     LIBCMT:initmon.obj
 0004:000005f4       $pdata$__free_lconv_num    000000018001a5f4     LIBCMT:initnum.obj
 0004:00000600       $pdata$__free_lc_time      000000018001a600     LIBCMT:inittime.obj
 0004:0000060c       $pdata$?__crtLCMapStringA_stat@@YAHPEAUlocaleinfo_struct@@PEB_WKPEBDHPEADHHH@Z 000000018001a60c     LIBCMT:a_map.obj
 0004:00000618       $pdata$__crtLCMapStringA   000000018001a618     LIBCMT:a_map.obj
 0004:00000624       $pdata$?__crtGetStringTypeA_stat@@YAHPEAUlocaleinfo_struct@@KPEBDHPEAGHH@Z 000000018001a624     LIBCMT:a_str.obj
 0004:00000630       $pdata$__crtGetStringTypeA 000000018001a630     LIBCMT:a_str.obj
 0004:0000063c       $pdata$_isctype_l          000000018001a63c     LIBCMT:isctype.obj
 0004:00000648       $pdata$_isleadbyte_l       000000018001a648     LIBCMT:_wctype.obj
 0004:00000654       $pdata$isleadbyte          000000018001a654     LIBCMT:_wctype.obj
 0004:0000066c       $pdata$wcscat_s            000000018001a66c     LIBCMT:wcscat_s.obj
 0004:00000678       $pdata$wcscpy_s            000000018001a678     LIBCMT:wcscpy_s.obj
 0004:00000684       $pdata$wcsncpy_s           000000018001a684     LIBCMT:wcsncpy_s.obj
 0004:00000690       $pdata$__initstdio         000000018001a690     LIBCMT:_file.obj
 0004:0000069c       $pdata$__endstdio          000000018001a69c     LIBCMT:_file.obj
 0004:000006a8       $pdata$_lock_file          000000018001a6a8     LIBCMT:_file.obj
 0004:000006b4       $pdata$_lock_file2         000000018001a6b4     LIBCMT:_file.obj
 0004:000006c0       $pdata$?x_ismbbtype_l@@YAHPEAUlocaleinfo_struct@@IHH@Z 000000018001a6c0     LIBCMT:ismbbyte.obj
 0004:000006d8       $pdata$isdigit             000000018001a6d8     LIBCMT:_ctype.obj
 0004:000006e4       $pdata$strrchr             000000018001a6e4     LIBCMT:strrchr.obj
 0004:000006f0       $pdata$_fptostr            000000018001a6f0     LIBCMT:_fptostr.obj
 0004:000006fc       $pdata$__crt_atoflt_l      000000018001a6fc     LIBCMT:atodbl.obj
 0004:00000708       $pdata$_atodbl_l           000000018001a708     LIBCMT:atodbl.obj
 0004:00000714       $pdata$__dtold             000000018001a714     LIBCMT:cfout.obj
 0004:00000720       $pdata$_fltout2            000000018001a720     LIBCMT:cfout.obj
 0004:0000072c       $pdata$_set_error_mode     000000018001a72c     LIBCMT:errmode.obj
 0004:00000738       $pdata$__crtMessageBoxW    000000018001a738     LIBCMT:crtmboxw.obj
 0004:00000744       $pdata$_fileno             000000018001a744     LIBCMT:fileno.obj
 0004:00000750       $pdata$_isatty             000000018001a750     LIBCMT:isatty.obj
 0004:0000075c       $pdata$_fflush_nolock      000000018001a75c     LIBCMT:fflush.obj
 0004:00000768       $pdata$_flush              000000018001a768     LIBCMT:fflush.obj
 0004:00000774       $pdata$flsall              000000018001a774     LIBCMT:fflush.obj
 0004:0000078c       $pdata$_fcloseall          000000018001a78c     LIBCMT:closeall.obj
 0004:00000798       $pdata$_ld12tod            000000018001a798     LIBCMT:intrncvt.obj
 0004:000007a4       $pdata$_ld12tof            000000018001a7a4     LIBCMT:intrncvt.obj
 0004:000007b0       $pdata$__strgtold12_l      000000018001a7b0     LIBCMT:strgtold.obj
 0004:000007bc       $pdata$$I10_OUTPUT         000000018001a7bc     LIBCMT:x10fout.obj
 0004:000007c8       $pdata$_commit             000000018001a7c8     LIBCMT:commit.obj
 0004:000007d4       $pdata$_write              000000018001a7d4     LIBCMT:write.obj
 0004:000007e0       $pdata$_write_nolock       000000018001a7e0     LIBCMT:write.obj
 0004:000007ec       $pdata$_fclose_nolock      000000018001a7ec     LIBCMT:fclose.obj
 0004:000007f8       $pdata$fclose              000000018001a7f8     LIBCMT:fclose.obj
 0004:00000804       $pdata$__mtold12           000000018001a804     LIBCMT:mantold.obj
 0004:00000810       $pdata$__lock_fhandle      000000018001a810     LIBCMT:osfinfo.obj
 0004:0000081c       $pdata$_free_osfhnd        000000018001a81c     LIBCMT:osfinfo.obj
 0004:00000828       $pdata$_get_osfhandle      000000018001a828     LIBCMT:osfinfo.obj
 0004:00000834       $pdata$_lseeki64_nolock    000000018001a834     LIBCMT:lseeki64.obj
 0004:00000840       $pdata$_mbtowc_l           000000018001a840     LIBCMT:mbtowc.obj
 0004:0000084c       $pdata$_putwch_nolock      000000018001a84c     LIBCMT:putwch.obj
 0004:00000858       $pdata$_close              000000018001a858     LIBCMT:close.obj
 0004:00000864       $pdata$_close_nolock       000000018001a864     LIBCMT:close.obj
 0004:00000870       $pdata$_freebuf            000000018001a870     LIBCMT:_freebuf.obj
 0004:0000087c       $pdata$__termconout        000000018001a87c     LIBCMT:initcon.obj
 0004:00000888       $pdata$__initconout        000000018001a888     LIBCMT:initcon.obj
 0004:00000894       $pdata$__delayLoadHelper2  000000018001a894     DelayImp:delayhlp.obj
 0004:000008a0       $pdata$_onexit$fin$0       000000018001a8a0     LIBCMT:onexit.obj
 0004:000008ac       $pdata$_CRT_INIT$fin$0     000000018001a8ac     LIBCMT:dllcrt0.obj
 0004:000008b8       $pdata$__DllMainCRTStartup$filt$0 000000018001a8b8     LIBCMT:dllcrt0.obj
 0004:000008c4       $pdata$doexit$fin$0        000000018001a8c4     LIBCMT:crt0dat.obj
 0004:000008d0       $pdata$_setmbcp$fin$0      000000018001a8d0     LIBCMT:mbctype.obj
 0004:000008d0       $pdata$__updatetmbcinfo$fin$0 000000018001a8d0     LIBCMT:mbctype.obj
 0004:000008dc       $pdata$_initptd$fin$1      000000018001a8dc     LIBCMT:tidtable.obj
 0004:000008dc       $pdata$_freefls$fin$1      000000018001a8dc     LIBCMT:tidtable.obj
 0004:000008e8       $pdata$_initptd$fin$0      000000018001a8e8     LIBCMT:tidtable.obj
 0004:000008e8       $pdata$_freefls$fin$0      000000018001a8e8     LIBCMT:tidtable.obj
 0004:000008f4       $pdata$__updatetlocinfo$fin$0 000000018001a8f4     LIBCMT:wsetloca.obj
 0004:000008f4       $pdata$_locterm$fin$0      000000018001a8f4     LIBCMT:wsetloca.obj
 0004:00000900       $pdata$_ioinit$fin$0       000000018001a900     LIBCMT:ioinit.obj
 0004:0000090c       $pdata$__DestructExceptionObject$filt$0 000000018001a90c     LIBCMT:frame.obj
 0004:00000918       $pdata$_mtinitlocknum$fin$0 000000018001a918     LIBCMT:mlock.obj
 0004:00000924       $pdata$_IsNonwritableInCurrentImage$filt$0 000000018001a924     LIBCMT:pesect.obj
 0004:00000930       $pdata$raise$fin$0         000000018001a930     LIBCMT:winsig.obj
 0004:0000093c       $pdata$flsall$fin$0        000000018001a93c     LIBCMT:fflush.obj
 0004:00000948       $pdata$flsall$fin$1        000000018001a948     LIBCMT:fflush.obj
 0004:00000954       $pdata$_fcloseall$fin$0    000000018001a954     LIBCMT:closeall.obj
 0004:00000960       $pdata$_write$fin$0        000000018001a960     LIBCMT:write.obj
 0004:0000096c       $pdata$fclose$fin$0        000000018001a96c     LIBCMT:fclose.obj
 0004:00000978       $pdata$__lock_fhandle$fin$0 000000018001a978     LIBCMT:osfinfo.obj
 0004:00000984       $pdata$_commit$fin$0       000000018001a984     LIBCMT:close.obj
 0004:00000984       $pdata$_close$fin$0        000000018001a984     LIBCMT:close.obj
 0005:00000060       $R000000                   000000018001b060     * linker generated manifest res *

 Exports

  ordinal    name

        1    _register_addon_
